<html>
<body>
<pre>
<h1>µVision Build Log</h1>
<h2>Tool Versions:</h2>
IDE-Version: £gVision V5.24.2.0
Copyright (C) 2017 ARM Ltd and ARM Germany GmbH. All rights reserved.
License Information: Steven Chiu, National Chiao Tung University, LIC=----
 
Tool Versions:
Toolchain:       MDK-Lite  Version: 5.24.1
Toolchain Path:  C:\Keil_v5\ARM\ARMCC\Bin
C Compiler:      Armcc.exe V5.06 update 5 (build 528)
Assembler:       Armasm.exe V5.06 update 5 (build 528)
Linker/Locator:  ArmLink.exe V5.06 update 5 (build 528)
Library Manager: ArmAr.exe V5.06 update 5 (build 528)
Hex Converter:   FromElf.exe V5.06 update 5 (build 528)
CPU DLL:         
Dialog DLL:      
Target DLL:      Segger\JL2CM3.dll V2.99.26.0
Dialog DLL:      TARMCM1.DLL V1.13.0.0
 
<h2>Project:</h2>
C:\Users\steve\Desktop\UIUC Exchange\Wireless Network Lab\nRF5_SDK_12.2.0_f012efa\examples\BLE_Indoor_Localization\experimental_ble_app_blinky\pca10028\s130\arm5_no_packs\experimental_ble_app_blinky_pca10028_s130.uvprojx
Project File Date:  11/04/2017

<h2>Output:</h2>
*** Using Compiler 'V5.06 update 5 (build 528)', folder: 'C:\Keil_v5\ARM\ARMCC\Bin'
Rebuild target 'nrf51422_xxac'
compiling boards.c...
compiling bsp.c...
compiling main.c...
compiling bsp_nfc.c...
compiling ble_advdata.c...
compiling ble_conn_params.c...
compiling ble_srv_common.c...
compiling ble_lbs.c...
compiling nrf_drv_common.c...
compiling nrf_drv_clock.c...
compiling app_button.c...
compiling nrf_drv_gpiote.c...
compiling nrf_drv_uart.c...
compiling app_error.c...
compiling app_error_weak.c...
compiling app_timer.c...
compiling hardfault_implementation.c...
compiling app_util_platform.c...
compiling sdk_errors.c...
compiling nrf_assert.c...
compiling nrf_log_backend_serial.c...
compiling RTT_Syscalls_KEIL.c...
compiling nrf_log_frontend.c...
compiling SEGGER_RTT_printf.c...
assembling arm_startup_nrf51.s...
compiling SEGGER_RTT.c...
compiling system_nrf51.c...
compiling softdevice_handler.c...
linking...
Program Size: Code=8448 RO-data=272 RW-data=120 ZI-data=2480  
FromELF: creating hex file...
".\_build\nrf51422_xxac.axf" - 0 Error(s), 0 Warning(s).

<h2>Software Packages used:</h2>

Package Vendor: ARM
                http://www.keil.com/pack/ARM.CMSIS.4.5.0.pack
                ARM.CMSIS.4.5.0
                CMSIS (Cortex Microcontroller Software Interface Standard)
   * Component: CORE Version: 4.3.0

Package Vendor: NordicSemiconductor
                http://developer.nordicsemi.com/nRF5_SDK/pieces/nRF_DeviceFamilyPack/NordicSemiconductor.nRF_DeviceFamilyPack.8.11.1.pack
                NordicSemiconductor.nRF_DeviceFamilyPack.8.11.1
                Nordic Semiconductor nRF ARM devices Device Family Pack.
   * Component: Startup Version: 8.11.1

<h2>Collection of Component include folders:</h2>
  .\RTE\_nrf51422_xxac
  C:\Keil_v5\ARM\PACK\ARM\CMSIS\4.5.0\CMSIS\Include
  C:\Keil_v5\ARM\PACK\NordicSemiconductor\nRF_DeviceFamilyPack\8.11.1\Device\Include

<h2>Collection of Component Files used:</h2>

   * Component: NordicSemiconductor::Device:Startup:8.11.1
      Include file:  Device\Include\system_nrf51.h
      Source file:   Device\Source\system_nrf51.c
      Source file:   Device\Source\arm\arm_startup_nrf51.s

   * Component: ARM::CMSIS:CORE:4.3.0
Build Time Elapsed:  00:00:08
</pre>
</body>
</html>
