Component: ARM Compiler 5.06 update 5 (build 528) Tool: armlink [4d35e2]

==============================================================================

Section Cross References

    main.o(i.advertising_start) refers to app_error.o(i.app_error_handler_bare) for app_error_handler_bare
    main.o(i.advertising_start) refers to boards.o(i.bsp_board_led_on) for bsp_board_led_on
    main.o(i.assert_nrf_callback) refers to app_error.o(i.app_error_handler) for app_error_handler
    main.o(i.ble_evt_dispatch) refers to main.o(i.on_ble_evt) for on_ble_evt
    main.o(i.ble_evt_dispatch) refers to ble_conn_params.o(i.ble_conn_params_on_ble_evt) for ble_conn_params_on_ble_evt
    main.o(i.ble_evt_dispatch) refers to ble_lbs.o(i.ble_lbs_on_ble_evt) for ble_lbs_on_ble_evt
    main.o(i.ble_evt_dispatch) refers to main.o(.bss) for .bss
    main.o(i.ble_stack_init) refers to softdevice_handler.o(i.softdevice_handler_init) for softdevice_handler_init
    main.o(i.ble_stack_init) refers to app_error.o(i.app_error_handler_bare) for app_error_handler_bare
    main.o(i.ble_stack_init) refers to softdevice_handler.o(i.softdevice_enable_get_default_config) for softdevice_enable_get_default_config
    main.o(i.ble_stack_init) refers to softdevice_handler.o(i.softdevice_enable) for softdevice_enable
    main.o(i.ble_stack_init) refers to softdevice_handler.o(i.softdevice_ble_evt_handler_set) for softdevice_ble_evt_handler_set
    main.o(i.ble_stack_init) refers to main.o(.constdata) for .constdata
    main.o(i.ble_stack_init) refers to main.o(.bss) for .bss
    main.o(i.ble_stack_init) refers to main.o(i.ble_evt_dispatch) for ble_evt_dispatch
    main.o(i.button_event_handler) refers to ble_lbs.o(i.ble_lbs_on_button_change) for ble_lbs_on_button_change
    main.o(i.button_event_handler) refers to app_error.o(i.app_error_handler_bare) for app_error_handler_bare
    main.o(i.button_event_handler) refers to main.o(.bss) for .bss
    main.o(i.conn_params_error_handler) refers to app_error.o(i.app_error_handler_bare) for app_error_handler_bare
    main.o(i.led_write_handler) refers to boards.o(i.bsp_board_led_on) for bsp_board_led_on
    main.o(i.led_write_handler) refers to boards.o(i.bsp_board_led_off) for bsp_board_led_off
    main.o(i.main) refers to boards.o(i.bsp_board_leds_init) for bsp_board_leds_init
    main.o(i.main) refers to app_timer.o(i.app_timer_init) for app_timer_init
    main.o(i.main) refers to app_error.o(i.app_error_handler_bare) for app_error_handler_bare
    main.o(i.main) refers to app_button.o(i.app_button_init) for app_button_init
    main.o(i.main) refers to main.o(i.ble_stack_init) for ble_stack_init
    main.o(i.main) refers to ble_lbs.o(i.ble_lbs_init) for ble_lbs_init
    main.o(i.main) refers to memseta.o(.text) for __aeabi_memclr4
    main.o(i.main) refers to ble_advdata.o(i.ble_advdata_set) for ble_advdata_set
    main.o(i.main) refers to ble_conn_params.o(i.ble_conn_params_init) for ble_conn_params_init
    main.o(i.main) refers to main.o(i.advertising_start) for advertising_start
    main.o(i.main) refers to main.o(.bss) for .bss
    main.o(i.main) refers to main.o(.data) for .data
    main.o(i.main) refers to main.o(i.led_write_handler) for led_write_handler
    main.o(i.main) refers to main.o(.constdata) for .constdata
    main.o(i.main) refers to main.o(i.on_conn_params_evt) for on_conn_params_evt
    main.o(i.main) refers to main.o(i.conn_params_error_handler) for conn_params_error_handler
    main.o(i.on_ble_evt) refers to app_error.o(i.app_error_handler_bare) for app_error_handler_bare
    main.o(i.on_ble_evt) refers to boards.o(i.bsp_board_led_on) for bsp_board_led_on
    main.o(i.on_ble_evt) refers to boards.o(i.bsp_board_led_off) for bsp_board_led_off
    main.o(i.on_ble_evt) refers to app_button.o(i.app_button_enable) for app_button_enable
    main.o(i.on_ble_evt) refers to app_button.o(i.app_button_disable) for app_button_disable
    main.o(i.on_ble_evt) refers to main.o(i.advertising_start) for advertising_start
    main.o(i.on_ble_evt) refers to memcpya.o(.text) for __aeabi_memcpy
    main.o(i.on_ble_evt) refers to main.o(.data) for .data
    main.o(i.on_conn_params_evt) refers to app_error.o(i.app_error_handler_bare) for app_error_handler_bare
    main.o(i.on_conn_params_evt) refers to main.o(.data) for .data
    main.o(.data) refers to main.o(i.button_event_handler) for button_event_handler
    boards.o(i.bsp_board_button_idx_to_pin) refers to boards.o(.constdata) for .constdata
    boards.o(i.bsp_board_button_state_get) refers to boards.o(.constdata) for .constdata
    boards.o(i.bsp_board_buttons_init) refers to boards.o(i.nrf_gpio_cfg) for nrf_gpio_cfg
    boards.o(i.bsp_board_buttons_init) refers to boards.o(.constdata) for .constdata
    boards.o(i.bsp_board_led_idx_to_pin) refers to boards.o(.constdata) for .constdata
    boards.o(i.bsp_board_led_invert) refers to boards.o(.constdata) for .constdata
[...]
    softdevice_handler.o(i.intern_softdevice_events_execute) refers to softdevice_handler.o(.data) for .data
    softdevice_handler.o(i.sd_nvic_EnableIRQ) refers to softdevice_handler.o(i.__sd_nvic_app_accessible_irq) for __sd_nvic_app_accessible_irq
    softdevice_handler.o(i.sd_nvic_EnableIRQ) refers to softdevice_handler.o(i.NVIC_EnableIRQ) for NVIC_EnableIRQ
    softdevice_handler.o(i.sd_nvic_EnableIRQ) refers to app_util_platform.o(.bss) for nrf_nvic_state
    softdevice_handler.o(i.softdevice_ble_evt_handler_set) refers to softdevice_handler.o(.data) for .data
    softdevice_handler.o(i.softdevice_enable_get_default_config) refers to memseta.o(.text) for __aeabi_memclr4
    softdevice_handler.o(i.softdevice_fault_handler) refers to app_error_weak.o(i.app_error_fault_handler) for app_error_fault_handler
    softdevice_handler.o(i.softdevice_handler_init) refers to softdevice_handler.o(i.NVIC_DisableIRQ) for NVIC_DisableIRQ
    softdevice_handler.o(i.softdevice_handler_init) refers to softdevice_handler.o(i.NVIC_EnableIRQ) for NVIC_EnableIRQ
    softdevice_handler.o(i.softdevice_handler_init) refers to nrf_drv_clock.o(i.nrf_drv_clock_on_sd_enable) for nrf_drv_clock_on_sd_enable
    softdevice_handler.o(i.softdevice_handler_init) refers to softdevice_handler.o(i.sd_nvic_EnableIRQ) for sd_nvic_EnableIRQ
    softdevice_handler.o(i.softdevice_handler_init) refers to softdevice_handler.o(.data) for .data
    softdevice_handler.o(i.softdevice_handler_init) refers to softdevice_handler.o(i.softdevice_fault_handler) for softdevice_fault_handler
    softdevice_handler.o(i.softdevice_handler_is_enabled) refers to softdevice_handler.o(.data) for .data
    softdevice_handler.o(i.softdevice_handler_is_suspended) refers to softdevice_handler.o(.data) for .data
    softdevice_handler.o(i.softdevice_handler_resume) refers to softdevice_handler.o(i.__sd_nvic_app_accessible_irq) for __sd_nvic_app_accessible_irq
    softdevice_handler.o(i.softdevice_handler_resume) refers to app_error.o(i.app_error_handler_bare) for app_error_handler_bare
    softdevice_handler.o(i.softdevice_handler_resume) refers to softdevice_handler.o(i.sd_nvic_EnableIRQ) for sd_nvic_EnableIRQ
    softdevice_handler.o(i.softdevice_handler_resume) refers to softdevice_handler.o(.data) for .data
    softdevice_handler.o(i.softdevice_handler_sd_disable) refers to nrf_drv_clock.o(i.nrf_drv_clock_on_sd_disable) for nrf_drv_clock_on_sd_disable
    softdevice_handler.o(i.softdevice_handler_sd_disable) refers to softdevice_handler.o(.data) for .data
    softdevice_handler.o(i.softdevice_handler_suspend) refers to softdevice_handler.o(i.__sd_nvic_app_accessible_irq) for __sd_nvic_app_accessible_irq
    softdevice_handler.o(i.softdevice_handler_suspend) refers to app_error.o(i.app_error_handler_bare) for app_error_handler_bare
    softdevice_handler.o(i.softdevice_handler_suspend) refers to softdevice_handler.o(i.NVIC_DisableIRQ) for NVIC_DisableIRQ
    softdevice_handler.o(i.softdevice_handler_suspend) refers to app_util_platform.o(.bss) for nrf_nvic_state
    softdevice_handler.o(i.softdevice_handler_suspend) refers to softdevice_handler.o(.data) for .data
    softdevice_handler.o(i.softdevice_sys_evt_handler_set) refers to softdevice_handler.o(.data) for .data
    arm_startup_nrf52.o(RESET) refers to arm_startup_nrf52.o(STACK) for __initial_sp
    arm_startup_nrf52.o(RESET) refers to arm_startup_nrf52.o(.text) for Reset_Handler
    arm_startup_nrf52.o(RESET) refers to nrf_drv_clock.o(i.POWER_CLOCK_IRQHandler) for POWER_CLOCK_IRQHandler
    arm_startup_nrf52.o(RESET) refers to nrf_drv_uart.o(i.UARTE0_UART0_IRQHandler) for UARTE0_UART0_IRQHandler
    arm_startup_nrf52.o(RESET) refers to nrf_drv_gpiote.o(i.GPIOTE_IRQHandler) for GPIOTE_IRQHandler
    arm_startup_nrf52.o(RESET) refers to app_timer.o(i.RTC1_IRQHandler) for RTC1_IRQHandler
    arm_startup_nrf52.o(RESET) refers to app_timer.o(i.SWI0_EGU0_IRQHandler) for SWI0_EGU0_IRQHandler
    arm_startup_nrf52.o(RESET) refers to softdevice_handler.o(i.SWI2_EGU2_IRQHandler) for SWI2_EGU2_IRQHandler
    arm_startup_nrf52.o(.text) refers to system_nrf52.o(i.SystemInit) for SystemInit
    arm_startup_nrf52.o(.text) refers to entry.o(.ARM.Collect$$$$00000000) for __main
    system_nrf52.o(i.SystemCoreClockUpdate) refers to system_nrf52.o(.data) for .data
    system_nrf52.o(i.SystemInit) refers to system_nrf52.o(.data) for .data
    entry.o(.ARM.Collect$$$$00000000) refers (Special) to entry10a.o(.ARM.Collect$$$$0000000D) for __rt_final_cpp
    entry.o(.ARM.Collect$$$$00000000) refers (Special) to entry11a.o(.ARM.Collect$$$$0000000F) for __rt_final_exit
    entry.o(.ARM.Collect$$$$00000000) refers (Special) to entry7b.o(.ARM.Collect$$$$00000008) for _main_clock
    entry.o(.ARM.Collect$$$$00000000) refers (Special) to entry8b.o(.ARM.Collect$$$$0000000A) for _main_cpp_init
    entry.o(.ARM.Collect$$$$00000000) refers (Special) to entry9a.o(.ARM.Collect$$$$0000000B) for _main_init
    entry.o(.ARM.Collect$$$$00000000) refers (Special) to entry5.o(.ARM.Collect$$$$00000004) for _main_scatterload
    entry.o(.ARM.Collect$$$$00000000) refers (Special) to entry2.o(.ARM.Collect$$$$00000001) for _main_stk
    entry2.o(.ARM.Collect$$$$00000001) refers to entry2.o(.ARM.Collect$$$$00002712) for __lit__00000000
    entry2.o(.ARM.Collect$$$$00002712) refers to arm_startup_nrf52.o(STACK) for __initial_sp
    entry2.o(__vectab_stack_and_reset_area) refers to arm_startup_nrf52.o(STACK) for __initial_sp
    entry2.o(__vectab_stack_and_reset_area) refers to entry.o(.ARM.Collect$$$$00000000) for __main
    entry5.o(.ARM.Collect$$$$00000004) refers to init.o(.text) for __scatterload
    entry9a.o(.ARM.Collect$$$$0000000B) refers to main.o(i.main) for main
    entry9b.o(.ARM.Collect$$$$0000000C) refers to main.o(i.main) for main
    init.o(.text) refers to entry5.o(.ARM.Collect$$$$00000004) for __main_after_scatterload


==============================================================================

Removing Unused input sections from the image.

    Removing main.o(.rev16_text), (4 bytes).
    Removing main.o(.revsh_text), (4 bytes).
    Removing main.o(.rrx_text), (6 bytes).
    Removing main.o(i.assert_nrf_callback), (16 bytes).
    Removing boards.o(.rev16_text), (4 bytes).
    Removing boards.o(.revsh_text), (4 bytes).
    Removing boards.o(.rrx_text), (6 bytes).
    Removing boards.o(i.bsp_board_button_idx_to_pin), (12 bytes).
    Removing boards.o(i.bsp_board_button_state_get), (32 bytes).
    Removing boards.o(i.bsp_board_buttons_init), (36 bytes).
    Removing boards.o(i.bsp_board_led_idx_to_pin), (12 bytes).
    Removing boards.o(i.bsp_board_led_invert), (36 bytes).
    Removing boards.o(i.bsp_board_led_state_get), (32 bytes).
    Removing boards.o(i.bsp_board_leds_on), (18 bytes).
    Removing boards.o(i.bsp_board_pin_to_button_idx), (36 bytes).
    Removing boards.o(i.bsp_board_pin_to_led_idx), (36 bytes).
    Removing bsp.o(.rev16_text), (4 bytes).
    Removing bsp.o(.revsh_text), (4 bytes).
    Removing bsp.o(.rrx_text), (6 bytes).
    Removing bsp.o(i.alert_timer_handler), (6 bytes).
    Removing bsp.o(i.bsp_button_event_handler), (148 bytes).
    Removing bsp.o(i.bsp_button_is_pressed), (4 bytes).
    Removing bsp.o(i.bsp_buttons_disable), (4 bytes).
    Removing bsp.o(i.bsp_buttons_enable), (4 bytes).
    Removing bsp.o(i.bsp_event_to_button_action_assign), (68 bytes).
    Removing bsp.o(i.bsp_indication_set), (24 bytes).
    Removing bsp.o(i.bsp_init), (152 bytes).
    Removing bsp.o(i.bsp_led_indication), (372 bytes).
    Removing bsp.o(i.bsp_wakeup_button_disable), (16 bytes).
    Removing bsp.o(i.bsp_wakeup_button_enable), (16 bytes).
    Removing bsp.o(i.button_timer_handler), (8 bytes).
    Removing bsp.o(i.leds_timer_handler), (20 bytes).
    Removing bsp.o(i.nrf_gpio_cfg_sense_set), (34 bytes).
    Removing bsp.o(.bss), (32 bytes).
    Removing bsp.o(.bss), (32 bytes).
    Removing bsp.o(.bss), (12 bytes).
    Removing bsp.o(.bss), (32 bytes).
    Removing bsp.o(.constdata), (44 bytes).
    Removing bsp.o(.data), (20 bytes).
    Removing bsp_nfc.o(.rev16_text), (4 bytes).
    Removing bsp_nfc.o(.revsh_text), (4 bytes).
    Removing bsp_nfc.o(.rrx_text), (6 bytes).
    Removing bsp_nfc.o(i.bsp_nfc_btn_deinit), (8 bytes).
    Removing bsp_nfc.o(i.bsp_nfc_btn_init), (8 bytes).
    Removing bsp_nfc.o(i.bsp_nfc_sleep_mode_prepare), (16 bytes).
    Removing ble_advdata.o(.rev16_text), (4 bytes).
    Removing ble_advdata.o(.revsh_text), (4 bytes).
    Removing ble_advdata.o(.rrx_text), (6 bytes).
    Removing ble_conn_params.o(.rev16_text), (4 bytes).
    Removing ble_conn_params.o(.revsh_text), (4 bytes).
    Removing ble_conn_params.o(.rrx_text), (6 bytes).
    Removing ble_conn_params.o(i.ble_conn_params_change_conn_params), (76 bytes).
    Removing ble_conn_params.o(i.ble_conn_params_stop), (12 bytes).
    Removing ble_srv_common.o(.rev16_text), (4 bytes).
    Removing ble_srv_common.o(.revsh_text), (4 bytes).
    Removing ble_srv_common.o(.rrx_text), (6 bytes).
    Removing ble_srv_common.o(i.ble_srv_ascii_to_utf8), (18 bytes).
    Removing ble_srv_common.o(i.ble_srv_is_indication_enabled), (8 bytes).
    Removing ble_srv_common.o(i.ble_srv_report_ref_encode), (12 bytes).
    Removing ble_srv_common.o(i.characteristic_add), (400 bytes).
    Removing ble_srv_common.o(i.descriptor_add), (170 bytes).
    Removing ble_srv_common.o(i.set_security_req), (48 bytes).
    Removing ble_lbs.o(.rev16_text), (4 bytes).
    Removing ble_lbs.o(.revsh_text), (4 bytes).
    Removing ble_lbs.o(.rrx_text), (6 bytes).
    Removing nrf_drv_clock.o(.rev16_text), (4 bytes).
    Removing nrf_drv_clock.o(.revsh_text), (4 bytes).
    Removing nrf_drv_clock.o(.rrx_text), (6 bytes).
    Removing nrf_drv_clock.o(i.hfclk_stop), (44 bytes).
    Removing nrf_drv_clock.o(i.item_enqueue), (22 bytes).
    Removing nrf_drv_clock.o(i.lfclk_stop), (40 bytes).
    Removing nrf_drv_clock.o(i.nrf_clock_hf_is_running), (28 bytes).
    Removing nrf_drv_clock.o(i.nrf_drv_clock_calibration_abort), (4 bytes).
    Removing nrf_drv_clock.o(i.nrf_drv_clock_calibration_start), (4 bytes).
    Removing nrf_drv_clock.o(i.nrf_drv_clock_hfclk_is_running), (32 bytes).
    Removing nrf_drv_clock.o(i.nrf_drv_clock_hfclk_release), (44 bytes).
    Removing nrf_drv_clock.o(i.nrf_drv_clock_hfclk_request), (108 bytes).
    Removing nrf_drv_clock.o(i.nrf_drv_clock_init_check), (12 bytes).
    Removing nrf_drv_clock.o(i.nrf_drv_clock_is_calibrating), (4 bytes).
    Removing nrf_drv_clock.o(i.nrf_drv_clock_lfclk_is_running), (28 bytes).
    Removing nrf_drv_clock.o(i.nrf_drv_clock_lfclk_release), (44 bytes).
    Removing nrf_drv_clock.o(i.nrf_drv_clock_lfclk_request), (104 bytes).
    Removing nrf_drv_clock.o(i.nrf_drv_clock_on_sd_disable), (18 bytes).
    Removing nrf_drv_clock.o(i.nrf_drv_clock_uninit), (40 bytes).
    Removing nrf_drv_clock.o(.constdata), (19 bytes).
    Removing nrf_drv_clock.o(.constdata), (32 bytes).
    Removing nrf_drv_clock.o(.constdata), (32 bytes).
    Removing nrf_drv_clock.o(.constdata), (29 bytes).
    Removing nrf_drv_common.o(.rev16_text), (4 bytes).
    Removing nrf_drv_common.o(.revsh_text), (4 bytes).
    Removing nrf_drv_common.o(.rrx_text), (6 bytes).
    Removing nrf_drv_common.o(i.nrf_drv_common_clock_irq_disable), (12 bytes).
    Removing nrf_drv_gpiote.o(.rev16_text), (4 bytes).
    Removing nrf_drv_gpiote.o(.revsh_text), (4 bytes).
    Removing nrf_drv_gpiote.o(.rrx_text), (6 bytes).
    Removing nrf_drv_gpiote.o(i.nrf_drv_gpiote_clr_task_addr_get), (24 bytes).
    Removing nrf_drv_gpiote.o(i.nrf_drv_gpiote_clr_task_trigger), (28 bytes).
    Removing nrf_drv_gpiote.o(i.nrf_drv_gpiote_in_event_addr_get), (40 bytes).
    Removing nrf_drv_gpiote.o(i.nrf_drv_gpiote_in_uninit), (72 bytes).
    Removing nrf_drv_gpiote.o(i.nrf_drv_gpiote_out_clear), (14 bytes).
    Removing nrf_drv_gpiote.o(i.nrf_drv_gpiote_out_init), (184 bytes).
    Removing nrf_drv_gpiote.o(i.nrf_drv_gpiote_out_set), (14 bytes).
    Removing nrf_drv_gpiote.o(i.nrf_drv_gpiote_out_task_addr_get), (20 bytes).
    Removing nrf_drv_gpiote.o(i.nrf_drv_gpiote_out_task_disable), (36 bytes).
    Removing nrf_drv_gpiote.o(i.nrf_drv_gpiote_out_task_enable), (36 bytes).
    Removing nrf_drv_gpiote.o(i.nrf_drv_gpiote_out_task_force), (40 bytes).
    Removing nrf_drv_gpiote.o(i.nrf_drv_gpiote_out_task_trigger), (24 bytes).
    Removing nrf_drv_gpiote.o(i.nrf_drv_gpiote_out_toggle), (28 bytes).
    Removing nrf_drv_gpiote.o(i.nrf_drv_gpiote_out_uninit), (68 bytes).
    Removing nrf_drv_gpiote.o(i.nrf_drv_gpiote_set_task_addr_get), (24 bytes).
    Removing nrf_drv_gpiote.o(i.nrf_drv_gpiote_set_task_trigger), (28 bytes).
    Removing nrf_drv_gpiote.o(i.nrf_drv_gpiote_uninit), (56 bytes).
    Removing nrf_drv_gpiote.o(i.nrf_gpio_cfg_default), (18 bytes).
    Removing nrf_drv_gpiote.o(.constdata), (20 bytes).
    Removing nrf_drv_gpiote.o(.constdata), (24 bytes).
    Removing nrf_drv_gpiote.o(.constdata), (23 bytes).
    Removing nrf_drv_uart.o(.rev16_text), (4 bytes).
    Removing nrf_drv_uart.o(.revsh_text), (4 bytes).
    Removing nrf_drv_uart.o(.rrx_text), (6 bytes).
    Removing nrf_drv_uart.o(i.apply_config), (184 bytes).
    Removing nrf_drv_uart.o(i.interrupts_enable), (120 bytes).
    Removing nrf_drv_uart.o(i.nrf_drv_common_irq_disable), (22 bytes).
    Removing nrf_drv_uart.o(i.nrf_drv_get_IRQn), (6 bytes).
    Removing nrf_drv_uart.o(i.nrf_drv_is_in_RAM), (16 bytes).
    Removing nrf_drv_uart.o(i.nrf_drv_uart_errorsrc_get), (48 bytes).
    Removing nrf_drv_uart.o(i.nrf_drv_uart_init), (104 bytes).
    Removing nrf_drv_uart.o(i.nrf_drv_uart_rx), (176 bytes).
    Removing nrf_drv_uart.o(i.nrf_drv_uart_rx_abort), (40 bytes).
    Removing nrf_drv_uart.o(i.nrf_drv_uart_rx_disable), (36 bytes).
    Removing nrf_drv_uart.o(i.nrf_drv_uart_rx_enable), (48 bytes).
    Removing nrf_drv_uart.o(i.nrf_drv_uart_rx_for_uart), (168 bytes).
    Removing nrf_drv_uart.o(i.nrf_drv_uart_rx_for_uarte), (176 bytes).
    Removing nrf_drv_uart.o(i.nrf_drv_uart_tx), (268 bytes).
    Removing nrf_drv_uart.o(i.nrf_drv_uart_tx_abort), (88 bytes).
    Removing nrf_drv_uart.o(i.nrf_drv_uart_tx_in_progress), (24 bytes).
    Removing nrf_drv_uart.o(i.nrf_drv_uart_uninit), (84 bytes).
    Removing nrf_drv_uart.o(i.nrf_gpio_cfg), (36 bytes).
    Removing nrf_drv_uart.o(i.nrf_gpio_cfg_default), (18 bytes).
    Removing nrf_drv_uart.o(i.nrf_gpio_cfg_input), (18 bytes).
    Removing nrf_drv_uart.o(i.nrf_gpio_cfg_output), (20 bytes).
    Removing nrf_drv_uart.o(i.pins_to_default), (120 bytes).
    Removing nrf_drv_uart.o(i.rx_enable), (32 bytes).
    Removing nrf_drv_uart.o(.constdata), (18 bytes).
    Removing nrf_drv_uart.o(.constdata), (25 bytes).
    Removing nrf_drv_uart.o(.constdata), (26 bytes).
    Removing nrf_drv_uart.o(.constdata), (16 bytes).
    Removing nrf_drv_uart.o(.constdata), (25 bytes).
    Removing nrf_drv_uart.o(.constdata), (26 bytes).
    Removing nrf_drv_uart.o(.constdata), (16 bytes).
    Removing app_button.o(.rev16_text), (4 bytes).
    Removing app_button.o(.revsh_text), (4 bytes).
    Removing app_button.o(.rrx_text), (6 bytes).
    Removing app_button.o(i.app_button_is_pushed), (36 bytes).
    Removing app_error.o(.rev16_text), (4 bytes).
    Removing app_error.o(.revsh_text), (4 bytes).
    Removing app_error.o(.rrx_text), (6 bytes).
    Removing app_error.o(i.app_error_handler), (24 bytes).
    Removing app_error.o(i.app_error_save_and_stop), (100 bytes).
    Removing app_error.o(.bss), (32 bytes).
    Removing app_error_weak.o(.rev16_text), (4 bytes).
    Removing app_error_weak.o(.revsh_text), (4 bytes).
    Removing app_error_weak.o(.rrx_text), (6 bytes).
    Removing app_timer.o(.rev16_text), (4 bytes).
    Removing app_timer.o(.revsh_text), (4 bytes).
    Removing app_timer.o(.rrx_text), (6 bytes).
    Removing app_timer.o(i.app_timer_cnt_diff_compute), (12 bytes).
    Removing app_timer.o(i.app_timer_cnt_get), (12 bytes).
    Removing app_timer.o(i.app_timer_stop_all), (24 bytes).
    Removing app_util_platform.o(.rev16_text), (4 bytes).
    Removing app_util_platform.o(.revsh_text), (4 bytes).
    Removing app_util_platform.o(.rrx_text), (6 bytes).
    Removing app_util_platform.o(i.app_util_disable_irq), (16 bytes).
    Removing app_util_platform.o(i.app_util_enable_irq), (20 bytes).
    Removing app_util_platform.o(.data), (4 bytes).
    Removing hardfault_implementation.o(.rev16_text), (4 bytes).
    Removing hardfault_implementation.o(.revsh_text), (4 bytes).
    Removing hardfault_implementation.o(.rrx_text), (6 bytes).
    Removing nrf_assert.o(.rev16_text), (4 bytes).
    Removing nrf_assert.o(.revsh_text), (4 bytes).
    Removing nrf_assert.o(.rrx_text), (6 bytes).
    Removing nrf_assert.o(i.assert_nrf_callback), (22 bytes).
    Removing nrf_log_backend_serial.o(.rev16_text), (4 bytes).
    Removing nrf_log_backend_serial.o(.revsh_text), (4 bytes).
    Removing nrf_log_backend_serial.o(.rrx_text), (6 bytes).
    Removing nrf_log_frontend.o(.rev16_text), (4 bytes).
    Removing nrf_log_frontend.o(.revsh_text), (4 bytes).
    Removing nrf_log_frontend.o(.rrx_text), (6 bytes).
    Removing segger_rtt.o(.rev16_text), (4 bytes).
    Removing segger_rtt.o(.revsh_text), (4 bytes).
    Removing segger_rtt.o(.rrx_text), (6 bytes).
    Removing segger_rtt.o(i.SEGGER_RTT_ConfigDownBuffer), (100 bytes).
    Removing segger_rtt.o(i.SEGGER_RTT_ConfigUpBuffer), (100 bytes).
    Removing segger_rtt.o(i.SEGGER_RTT_GetKey), (28 bytes).
    Removing segger_rtt.o(i.SEGGER_RTT_HasData), (24 bytes).
    Removing segger_rtt.o(i.SEGGER_RTT_HasKey), (32 bytes).
    Removing segger_rtt.o(i.SEGGER_RTT_Init), (20 bytes).
    Removing segger_rtt.o(i.SEGGER_RTT_Read), (46 bytes).
    Removing segger_rtt.o(i.SEGGER_RTT_ReadNoLock), (124 bytes).
    Removing segger_rtt.o(i.SEGGER_RTT_SetNameDownBuffer), (68 bytes).
    Removing segger_rtt.o(i.SEGGER_RTT_SetNameUpBuffer), (68 bytes).
    Removing segger_rtt.o(i.SEGGER_RTT_SetTerminal), (140 bytes).
    Removing segger_rtt.o(i.SEGGER_RTT_TerminalOut), (180 bytes).
    Removing segger_rtt.o(i.SEGGER_RTT_WaitKey), (14 bytes).
    Removing segger_rtt.o(i.SEGGER_RTT_Write), (60 bytes).
    Removing segger_rtt.o(i.SEGGER_RTT_WriteNoLock), (92 bytes).
    Removing segger_rtt.o(i.SEGGER_RTT_WriteSkipNoLock), (116 bytes).
    Removing segger_rtt.o(i.SEGGER_RTT_WriteString), (26 bytes).
    Removing segger_rtt.o(i._DoInit), (104 bytes).
    Removing segger_rtt.o(i._GetAvailWriteSpace), (22 bytes).
    Removing segger_rtt.o(i._PostTerminalSwitch), (32 bytes).
    Removing segger_rtt.o(i._WriteBlocking), (90 bytes).
    Removing segger_rtt.o(i._WriteNoCheck), (62 bytes).
    Removing segger_rtt.o(.bss), (200 bytes).
    Removing segger_rtt.o(.data), (17 bytes).
    Removing softdevice_handler.o(.rev16_text), (4 bytes).
    Removing softdevice_handler.o(.revsh_text), (4 bytes).
    Removing softdevice_handler.o(.rrx_text), (6 bytes).
    Removing softdevice_handler.o(i.sd_check_ram_start), (16 bytes).
    Removing softdevice_handler.o(i.softdevice_handler_is_suspended), (12 bytes).
    Removing softdevice_handler.o(i.softdevice_handler_resume), (68 bytes).
    Removing softdevice_handler.o(i.softdevice_handler_sd_disable), (24 bytes).
    Removing softdevice_handler.o(i.softdevice_handler_suspend), (60 bytes).
    Removing softdevice_handler.o(i.softdevice_sys_evt_handler_set), (20 bytes).
    Removing arm_startup_nrf52.o(HEAP), (8192 bytes).
    Removing system_nrf52.o(.rev16_text), (4 bytes).
    Removing system_nrf52.o(.revsh_text), (4 bytes).
    Removing system_nrf52.o(.rrx_text), (6 bytes).
    Removing system_nrf52.o(i.SystemCoreClockUpdate), (16 bytes).

228 unused section(s) (total 16426 bytes) removed from the image.

==============================================================================

Image Symbol Table

    Local Symbols

    Symbol Name                              Value     Ov Type        Size  Object(Section)

    ../clib/microlib/init/entry.s            0x00000000   Number         0  entry.o ABSOLUTE
    ../clib/microlib/init/entry.s            0x00000000   Number         0  entry8b.o ABSOLUTE
    ../clib/microlib/init/entry.s            0x00000000   Number         0  entry2.o ABSOLUTE
    ../clib/microlib/init/entry.s            0x00000000   Number         0  entry8a.o ABSOLUTE
    ../clib/microlib/init/entry.s            0x00000000   Number         0  entry9a.o ABSOLUTE
    ../clib/microlib/init/entry.s            0x00000000   Number         0  entry5.o ABSOLUTE
    ../clib/microlib/init/entry.s            0x00000000   Number         0  entry7a.o ABSOLUTE
    ../clib/microlib/init/entry.s            0x00000000   Number         0  entry11b.o ABSOLUTE
    ../clib/microlib/init/entry.s            0x00000000   Number         0  entry7b.o ABSOLUTE
    ../clib/microlib/init/entry.s            0x00000000   Number         0  entry11a.o ABSOLUTE
    ../clib/microlib/init/entry.s            0x00000000   Number         0  entry10b.o ABSOLUTE
    ../clib/microlib/init/entry.s            0x00000000   Number         0  entry10a.o ABSOLUTE
    ../clib/microlib/init/entry.s            0x00000000   Number         0  entry9b.o ABSOLUTE
    ../clib/microlib/string/memcpy.c         0x00000000   Number         0  memcpya.o ABSOLUTE
    ../clib/microlib/string/memcpy.c         0x00000000   Number         0  memcpyb.o ABSOLUTE
    ../clib/microlib/string/memset.c         0x00000000   Number         0  memseta.o ABSOLUTE
    ../clib/microlib/string/strcpy.c         0x00000000   Number         0  strcpy.o ABSOLUTE
    ../clib/microlib/string/strlen.c         0x00000000   Number         0  strlen.o ABSOLUTE
    ..\..\..\..\..\..\components\ble\ble_services\ble_lbs\ble_lbs.c 0x00000000   Number         0  ble_lbs.o ABSOLUTE
    ..\..\..\..\..\..\components\ble\common\ble_advdata.c 0x00000000   Number         0  ble_advdata.o ABSOLUTE
    ..\..\..\..\..\..\components\ble\common\ble_conn_params.c 0x00000000   Number         0  ble_conn_params.o ABSOLUTE
    ..\..\..\..\..\..\components\ble\common\ble_srv_common.c 0x00000000   Number         0  ble_srv_common.o ABSOLUTE
    ..\..\..\..\..\..\components\boards\boards.c 0x00000000   Number         0  boards.o ABSOLUTE
    ..\..\..\..\..\..\components\drivers_nrf\clock\nrf_drv_clock.c 0x00000000   Number         0  nrf_drv_clock.o ABSOLUTE
    ..\..\..\..\..\..\components\drivers_nrf\common\nrf_drv_common.c 0x00000000   Number         0  nrf_drv_common.o ABSOLUTE
    ..\..\..\..\..\..\components\drivers_nrf\gpiote\nrf_drv_gpiote.c 0x00000000   Number         0  nrf_drv_gpiote.o ABSOLUTE
    ..\..\..\..\..\..\components\drivers_nrf\uart\nrf_drv_uart.c 0x00000000   Number         0  nrf_drv_uart.o ABSOLUTE
    ..\..\..\..\..\..\components\libraries\bsp\bsp.c 0x00000000   Number         0  bsp.o ABSOLUTE
    ..\..\..\..\..\..\components\libraries\bsp\bsp_nfc.c 0x00000000   Number         0  bsp_nfc.o ABSOLUTE
    ..\..\..\..\..\..\components\libraries\button\app_button.c 0x00000000   Number         0  app_button.o ABSOLUTE
    ..\..\..\..\..\..\components\libraries\hardfault\hardfault_implementation.c 0x00000000   Number         0  hardfault_implementation.o ABSOLUTE
    ..\..\..\..\..\..\components\libraries\log\src\nrf_log_backend_serial.c 0x00000000   Number         0  nrf_log_backend_serial.o ABSOLUTE
    ..\..\..\..\..\..\components\libraries\log\src\nrf_log_frontend.c 0x00000000   Number         0  nrf_log_frontend.o ABSOLUTE
    ..\..\..\..\..\..\components\libraries\timer\app_timer.c 0x00000000   Number         0  app_timer.o ABSOLUTE
    ..\..\..\..\..\..\components\libraries\util\app_error.c 0x00000000   Number         0  app_error.o ABSOLUTE
    ..\..\..\..\..\..\components\libraries\util\app_error_weak.c 0x00000000   Number         0  app_error_weak.o ABSOLUTE
    ..\..\..\..\..\..\components\libraries\util\app_util_platform.c 0x00000000   Number         0  app_util_platform.o ABSOLUTE
    ..\..\..\..\..\..\components\libraries\util\nrf_assert.c 0x00000000   Number         0  nrf_assert.o ABSOLUTE
    ..\..\..\..\..\..\components\libraries\util\sdk_errors.c 0x00000000   Number         0  sdk_errors.o ABSOLUTE
    ..\..\..\..\..\..\components\softdevice\common\softdevice_handler\softdevice_handler.c 0x00000000   Number         0  softdevice_handler.o ABSOLUTE
    ..\..\..\..\..\..\external\segger_rtt\RTT_Syscalls_KEIL.c 0x00000000   Number         0  rtt_syscalls_keil.o ABSOLUTE
    ..\..\..\..\..\..\external\segger_rtt\SEGGER_RTT.c 0x00000000   Number         0  segger_rtt.o ABSOLUTE
    ..\..\..\..\..\..\external\segger_rtt\SEGGER_RTT_printf.c 0x00000000   Number         0  segger_rtt_printf.o ABSOLUTE
    ..\..\..\main.c                          0x00000000   Number         0  main.o ABSOLUTE
    ..\\..\\..\\..\\..\\..\\components\\ble\\ble_services\\ble_lbs\\ble_lbs.c 0x00000000   Number         0  ble_lbs.o ABSOLUTE
    ..\\..\\..\\..\\..\\..\\components\\ble\\common\\ble_advdata.c 0x00000000   Number         0  ble_advdata.o ABSOLUTE
    ..\\..\\..\\..\\..\\..\\components\\ble\\common\\ble_conn_params.c 0x00000000   Number         0  ble_conn_params.o ABSOLUTE
    ..\\..\\..\\..\\..\\..\\components\\ble\\common\\ble_srv_common.c 0x00000000   Number         0  ble_srv_common.o ABSOLUTE
    ..\\..\\..\\..\\..\\..\\components\\boards\\boards.c 0x00000000   Number         0  boards.o ABSOLUTE
    ..\\..\\..\\..\\..\\..\\components\\drivers_nrf\\clock\\nrf_drv_clock.c 0x00000000   Number         0  nrf_drv_clock.o ABSOLUTE
    ..\\..\\..\\..\\..\\..\\components\\drivers_nrf\\common\\nrf_drv_common.c 0x00000000   Number         0  nrf_drv_common.o ABSOLUTE
    ..\\..\\..\\..\\..\\..\\components\\drivers_nrf\\gpiote\\nrf_drv_gpiote.c 0x00000000   Number         0  nrf_drv_gpiote.o ABSOLUTE
    ..\\..\\..\\..\\..\\..\\components\\drivers_nrf\\uart\\nrf_drv_uart.c 0x00000000   Number         0  nrf_drv_uart.o ABSOLUTE
    ..\\..\\..\\..\\..\\..\\components\\libraries\\bsp\\bsp.c 0x00000000   Number         0  bsp.o ABSOLUTE
    ..\\..\\..\\..\\..\\..\\components\\libraries\\bsp\\bsp_nfc.c 0x00000000   Number         0  bsp_nfc.o ABSOLUTE
    ..\\..\\..\\..\\..\\..\\components\\libraries\\button\\app_button.c 0x00000000   Number         0  app_button.o ABSOLUTE
    ..\\..\\..\\..\\..\\..\\components\\libraries\\hardfault\\hardfault_implementation.c 0x00000000   Number         0  hardfault_implementation.o ABSOLUTE
    ..\\..\\..\\..\\..\\..\\components\\libraries\\log\\src\\nrf_log_backend_serial.c 0x00000000   Number         0  nrf_log_backend_serial.o ABSOLUTE
    ..\\..\\..\\..\\..\\..\\components\\libraries\\log\\src\\nrf_log_frontend.c 0x00000000   Number         0  nrf_log_frontend.o ABSOLUTE
    ..\\..\\..\\..\\..\\..\\components\\libraries\\timer\\app_timer.c 0x00000000   Number         0  app_timer.o ABSOLUTE
    ..\\..\\..\\..\\..\\..\\components\\libraries\\util\\app_error.c 0x00000000   Number         0  app_error.o ABSOLUTE
    ..\\..\\..\\..\\..\\..\\components\\libraries\\util\\app_error_weak.c 0x00000000   Number         0  app_error_weak.o ABSOLUTE
    ..\\..\\..\\..\\..\\..\\components\\libraries\\util\\app_util_platform.c 0x00000000   Number         0  app_util_platform.o ABSOLUTE
    ..\\..\\..\\..\\..\\..\\components\\libraries\\util\\nrf_assert.c 0x00000000   Number         0  nrf_assert.o ABSOLUTE
    ..\\..\\..\\..\\..\\..\\components\\softdevice\\common\\softdevice_handler\\softdevice_handler.c 0x00000000   Number         0  softdevice_handler.o ABSOLUTE
    ..\\..\\..\\..\\..\\..\\external\\segger_rtt\\SEGGER_RTT.c 0x00000000   Number         0  segger_rtt.o ABSOLUTE
    ..\\..\\..\\main.c                       0x00000000   Number         0  main.o ABSOLUTE
    RTE\Device\nRF52832_xxAA\arm_startup_nrf52.s 0x00000000   Number         0  arm_startup_nrf52.o ABSOLUTE
    RTE\Device\nRF52832_xxAA\system_nrf52.c  0x00000000   Number         0  system_nrf52.o ABSOLUTE
    RTE\\Device\\nRF52832_xxAA\\system_nrf52.c 0x00000000   Number         0  system_nrf52.o ABSOLUTE
    dc.s                                     0x00000000   Number         0  dc.o ABSOLUTE
    handlers.s                               0x00000000   Number         0  handlers.o ABSOLUTE
    init.s                                   0x00000000   Number         0  init.o ABSOLUTE
    RESET                                    0x0001f000   Section     1024  arm_startup_nrf52.o(RESET)
    .ARM.Collect$$$$00000000                 0x0001f400   Section        0  entry.o(.ARM.Collect$$$$00000000)
    .ARM.Collect$$$$00000001                 0x0001f400   Section        4  entry2.o(.ARM.Collect$$$$00000001)
    .ARM.Collect$$$$00000004                 0x0001f404   Section        4  entry5.o(.ARM.Collect$$$$00000004)
    .ARM.Collect$$$$00000008                 0x0001f408   Section        0  entry7b.o(.ARM.Collect$$$$00000008)
    .ARM.Collect$$$$0000000A                 0x0001f408   Section        0  entry8b.o(.ARM.Collect$$$$0000000A)
    .ARM.Collect$$$$0000000B                 0x0001f408   Section        8  entry9a.o(.ARM.Collect$$$$0000000B)
    .ARM.Collect$$$$0000000D                 0x0001f410   Section        0  entry10a.o(.ARM.Collect$$$$0000000D)
    .ARM.Collect$$$$0000000F                 0x0001f410   Section        0  entry11a.o(.ARM.Collect$$$$0000000F)
    .ARM.Collect$$$$00002712                 0x0001f410   Section        4  entry2.o(.ARM.Collect$$$$00002712)
    __lit__00000000                          0x0001f410   Data           4  entry2.o(.ARM.Collect$$$$00002712)
    .text                                    0x0001f414   Section       36  arm_startup_nrf52.o(.text)
    $v0                                      0x0001f414   Number         0  arm_startup_nrf52.o(.text)
    .text                                    0x0001f438   Section        0  memcpya.o(.text)
    .text                                    0x0001f45c   Section        0  memseta.o(.text)
    .text                                    0x0001f480   Section       36  init.o(.text)
    i.GPIOTE_IRQHandler                      0x0001f4a4   Section        0  nrf_drv_gpiote.o(i.GPIOTE_IRQHandler)
    i.NVIC_ClearPendingIRQ                   0x0001f618   Section        0  app_timer.o(i.NVIC_ClearPendingIRQ)
    NVIC_ClearPendingIRQ                     0x0001f619   Thumb Code    22  app_timer.o(i.NVIC_ClearPendingIRQ)
    i.NVIC_DisableIRQ                        0x0001f62e   Section        0  softdevice_handler.o(i.NVIC_DisableIRQ)
    NVIC_DisableIRQ                          0x0001f62f   Thumb Code    22  softdevice_handler.o(i.NVIC_DisableIRQ)
    i.NVIC_EnableIRQ                         0x0001f644   Section        0  app_timer.o(i.NVIC_EnableIRQ)
    NVIC_EnableIRQ                           0x0001f645   Thumb Code    22  app_timer.o(i.NVIC_EnableIRQ)
    i.NVIC_EnableIRQ                         0x0001f65a   Section        0  softdevice_handler.o(i.NVIC_EnableIRQ)
    NVIC_EnableIRQ                           0x0001f65b   Thumb Code    22  softdevice_handler.o(i.NVIC_EnableIRQ)
    i.NVIC_SetPendingIRQ                     0x0001f670   Section        0  app_timer.o(i.NVIC_SetPendingIRQ)
    NVIC_SetPendingIRQ                       0x0001f671   Thumb Code    22  app_timer.o(i.NVIC_SetPendingIRQ)
    i.NVIC_SetPriority                       0x0001f686   Section        0  app_timer.o(i.NVIC_SetPriority)
    NVIC_SetPriority                         0x0001f687   Thumb Code    32  app_timer.o(i.NVIC_SetPriority)
    i.POWER_CLOCK_IRQHandler                 0x0001f6a8   Section        0  nrf_drv_clock.o(i.POWER_CLOCK_IRQHandler)
    i.RTC1_IRQHandler                        0x0001f700   Section        0  app_timer.o(i.RTC1_IRQHandler)
    i.SWI0_EGU0_IRQHandler                   0x0001f724   Section        0  app_timer.o(i.SWI0_EGU0_IRQHandler)
    i.SWI2_EGU2_IRQHandler                   0x0001f728   Section        0  softdevice_handler.o(i.SWI2_EGU2_IRQHandler)
    i.SystemInit                             0x0001f74c   Section        0  system_nrf52.o(i.SystemInit)
    i.UARTE0_UART0_IRQHandler                0x0001f9e8   Section        0  nrf_drv_uart.o(i.UARTE0_UART0_IRQHandler)
    i.__scatterload_copy                     0x0001fa04   Section       14  handlers.o(i.__scatterload_copy)
    i.__scatterload_null                     0x0001fa12   Section        2  handlers.o(i.__scatterload_null)
    i.__scatterload_zeroinit                 0x0001fa14   Section       14  handlers.o(i.__scatterload_zeroinit)
    i.__sd_nvic_app_accessible_irq           0x0001fa24   Section        0  softdevice_handler.o(i.__sd_nvic_app_accessible_irq)
    __sd_nvic_app_accessible_irq             0x0001fa25   Thumb Code    32  softdevice_handler.o(i.__sd_nvic_app_accessible_irq)
    i.adv_data_encode                        0x0001fa48   Section        0  ble_advdata.o(i.adv_data_encode)
    i.advertising_start                      0x0001fbca   Section        0  main.o(i.advertising_start)
    advertising_start                        0x0001fbcb   Thumb Code    60  main.o(i.advertising_start)
    i.app_button_disable                     0x0001fc08   Section        0  app_button.o(i.app_button_disable)
    i.app_button_enable                      0x0001fc38   Section        0  app_button.o(i.app_button_enable)
    i.app_button_init                        0x0001fc5c   Section        0  app_button.o(i.app_button_init)
    i.app_error_fault_handler                0x0001fccc   Section        0  app_error_weak.o(i.app_error_fault_handler)
    i.app_error_handler_bare                 0x0001fcf0   Section        0  app_error.o(i.app_error_handler_bare)
    i.app_timer_create                       0x0001fd08   Section        0  app_timer.o(i.app_timer_create)
    i.app_timer_init                         0x0001fd2c   Section        0  app_timer.o(i.app_timer_init)
    i.app_timer_start                        0x0001fd9c   Section        0  app_timer.o(i.app_timer_start)
    i.app_timer_stop                         0x0001fe24   Section        0  app_timer.o(i.app_timer_stop)
    i.app_util_critical_region_enter         0x0001fe44   Section        0  app_util_platform.o(i.app_util_critical_region_enter)
    i.app_util_critical_region_exit          0x0001fe8c   Section        0  app_util_platform.o(i.app_util_critical_region_exit)
    i.ble_advdata_set                        0x0001fec0   Section        0  ble_advdata.o(i.ble_advdata_set)
    i.ble_conn_params_init                   0x0001ff28   Section        0  ble_conn_params.o(i.ble_conn_params_init)
    i.ble_conn_params_on_ble_evt             0x0001ff80   Section        0  ble_conn_params.o(i.ble_conn_params_on_ble_evt)
    i.ble_device_addr_encode                 0x00020004   Section        0  ble_advdata.o(i.ble_device_addr_encode)
    ble_device_addr_encode                   0x00020005   Thumb Code    96  ble_advdata.o(i.ble_device_addr_encode)
    i.ble_evt_dispatch                       0x00020064   Section        0  main.o(i.ble_evt_dispatch)
    ble_evt_dispatch                         0x00020065   Thumb Code    26  main.o(i.ble_evt_dispatch)
    i.ble_lbs_init                           0x00020084   Section        0  ble_lbs.o(i.ble_lbs_init)
    i.ble_lbs_on_ble_evt                     0x000200e0   Section        0  ble_lbs.o(i.ble_lbs_on_ble_evt)
    i.ble_lbs_on_button_change               0x00020114   Section        0  ble_lbs.o(i.ble_lbs_on_button_change)
    i.ble_srv_is_notification_enabled        0x00020144   Section        0  ble_srv_common.o(i.ble_srv_is_notification_enabled)
    i.ble_stack_init                         0x0002014c   Section        0  main.o(i.ble_stack_init)
    ble_stack_init                           0x0002014d   Thumb Code    80  main.o(i.ble_stack_init)
    i.bsp_board_led_off                      0x000201a8   Section        0  boards.o(i.bsp_board_led_off)
    i.bsp_board_led_on                       0x000201b8   Section        0  boards.o(i.bsp_board_led_on)
    i.bsp_board_leds_init                    0x000201c8   Section        0  boards.o(i.bsp_board_leds_init)
    i.bsp_board_leds_off                     0x000201f4   Section        0  boards.o(i.bsp_board_leds_off)
    i.button_char_add                        0x00020206   Section        0  ble_lbs.o(i.button_char_add)
    button_char_add                          0x00020207   Thumb Code   210  ble_lbs.o(i.button_char_add)
    i.button_event_handler                   0x000202d8   Section        0  main.o(i.button_event_handler)
    button_event_handler                     0x000202d9   Thumb Code    38  main.o(i.button_event_handler)
    i.channel_free                           0x00020304   Section        0  nrf_drv_gpiote.o(i.channel_free)
    channel_free                             0x00020305   Thumb Code    22  nrf_drv_gpiote.o(i.channel_free)
    i.channel_port_alloc                     0x00020320   Section        0  nrf_drv_gpiote.o(i.channel_port_alloc)
    channel_port_alloc                       0x00020321   Thumb Code    66  nrf_drv_gpiote.o(i.channel_port_alloc)
    i.channel_port_get                       0x00020368   Section        0  nrf_drv_gpiote.o(i.channel_port_get)
    channel_port_get                         0x00020369   Thumb Code    10  nrf_drv_gpiote.o(i.channel_port_get)
    i.clock_clk_started_notify               0x00020378   Section        0  nrf_drv_clock.o(i.clock_clk_started_notify)
    clock_clk_started_notify                 0x00020379   Thumb Code    34  nrf_drv_clock.o(i.clock_clk_started_notify)
    i.compare_reg_update                     0x000203a0   Section        0  app_timer.o(i.compare_reg_update)
    compare_reg_update                       0x000203a1   Thumb Code   160  app_timer.o(i.compare_reg_update)
    i.conn_int_encode                        0x0002044c   Section        0  ble_advdata.o(i.conn_int_encode)
    conn_int_encode                          0x0002044d   Thumb Code   136  ble_advdata.o(i.conn_int_encode)
    i.conn_params_error_handler              0x000204d4   Section        0  main.o(i.conn_params_error_handler)
    conn_params_error_handler                0x000204d5   Thumb Code     4  main.o(i.conn_params_error_handler)
    i.conn_params_negotiation                0x000204d8   Section        0  ble_conn_params.o(i.conn_params_negotiation)
    conn_params_negotiation                  0x000204d9   Thumb Code    78  ble_conn_params.o(i.conn_params_negotiation)
    i.detection_delay_timeout_handler        0x00020534   Section        0  app_button.o(i.detection_delay_timeout_handler)
    detection_delay_timeout_handler          0x00020535   Thumb Code    92  app_button.o(i.detection_delay_timeout_handler)
    i.elapsed_ticks_acquire                  0x00020594   Section        0  app_timer.o(i.elapsed_ticks_acquire)
    elapsed_ticks_acquire                    0x00020595   Thumb Code    58  app_timer.o(i.elapsed_ticks_acquire)
    i.gpiote_event_handler                   0x000205d4   Section        0  app_button.o(i.gpiote_event_handler)
    gpiote_event_handler                     0x000205d5   Thumb Code    78  app_button.o(i.gpiote_event_handler)
    i.intern_softdevice_events_execute       0x0002062c   Section        0  softdevice_handler.o(i.intern_softdevice_events_execute)
    i.is_conn_params_ok                      0x000206a4   Section        0  ble_conn_params.o(i.is_conn_params_ok)
    is_conn_params_ok                        0x000206a5   Thumb Code    24  ble_conn_params.o(i.is_conn_params_ok)
    i.led_char_add                           0x000206c0   Section        0  ble_lbs.o(i.led_char_add)
    led_char_add                             0x000206c1   Thumb Code   158  ble_lbs.o(i.led_char_add)
    i.led_write_handler                      0x0002075e   Section        0  main.o(i.led_write_handler)
    led_write_handler                        0x0002075f   Thumb Code    14  main.o(i.led_write_handler)
    i.list_deletions_handler                 0x0002076c   Section        0  app_timer.o(i.list_deletions_handler)
    list_deletions_handler                   0x0002076d   Thumb Code   158  app_timer.o(i.list_deletions_handler)
    i.list_insertions_handler                0x00020814   Section        0  app_timer.o(i.list_insertions_handler)
    list_insertions_handler                  0x00020815   Thumb Code   174  app_timer.o(i.list_insertions_handler)
    i.main                                   0x000208cc   Section        0  main.o(i.main)
    i.manuf_specific_data_encode             0x00020a08   Section        0  ble_advdata.o(i.manuf_specific_data_encode)
    manuf_specific_data_encode               0x00020a09   Thumb Code   100  ble_advdata.o(i.manuf_specific_data_encode)
    i.name_encode                            0x00020a6c   Section        0  ble_advdata.o(i.name_encode)
    name_encode                              0x00020a6d   Thumb Code   156  ble_advdata.o(i.name_encode)
    i.nrf_bitmask_bit_is_set                 0x00020b08   Section        0  nrf_drv_gpiote.o(i.nrf_bitmask_bit_is_set)
    nrf_bitmask_bit_is_set                   0x00020b09   Thumb Code    16  nrf_drv_gpiote.o(i.nrf_bitmask_bit_is_set)
    i.nrf_clock_event_check                  0x00020b18   Section        0  nrf_drv_clock.o(i.nrf_clock_event_check)
    nrf_clock_event_check                    0x00020b19   Thumb Code    14  nrf_drv_clock.o(i.nrf_clock_event_check)
    i.nrf_clock_event_clear                  0x00020b26   Section        0  nrf_drv_clock.o(i.nrf_clock_event_clear)
    nrf_clock_event_clear                    0x00020b27   Thumb Code    16  nrf_drv_clock.o(i.nrf_clock_event_clear)
    i.nrf_delay_us                           0x00020b38   Section        0  app_timer.o(i.nrf_delay_us)
    nrf_delay_us                             0x00020b39   Thumb Code   132  app_timer.o(i.nrf_delay_us)
    i.nrf_drv_clock_init                     0x00020bc4   Section        0  nrf_drv_clock.o(i.nrf_drv_clock_init)
    i.nrf_drv_clock_on_sd_enable             0x00020c0c   Section        0  nrf_drv_clock.o(i.nrf_drv_clock_on_sd_enable)
    i.nrf_drv_clock_on_soc_event             0x00020c3c   Section        0  nrf_drv_clock.o(i.nrf_drv_clock_on_soc_event)
    i.nrf_drv_common_irq_enable              0x00020c46   Section        0  nrf_drv_common.o(i.nrf_drv_common_irq_enable)
    i.nrf_drv_gpiote_in_event_disable        0x00020c80   Section        0  nrf_drv_gpiote.o(i.nrf_drv_gpiote_in_event_disable)
    i.nrf_drv_gpiote_in_event_enable         0x00020cc8   Section        0  nrf_drv_gpiote.o(i.nrf_drv_gpiote_in_event_enable)
    i.nrf_drv_gpiote_in_init                 0x00020d6c   Section        0  nrf_drv_gpiote.o(i.nrf_drv_gpiote_in_init)
    i.nrf_drv_gpiote_in_is_set               0x00020e24   Section        0  nrf_drv_gpiote.o(i.nrf_drv_gpiote_in_is_set)
    i.nrf_drv_gpiote_init                    0x00020e38   Section        0  nrf_drv_gpiote.o(i.nrf_drv_gpiote_init)
    i.nrf_drv_gpiote_is_init                 0x00020e94   Section        0  nrf_drv_gpiote.o(i.nrf_drv_gpiote_is_init)
    i.nrf_gpio_cfg                           0x00020ea8   Section        0  boards.o(i.nrf_gpio_cfg)
    nrf_gpio_cfg                             0x00020ea9   Thumb Code    36  boards.o(i.nrf_gpio_cfg)
    i.nrf_gpio_cfg                           0x00020ecc   Section        0  nrf_drv_gpiote.o(i.nrf_gpio_cfg)
    nrf_gpio_cfg                             0x00020ecd   Thumb Code    36  nrf_drv_gpiote.o(i.nrf_gpio_cfg)
    i.nrf_gpio_cfg_sense_set                 0x00020ef0   Section        0  nrf_drv_gpiote.o(i.nrf_gpio_cfg_sense_set)
    nrf_gpio_cfg_sense_set                   0x00020ef1   Thumb Code    34  nrf_drv_gpiote.o(i.nrf_gpio_cfg_sense_set)
    i.nrf_gpio_pin_write                     0x00020f12   Section        0  boards.o(i.nrf_gpio_pin_write)
    nrf_gpio_pin_write                       0x00020f13   Thumb Code    22  boards.o(i.nrf_gpio_pin_write)
    i.nrf_gpio_ports_read                    0x00020f28   Section        0  nrf_drv_gpiote.o(i.nrf_gpio_ports_read)
    nrf_gpio_ports_read                      0x00020f29   Thumb Code    34  nrf_drv_gpiote.o(i.nrf_gpio_ports_read)
    i.nrf_gpiote_event_clear                 0x00020f50   Section        0  nrf_drv_gpiote.o(i.nrf_gpiote_event_clear)
    nrf_gpiote_event_clear                   0x00020f51   Thumb Code    16  nrf_drv_gpiote.o(i.nrf_gpiote_event_clear)
    i.nrf_gpiote_event_is_set                0x00020f64   Section        0  nrf_drv_gpiote.o(i.nrf_gpiote_event_is_set)
    nrf_gpiote_event_is_set                  0x00020f65   Thumb Code    12  nrf_drv_gpiote.o(i.nrf_gpiote_event_is_set)
    i.nrf_uart_event_check                   0x00020f74   Section        0  nrf_drv_uart.o(i.nrf_uart_event_check)
    nrf_uart_event_check                     0x00020f75   Thumb Code    10  nrf_drv_uart.o(i.nrf_uart_event_check)
    i.nrf_uart_event_clear                   0x00020f7e   Section        0  nrf_drv_uart.o(i.nrf_uart_event_clear)
    nrf_uart_event_clear                     0x00020f7f   Thumb Code    12  nrf_drv_uart.o(i.nrf_uart_event_clear)
    i.nrf_uart_int_enable_check              0x00020f8a   Section        0  nrf_drv_uart.o(i.nrf_uart_int_enable_check)
    nrf_uart_int_enable_check                0x00020f8b   Thumb Code    12  nrf_drv_uart.o(i.nrf_uart_int_enable_check)
    i.nrf_uarte_event_check                  0x00020f96   Section        0  nrf_drv_uart.o(i.nrf_uarte_event_check)
    nrf_uarte_event_check                    0x00020f97   Thumb Code    10  nrf_drv_uart.o(i.nrf_uarte_event_check)
    i.nrf_uarte_event_clear                  0x00020fa0   Section        0  nrf_drv_uart.o(i.nrf_uarte_event_clear)
    nrf_uarte_event_clear                    0x00020fa1   Thumb Code    12  nrf_drv_uart.o(i.nrf_uarte_event_clear)
    i.on_ble_evt                             0x00020fac   Section        0  main.o(i.on_ble_evt)
    on_ble_evt                               0x00020fad   Thumb Code   246  main.o(i.on_ble_evt)
    i.on_conn_params_evt                     0x000210a8   Section        0  main.o(i.on_conn_params_evt)
    on_conn_params_evt                       0x000210a9   Thumb Code    24  main.o(i.on_conn_params_evt)
    i.pin_in_use_by_port                     0x000210c4   Section        0  nrf_drv_gpiote.o(i.pin_in_use_by_port)
    pin_in_use_by_port                       0x000210c5   Thumb Code    20  nrf_drv_gpiote.o(i.pin_in_use_by_port)
    i.pin_in_use_by_te                       0x000210dc   Section        0  nrf_drv_gpiote.o(i.pin_in_use_by_te)
    pin_in_use_by_te                         0x000210dd   Thumb Code    20  nrf_drv_gpiote.o(i.pin_in_use_by_te)
    i.rtc1_stop                              0x000210f4   Section        0  app_timer.o(i.rtc1_stop)
    rtc1_stop                                0x000210f5   Thumb Code    52  app_timer.o(i.rtc1_stop)
    i.rx_byte                                0x00021130   Section        0  nrf_drv_uart.o(i.rx_byte)
    rx_byte                                  0x00021131   Thumb Code    50  nrf_drv_uart.o(i.rx_byte)
    i.rx_done_event                          0x00021162   Section        0  nrf_drv_uart.o(i.rx_done_event)
    rx_done_event                            0x00021163   Thumb Code    24  nrf_drv_uart.o(i.rx_done_event)
    i.sd_nvic_EnableIRQ                      0x0002117c   Section        0  softdevice_handler.o(i.sd_nvic_EnableIRQ)
    sd_nvic_EnableIRQ                        0x0002117d   Thumb Code   106  softdevice_handler.o(i.sd_nvic_EnableIRQ)
    i.service_data_encode                    0x000211ec   Section        0  ble_advdata.o(i.service_data_encode)
    service_data_encode                      0x000211ed   Thumb Code   136  ble_advdata.o(i.service_data_encode)
    i.softdevice_ble_evt_handler_set         0x00021274   Section        0  softdevice_handler.o(i.softdevice_ble_evt_handler_set)
    i.softdevice_enable                      0x00021288   Section        0  softdevice_handler.o(i.softdevice_enable)
    i.softdevice_enable_get_default_config   0x0002129c   Section        0  softdevice_handler.o(i.softdevice_enable_get_default_config)
    i.softdevice_fault_handler               0x000212c2   Section        0  softdevice_handler.o(i.softdevice_fault_handler)
    i.softdevice_handler_init                0x000212c8   Section        0  softdevice_handler.o(i.softdevice_handler_init)
    i.softdevice_handler_is_enabled          0x0002132c   Section        0  softdevice_handler.o(i.softdevice_handler_is_enabled)
    i.timer_list_handler                     0x00021338   Section        0  app_timer.o(i.timer_list_handler)
    timer_list_handler                       0x00021339   Thumb Code   134  app_timer.o(i.timer_list_handler)
    i.timer_list_insert                      0x000213c4   Section        0  app_timer.o(i.timer_list_insert)
    timer_list_insert                        0x000213c5   Thumb Code    56  app_timer.o(i.timer_list_insert)
    i.timer_stop_op_schedule                 0x00021400   Section        0  app_timer.o(i.timer_stop_op_schedule)
    timer_stop_op_schedule                   0x00021401   Thumb Code    68  app_timer.o(i.timer_stop_op_schedule)
    i.timer_timeouts_check                   0x00021448   Section        0  app_timer.o(i.timer_timeouts_check)
    timer_timeouts_check                     0x00021449   Thumb Code   124  app_timer.o(i.timer_timeouts_check)
    i.tx_byte                                0x000214cc   Section        0  nrf_drv_uart.o(i.tx_byte)
    tx_byte                                  0x000214cd   Thumb Code    32  nrf_drv_uart.o(i.tx_byte)
    i.tx_done_event                          0x000214ec   Section        0  nrf_drv_uart.o(i.tx_done_event)
    tx_done_event                            0x000214ed   Thumb Code    28  nrf_drv_uart.o(i.tx_done_event)
    i.uart_irq_handler                       0x00021508   Section        0  nrf_drv_uart.o(i.uart_irq_handler)
    uart_irq_handler                         0x00021509   Thumb Code   286  nrf_drv_uart.o(i.uart_irq_handler)
    i.uarte_irq_handler                      0x00021626   Section        0  nrf_drv_uart.o(i.uarte_irq_handler)
    uarte_irq_handler                        0x00021627   Thumb Code   240  nrf_drv_uart.o(i.uarte_irq_handler)
    i.uint16_encode                          0x00021716   Section        0  ble_advdata.o(i.uint16_encode)
    uint16_encode                            0x00021717   Thumb Code    10  ble_advdata.o(i.uint16_encode)
    i.update_timeout_handler                 0x00021720   Section        0  ble_conn_params.o(i.update_timeout_handler)
    update_timeout_handler                   0x00021721   Thumb Code    88  ble_conn_params.o(i.update_timeout_handler)
    i.user_op_alloc                          0x00021780   Section        0  app_timer.o(i.user_op_alloc)
    user_op_alloc                            0x00021781   Thumb Code    42  app_timer.o(i.user_op_alloc)
    i.uuid_list_encode                       0x000217b0   Section        0  ble_advdata.o(i.uuid_list_encode)
    uuid_list_encode                         0x000217b1   Thumb Code    48  ble_advdata.o(i.uuid_list_encode)
    i.uuid_list_sized_encode                 0x000217e0   Section        0  ble_advdata.o(i.uuid_list_sized_encode)
    uuid_list_sized_encode                   0x000217e1   Thumb Code   158  ble_advdata.o(i.uuid_list_sized_encode)
    .constdata                               0x00021880   Section        8  main.o(.constdata)
    .constdata                               0x00021888   Section        8  boards.o(.constdata)
    m_board_led_list                         0x00021888   Data           4  boards.o(.constdata)
    m_board_btn_list                         0x0002188c   Data           4  boards.o(.constdata)
    .constdata                               0x00021890   Section        4  ble_conn_params.o(.constdata)
    m_conn_params_timer_id                   0x00021890   Data           4  ble_conn_params.o(.constdata)
    .constdata                               0x00021894   Section       16  ble_lbs.o(.constdata)
    .constdata                               0x000218a4   Section        4  nrf_drv_gpiote.o(.constdata)
    .constdata                               0x000218a8   Section        8  app_button.o(.constdata)
    m_detection_delay_timer_id               0x000218a8   Data           4  app_button.o(.constdata)
    .data                                    0x20002128   Section       12  main.o(.data)
    m_conn_handle                            0x20002128   Data           2  main.o(.data)
    buttons                                  0x2000212c   Data           8  main.o(.data)
    .data                                    0x20002134   Section       20  ble_conn_params.o(.data)
    m_change_param                           0x20002134   Data           1  ble_conn_params.o(.data)
    m_update_count                           0x20002135   Data           1  ble_conn_params.o(.data)
    m_conn_handle                            0x20002136   Data           2  ble_conn_params.o(.data)
    m_preferred_conn_params                  0x20002138   Data           8  ble_conn_params.o(.data)
    m_current_conn_params                    0x20002140   Data           8  ble_conn_params.o(.data)
    .data                                    0x20002148   Section       20  app_button.o(.data)
    m_button_count                           0x20002148   Data           1  app_button.o(.data)
    mp_buttons                               0x2000214c   Data           4  app_button.o(.data)
    m_detection_delay                        0x20002150   Data           4  app_button.o(.data)
    m_pin_state                              0x20002154   Data           4  app_button.o(.data)
    m_pin_transition                         0x20002158   Data           4  app_button.o(.data)
    .data                                    0x2000215c   Section       32  app_timer.o(.data)
    m_ticks_elapsed_q_read_ind               0x2000215c   Data           1  app_timer.o(.data)
    m_ticks_elapsed_q_write_ind              0x2000215d   Data           1  app_timer.o(.data)
    m_rtc1_running                           0x2000215e   Data           1  app_timer.o(.data)
    m_rtc1_reset                             0x2000215f   Data           1  app_timer.o(.data)
    mp_timer_id_head                         0x20002160   Data           4  app_timer.o(.data)
    m_ticks_latest                           0x20002164   Data           4  app_timer.o(.data)
    m_evt_schedule_func                      0x20002168   Data           4  app_timer.o(.data)
    m_op_queue                               0x2000216c   Data           8  app_timer.o(.data)
    m_ticks_elapsed                          0x20002174   Data           8  app_timer.o(.data)
    .data                                    0x2000217c   Section       20  softdevice_handler.o(.data)
    m_softdevice_enabled                     0x2000217c   Data           1  softdevice_handler.o(.data)
    m_suspended                              0x2000217d   Data           1  softdevice_handler.o(.data)
    m_ble_evt_buffer_size                    0x2000217e   Data           2  softdevice_handler.o(.data)
    m_evt_schedule_func                      0x20002180   Data           4  softdevice_handler.o(.data)
    mp_ble_evt_buffer                        0x20002184   Data           4  softdevice_handler.o(.data)
    m_ble_evt_handler                        0x20002188   Data           4  softdevice_handler.o(.data)
    m_sys_evt_handler                        0x2000218c   Data           4  softdevice_handler.o(.data)
    .data                                    0x20002190   Section        4  system_nrf52.o(.data)
    __tagsym$$used                           0x20002190   Number         0  system_nrf52.o(.data)
    .bss                                     0x20002194   Section      228  main.o(.bss)
    APP_TIMER_BUF                            0x20002194   Data         120  main.o(.bss)
    BLE_EVT_BUFFER                           0x2000220c   Data          80  main.o(.bss)
    m_lbs                                    0x2000225c   Data          28  main.o(.bss)
    .bss                                     0x20002278   Section       32  ble_conn_params.o(.bss)
    m_conn_params_timer_id_data              0x20002278   Data          32  ble_conn_params.o(.bss)
    .bss                                     0x20002298   Section       28  ble_conn_params.o(.bss)
    m_conn_params_config                     0x20002298   Data          28  ble_conn_params.o(.bss)
    .bss                                     0x200022b4   Section       20  nrf_drv_clock.o(.bss)
    m_clock_cb                               0x200022b4   Data          20  nrf_drv_clock.o(.bss)
    .bss                                     0x200022c8   Section       88  nrf_drv_gpiote.o(.bss)
    m_cb                                     0x200022c8   Data          88  nrf_drv_gpiote.o(.bss)
    .bss                                     0x20002320   Section       32  nrf_drv_uart.o(.bss)
    m_cb                                     0x20002320   Data          32  nrf_drv_uart.o(.bss)
    .bss                                     0x20002340   Section       32  app_button.o(.bss)
    m_detection_delay_timer_id_data          0x20002340   Data          32  app_button.o(.bss)
    .bss                                     0x20002360   Section       12  app_util_platform.o(.bss)
    STACK                                    0x20002370   Section     8192  arm_startup_nrf52.o(STACK)

    Global Symbols

    Symbol Name                              Value     Ov Type        Size  Object(Section)

    BuildAttributes$$THM_ISAv4$E$P$D$K$B$S$7EM$VFPi3$EXTD16$VFPS$VFMA$PE$A:L22UL41UL21$X:L11$S22US41US21$IEEE1$IW$USESV6$~STKCKD$USESV7$~SHL$OSPACE$EBA8$MICROLIB$REQ8$PRES8$EABIv2 0x00000000   Number         0  anon$$obj.o ABSOLUTE
    __ARM_use_no_argv                        0x00000000   Number         0  main.o ABSOLUTE
    __cpp_initialize__aeabi_                  - Undefined Weak Reference
    __cxa_finalize                            - Undefined Weak Reference
    __decompress                              - Undefined Weak Reference
    _clock_init                               - Undefined Weak Reference
    _microlib_exit                            - Undefined Weak Reference
    __Vectors_Size                           0x00000400   Number         0  arm_startup_nrf52.o ABSOLUTE
    __Vectors                                0x0001f000   Data           4  arm_startup_nrf52.o(RESET)
    __Vectors_End                            0x0001f400   Data           0  arm_startup_nrf52.o(RESET)
    __main                                   0x0001f401   Thumb Code     0  entry.o(.ARM.Collect$$$$00000000)
    _main_stk                                0x0001f401   Thumb Code     0  entry2.o(.ARM.Collect$$$$00000001)
    _main_scatterload                        0x0001f405   Thumb Code     0  entry5.o(.ARM.Collect$$$$00000004)
    __main_after_scatterload                 0x0001f409   Thumb Code     0  entry5.o(.ARM.Collect$$$$00000004)
    _main_clock                              0x0001f409   Thumb Code     0  entry7b.o(.ARM.Collect$$$$00000008)
    _main_cpp_init                           0x0001f409   Thumb Code     0  entry8b.o(.ARM.Collect$$$$0000000A)
    _main_init                               0x0001f409   Thumb Code     0  entry9a.o(.ARM.Collect$$$$0000000B)
    __rt_final_cpp                           0x0001f411   Thumb Code     0  entry10a.o(.ARM.Collect$$$$0000000D)
    __rt_final_exit                          0x0001f411   Thumb Code     0  entry11a.o(.ARM.Collect$$$$0000000F)
    Reset_Handler                            0x0001f415   Thumb Code     8  arm_startup_nrf52.o(.text)
    NMI_Handler                              0x0001f41d   Thumb Code     2  arm_startup_nrf52.o(.text)
    HardFault_Handler                        0x0001f41f   Thumb Code     2  arm_startup_nrf52.o(.text)
    MemoryManagement_Handler                 0x0001f421   Thumb Code     2  arm_startup_nrf52.o(.text)
    BusFault_Handler                         0x0001f423   Thumb Code     2  arm_startup_nrf52.o(.text)
    UsageFault_Handler                       0x0001f425   Thumb Code     2  arm_startup_nrf52.o(.text)
    SVC_Handler                              0x0001f427   Thumb Code     2  arm_startup_nrf52.o(.text)
    DebugMon_Handler                         0x0001f429   Thumb Code     2  arm_startup_nrf52.o(.text)
    PendSV_Handler                           0x0001f42b   Thumb Code     2  arm_startup_nrf52.o(.text)
    SysTick_Handler                          0x0001f42d   Thumb Code     2  arm_startup_nrf52.o(.text)
    CCM_AAR_IRQHandler                       0x0001f42f   Thumb Code     0  arm_startup_nrf52.o(.text)
    COMP_LPCOMP_IRQHandler                   0x0001f42f   Thumb Code     0  arm_startup_nrf52.o(.text)
    ECB_IRQHandler                           0x0001f42f   Thumb Code     0  arm_startup_nrf52.o(.text)
    FPU_IRQHandler                           0x0001f42f   Thumb Code     0  arm_startup_nrf52.o(.text)
    I2S_IRQHandler                           0x0001f42f   Thumb Code     0  arm_startup_nrf52.o(.text)
    MWU_IRQHandler                           0x0001f42f   Thumb Code     0  arm_startup_nrf52.o(.text)
    NFCT_IRQHandler                          0x0001f42f   Thumb Code     0  arm_startup_nrf52.o(.text)
    PDM_IRQHandler                           0x0001f42f   Thumb Code     0  arm_startup_nrf52.o(.text)
    PWM0_IRQHandler                          0x0001f42f   Thumb Code     0  arm_startup_nrf52.o(.text)
    PWM1_IRQHandler                          0x0001f42f   Thumb Code     0  arm_startup_nrf52.o(.text)
    PWM2_IRQHandler                          0x0001f42f   Thumb Code     0  arm_startup_nrf52.o(.text)
    QDEC_IRQHandler                          0x0001f42f   Thumb Code     0  arm_startup_nrf52.o(.text)
    RADIO_IRQHandler                         0x0001f42f   Thumb Code     0  arm_startup_nrf52.o(.text)
    RNG_IRQHandler                           0x0001f42f   Thumb Code     0  arm_startup_nrf52.o(.text)
    RTC0_IRQHandler                          0x0001f42f   Thumb Code     0  arm_startup_nrf52.o(.text)
    RTC2_IRQHandler                          0x0001f42f   Thumb Code     0  arm_startup_nrf52.o(.text)
    SAADC_IRQHandler                         0x0001f42f   Thumb Code     0  arm_startup_nrf52.o(.text)
    SPIM0_SPIS0_TWIM0_TWIS0_SPI0_TWI0_IRQHandler 0x0001f42f   Thumb Code     0  arm_startup_nrf52.o(.text)
    SPIM1_SPIS1_TWIM1_TWIS1_SPI1_TWI1_IRQHandler 0x0001f42f   Thumb Code     0  arm_startup_nrf52.o(.text)
    SPIM2_SPIS2_SPI2_IRQHandler              0x0001f42f   Thumb Code     0  arm_startup_nrf52.o(.text)
    SWI1_EGU1_IRQHandler                     0x0001f42f   Thumb Code     0  arm_startup_nrf52.o(.text)
    SWI3_EGU3_IRQHandler                     0x0001f42f   Thumb Code     0  arm_startup_nrf52.o(.text)
    SWI4_EGU4_IRQHandler                     0x0001f42f   Thumb Code     0  arm_startup_nrf52.o(.text)
    SWI5_EGU5_IRQHandler                     0x0001f42f   Thumb Code     0  arm_startup_nrf52.o(.text)
    TEMP_IRQHandler                          0x0001f42f   Thumb Code     0  arm_startup_nrf52.o(.text)
    TIMER0_IRQHandler                        0x0001f42f   Thumb Code     0  arm_startup_nrf52.o(.text)
    TIMER1_IRQHandler                        0x0001f42f   Thumb Code     0  arm_startup_nrf52.o(.text)
    TIMER2_IRQHandler                        0x0001f42f   Thumb Code     0  arm_startup_nrf52.o(.text)
    TIMER3_IRQHandler                        0x0001f42f   Thumb Code     0  arm_startup_nrf52.o(.text)
    TIMER4_IRQHandler                        0x0001f42f   Thumb Code     0  arm_startup_nrf52.o(.text)
    WDT_IRQHandler                           0x0001f42f   Thumb Code     0  arm_startup_nrf52.o(.text)
    __aeabi_memcpy                           0x0001f439   Thumb Code    36  memcpya.o(.text)
    __aeabi_memcpy4                          0x0001f439   Thumb Code     0  memcpya.o(.text)
    __aeabi_memcpy8                          0x0001f439   Thumb Code     0  memcpya.o(.text)
    __aeabi_memset                           0x0001f45d   Thumb Code    14  memseta.o(.text)
    __aeabi_memset4                          0x0001f45d   Thumb Code     0  memseta.o(.text)
    __aeabi_memset8                          0x0001f45d   Thumb Code     0  memseta.o(.text)
    __aeabi_memclr                           0x0001f46b   Thumb Code     4  memseta.o(.text)
    __aeabi_memclr4                          0x0001f46b   Thumb Code     0  memseta.o(.text)
    __aeabi_memclr8                          0x0001f46b   Thumb Code     0  memseta.o(.text)
    _memset$wrapper                          0x0001f46f   Thumb Code    18  memseta.o(.text)
    __scatterload                            0x0001f481   Thumb Code    28  init.o(.text)
    __scatterload_rt2                        0x0001f481   Thumb Code     0  init.o(.text)
    GPIOTE_IRQHandler                        0x0001f4a5   Thumb Code   362  nrf_drv_gpiote.o(i.GPIOTE_IRQHandler)
    POWER_CLOCK_IRQHandler                   0x0001f6a9   Thumb Code    84  nrf_drv_clock.o(i.POWER_CLOCK_IRQHandler)
    RTC1_IRQHandler                          0x0001f701   Thumb Code    32  app_timer.o(i.RTC1_IRQHandler)
    SWI0_EGU0_IRQHandler                     0x0001f725   Thumb Code     4  app_timer.o(i.SWI0_EGU0_IRQHandler)
    SWI2_EGU2_IRQHandler                     0x0001f729   Thumb Code    32  softdevice_handler.o(i.SWI2_EGU2_IRQHandler)
    SystemInit                               0x0001f74d   Thumb Code   610  system_nrf52.o(i.SystemInit)
    UARTE0_UART0_IRQHandler                  0x0001f9e9   Thumb Code    20  nrf_drv_uart.o(i.UARTE0_UART0_IRQHandler)
    __scatterload_copy                       0x0001fa05   Thumb Code    14  handlers.o(i.__scatterload_copy)
    __scatterload_null                       0x0001fa13   Thumb Code     2  handlers.o(i.__scatterload_null)
    __scatterload_zeroinit                   0x0001fa15   Thumb Code    14  handlers.o(i.__scatterload_zeroinit)
    adv_data_encode                          0x0001fa49   Thumb Code   386  ble_advdata.o(i.adv_data_encode)
    app_button_disable                       0x0001fc09   Thumb Code    38  app_button.o(i.app_button_disable)
    app_button_enable                        0x0001fc39   Thumb Code    32  app_button.o(i.app_button_enable)
    app_button_init                          0x0001fc5d   Thumb Code    96  app_button.o(i.app_button_init)
    app_error_fault_handler                  0x0001fccd   Thumb Code    26  app_error_weak.o(i.app_error_fault_handler)
    app_error_handler_bare                   0x0001fcf1   Thumb Code    22  app_error.o(i.app_error_handler_bare)
    app_timer_create                         0x0001fd09   Thumb Code    32  app_timer.o(i.app_timer_create)
    app_timer_init                           0x0001fd2d   Thumb Code   102  app_timer.o(i.app_timer_init)
    app_timer_start                          0x0001fd9d   Thumb Code   128  app_timer.o(i.app_timer_start)
    app_timer_stop                           0x0001fe25   Thumb Code    26  app_timer.o(i.app_timer_stop)
    app_util_critical_region_enter           0x0001fe45   Thumb Code    64  app_util_platform.o(i.app_util_critical_region_enter)
    app_util_critical_region_exit            0x0001fe8d   Thumb Code    46  app_util_platform.o(i.app_util_critical_region_exit)
    ble_advdata_set                          0x0001fec1   Thumb Code   104  ble_advdata.o(i.ble_advdata_set)
    ble_conn_params_init                     0x0001ff29   Thumb Code    72  ble_conn_params.o(i.ble_conn_params_init)
    ble_conn_params_on_ble_evt               0x0001ff81   Thumb Code   120  ble_conn_params.o(i.ble_conn_params_on_ble_evt)
    ble_lbs_init                             0x00020085   Thumb Code    88  ble_lbs.o(i.ble_lbs_init)
    ble_lbs_on_ble_evt                       0x000200e1   Thumb Code    52  ble_lbs.o(i.ble_lbs_on_ble_evt)
    ble_lbs_on_button_change                 0x00020115   Thumb Code    48  ble_lbs.o(i.ble_lbs_on_button_change)
    ble_srv_is_notification_enabled          0x00020145   Thumb Code     8  ble_srv_common.o(i.ble_srv_is_notification_enabled)
    bsp_board_led_off                        0x000201a9   Thumb Code    10  boards.o(i.bsp_board_led_off)
    bsp_board_led_on                         0x000201b9   Thumb Code    10  boards.o(i.bsp_board_led_on)
    bsp_board_leds_init                      0x000201c9   Thumb Code    38  boards.o(i.bsp_board_leds_init)
    bsp_board_leds_off                       0x000201f5   Thumb Code    18  boards.o(i.bsp_board_leds_off)
    intern_softdevice_events_execute         0x0002062d   Thumb Code   114  softdevice_handler.o(i.intern_softdevice_events_execute)
    main                                     0x000208cd   Thumb Code   288  main.o(i.main)
    nrf_drv_clock_init                       0x00020bc5   Thumb Code    64  nrf_drv_clock.o(i.nrf_drv_clock_init)
    nrf_drv_clock_on_sd_enable               0x00020c0d   Thumb Code    44  nrf_drv_clock.o(i.nrf_drv_clock_on_sd_enable)
    nrf_drv_clock_on_soc_event               0x00020c3d   Thumb Code    10  nrf_drv_clock.o(i.nrf_drv_clock_on_soc_event)
    nrf_drv_common_irq_enable                0x00020c47   Thumb Code    56  nrf_drv_common.o(i.nrf_drv_common_irq_enable)
    nrf_drv_gpiote_in_event_disable          0x00020c81   Thumb Code    66  nrf_drv_gpiote.o(i.nrf_drv_gpiote_in_event_disable)
    nrf_drv_gpiote_in_event_enable           0x00020cc9   Thumb Code   156  nrf_drv_gpiote.o(i.nrf_drv_gpiote_in_event_enable)
    nrf_drv_gpiote_in_init                   0x00020d6d   Thumb Code   172  nrf_drv_gpiote.o(i.nrf_drv_gpiote_in_init)
    nrf_drv_gpiote_in_is_set                 0x00020e25   Thumb Code    20  nrf_drv_gpiote.o(i.nrf_drv_gpiote_in_is_set)
    nrf_drv_gpiote_init                      0x00020e39   Thumb Code    84  nrf_drv_gpiote.o(i.nrf_drv_gpiote_init)
    nrf_drv_gpiote_is_init                   0x00020e95   Thumb Code    14  nrf_drv_gpiote.o(i.nrf_drv_gpiote_is_init)
    softdevice_ble_evt_handler_set           0x00021275   Thumb Code    14  softdevice_handler.o(i.softdevice_ble_evt_handler_set)
    softdevice_enable                        0x00021289   Thumb Code    14  softdevice_handler.o(i.softdevice_enable)
    softdevice_enable_get_default_config     0x0002129d   Thumb Code    38  softdevice_handler.o(i.softdevice_enable_get_default_config)
    softdevice_fault_handler                 0x000212c3   Thumb Code     4  softdevice_handler.o(i.softdevice_fault_handler)
    softdevice_handler_init                  0x000212c9   Thumb Code    92  softdevice_handler.o(i.softdevice_handler_init)
    softdevice_handler_is_enabled            0x0002132d   Thumb Code     6  softdevice_handler.o(i.softdevice_handler_is_enabled)
    Region$$Table$$Base                      0x000218b0   Number         0  anon$$obj.o(Region$$Table)
    Region$$Table$$Limit                     0x000218d0   Number         0  anon$$obj.o(Region$$Table)
    Image$$RW_IRAM1$$Base                    0x20002128   Number         0  anon$$obj.o ABSOLUTE
    SystemCoreClock                          0x20002190   Data           4  system_nrf52.o(.data)
    nrf_nvic_state                           0x20002360   Data          12  app_util_platform.o(.bss)
    __initial_sp                             0x20004370   Data           0  arm_startup_nrf52.o(STACK)



==============================================================================

Memory Map of the image

  Image Entry point : 0x0001f401

  Load Region LR_IROM1 (Base: 0x0001f000, Size: 0x0000293c, Max: 0x00061000, ABSOLUTE)

    Execution Region ER_IROM1 (Exec base: 0x0001f000, Load base: 0x0001f000, Size: 0x000028d0, Max: 0x00061000, ABSOLUTE)

    Exec Addr    Load Addr    Size         Type   Attr      Idx    E Section Name        Object

    0x0001f000   0x0001f000   0x00000400   Data   RO         2270    RESET               arm_startup_nrf52.o
    0x0001f400   0x0001f400   0x00000000   Code   RO         2311  * .ARM.Collect$$$$00000000  mc_w.l(entry.o)
    0x0001f400   0x0001f400   0x00000004   Code   RO         2324    .ARM.Collect$$$$00000001  mc_w.l(entry2.o)
    0x0001f404   0x0001f404   0x00000004   Code   RO         2327    .ARM.Collect$$$$00000004  mc_w.l(entry5.o)
    0x0001f408   0x0001f408   0x00000000   Code   RO         2329    .ARM.Collect$$$$00000008  mc_w.l(entry7b.o)
    0x0001f408   0x0001f408   0x00000000   Code   RO         2331    .ARM.Collect$$$$0000000A  mc_w.l(entry8b.o)
    0x0001f408   0x0001f408   0x00000008   Code   RO         2332    .ARM.Collect$$$$0000000B  mc_w.l(entry9a.o)
    0x0001f410   0x0001f410   0x00000000   Code   RO         2334    .ARM.Collect$$$$0000000D  mc_w.l(entry10a.o)
    0x0001f410   0x0001f410   0x00000000   Code   RO         2336    .ARM.Collect$$$$0000000F  mc_w.l(entry11a.o)
    0x0001f410   0x0001f410   0x00000004   Code   RO         2325    .ARM.Collect$$$$00002712  mc_w.l(entry2.o)
    0x0001f414   0x0001f414   0x00000024   Code   RO         2271    .text               arm_startup_nrf52.o
    0x0001f438   0x0001f438   0x00000024   Code   RO         2314    .text               mc_w.l(memcpya.o)
    0x0001f45c   0x0001f45c   0x00000024   Code   RO         2316    .text               mc_w.l(memseta.o)
    0x0001f480   0x0001f480   0x00000024   Code   RO         2338    .text               mc_w.l(init.o)
    0x0001f4a4   0x0001f4a4   0x00000174   Code   RO         1050    i.GPIOTE_IRQHandler  nrf_drv_gpiote.o
    0x0001f618   0x0001f618   0x00000016   Code   RO         1664    i.NVIC_ClearPendingIRQ  app_timer.o
    0x0001f62e   0x0001f62e   0x00000016   Code   RO         2123    i.NVIC_DisableIRQ   softdevice_handler.o
    0x0001f644   0x0001f644   0x00000016   Code   RO         1665    i.NVIC_EnableIRQ    app_timer.o
    0x0001f65a   0x0001f65a   0x00000016   Code   RO         2124    i.NVIC_EnableIRQ    softdevice_handler.o
    0x0001f670   0x0001f670   0x00000016   Code   RO         1666    i.NVIC_SetPendingIRQ  app_timer.o
    0x0001f686   0x0001f686   0x00000020   Code   RO         1667    i.NVIC_SetPriority  app_timer.o
    0x0001f6a6   0x0001f6a6   0x00000002   PAD
    0x0001f6a8   0x0001f6a8   0x00000058   Code   RO          820    i.POWER_CLOCK_IRQHandler  nrf_drv_clock.o
    0x0001f700   0x0001f700   0x00000024   Code   RO         1668    i.RTC1_IRQHandler   app_timer.o
    0x0001f724   0x0001f724   0x00000004   Code   RO         1669    i.SWI0_EGU0_IRQHandler  app_timer.o
    0x0001f728   0x0001f728   0x00000024   Code   RO         2125    i.SWI2_EGU2_IRQHandler  softdevice_handler.o
    0x0001f74c   0x0001f74c   0x0000029c   Code   RO         2279    i.SystemInit        system_nrf52.o
    0x0001f9e8   0x0001f9e8   0x0000001c   Code   RO         1293    i.UARTE0_UART0_IRQHandler  nrf_drv_uart.o
    0x0001fa04   0x0001fa04   0x0000000e   Code   RO         2342    i.__scatterload_copy  mc_w.l(handlers.o)
    0x0001fa12   0x0001fa12   0x00000002   Code   RO         2343    i.__scatterload_null  mc_w.l(handlers.o)
    0x0001fa14   0x0001fa14   0x0000000e   Code   RO         2344    i.__scatterload_zeroinit  mc_w.l(handlers.o)
    0x0001fa22   0x0001fa22   0x00000002   PAD
    0x0001fa24   0x0001fa24   0x00000024   Code   RO         2126    i.__sd_nvic_app_accessible_irq  softdevice_handler.o
    0x0001fa48   0x0001fa48   0x00000182   Code   RO          544    i.adv_data_encode   ble_advdata.o
    0x0001fbca   0x0001fbca   0x0000003c   Code   RO            4    i.advertising_start  main.o
    0x0001fc06   0x0001fc06   0x00000002   PAD
    0x0001fc08   0x0001fc08   0x00000030   Code   RO         1525    i.app_button_disable  app_button.o
    0x0001fc38   0x0001fc38   0x00000024   Code   RO         1526    i.app_button_enable  app_button.o
    0x0001fc5c   0x0001fc5c   0x00000070   Code   RO         1527    i.app_button_init   app_button.o
    0x0001fccc   0x0001fccc   0x00000024   Code   RO         1636    i.app_error_fault_handler  app_error_weak.o
    0x0001fcf0   0x0001fcf0   0x00000016   Code   RO         1591    i.app_error_handler_bare  app_error.o
    0x0001fd06   0x0001fd06   0x00000002   PAD
    0x0001fd08   0x0001fd08   0x00000024   Code   RO         1672    i.app_timer_create  app_timer.o
    0x0001fd2c   0x0001fd2c   0x00000070   Code   RO         1673    i.app_timer_init    app_timer.o
    0x0001fd9c   0x0001fd9c   0x00000088   Code   RO         1674    i.app_timer_start   app_timer.o
    0x0001fe24   0x0001fe24   0x00000020   Code   RO         1675    i.app_timer_stop    app_timer.o
    0x0001fe44   0x0001fe44   0x00000048   Code   RO         1824    i.app_util_critical_region_enter  app_util_platform.o
    0x0001fe8c   0x0001fe8c   0x00000034   Code   RO         1825    i.app_util_critical_region_exit  app_util_platform.o
    0x0001fec0   0x0001fec0   0x00000068   Code   RO          545    i.ble_advdata_set   ble_advdata.o
    0x0001ff28   0x0001ff28   0x00000058   Code   RO          640    i.ble_conn_params_init  ble_conn_params.o
    0x0001ff80   0x0001ff80   0x00000084   Code   RO          641    i.ble_conn_params_on_ble_evt  ble_conn_params.o
    0x00020004   0x00020004   0x00000060   Code   RO          546    i.ble_device_addr_encode  ble_advdata.o
    0x00020064   0x00020064   0x00000020   Code   RO            6    i.ble_evt_dispatch  main.o
    0x00020084   0x00020084   0x0000005c   Code   RO          770    i.ble_lbs_init      ble_lbs.o
    0x000200e0   0x000200e0   0x00000034   Code   RO          771    i.ble_lbs_on_ble_evt  ble_lbs.o
    0x00020114   0x00020114   0x00000030   Code   RO          772    i.ble_lbs_on_button_change  ble_lbs.o
    0x00020144   0x00020144   0x00000008   Code   RO          713    i.ble_srv_is_notification_enabled  ble_srv_common.o
    0x0002014c   0x0002014c   0x0000005c   Code   RO            7    i.ble_stack_init    main.o
    0x000201a8   0x000201a8   0x00000010   Code   RO          279    i.bsp_board_led_off  boards.o
    0x000201b8   0x000201b8   0x00000010   Code   RO          280    i.bsp_board_led_on  boards.o
    0x000201c8   0x000201c8   0x0000002c   Code   RO          282    i.bsp_board_leds_init  boards.o
    0x000201f4   0x000201f4   0x00000012   Code   RO          283    i.bsp_board_leds_off  boards.o
    0x00020206   0x00020206   0x000000d2   Code   RO          773    i.button_char_add   ble_lbs.o
    0x000202d8   0x000202d8   0x0000002c   Code   RO            8    i.button_event_handler  main.o
    0x00020304   0x00020304   0x0000001c   Code   RO         1051    i.channel_free      nrf_drv_gpiote.o
    0x00020320   0x00020320   0x00000048   Code   RO         1052    i.channel_port_alloc  nrf_drv_gpiote.o
    0x00020368   0x00020368   0x00000010   Code   RO         1053    i.channel_port_get  nrf_drv_gpiote.o
    0x00020378   0x00020378   0x00000028   Code   RO          821    i.clock_clk_started_notify  nrf_drv_clock.o
    0x000203a0   0x000203a0   0x000000ac   Code   RO         1677    i.compare_reg_update  app_timer.o
    0x0002044c   0x0002044c   0x00000088   Code   RO          547    i.conn_int_encode   ble_advdata.o
    0x000204d4   0x000204d4   0x00000004   Code   RO            9    i.conn_params_error_handler  main.o
    0x000204d8   0x000204d8   0x0000005c   Code   RO          643    i.conn_params_negotiation  ble_conn_params.o
    0x00020534   0x00020534   0x00000060   Code   RO         1529    i.detection_delay_timeout_handler  app_button.o
    0x00020594   0x00020594   0x00000040   Code   RO         1678    i.elapsed_ticks_acquire  app_timer.o
    0x000205d4   0x000205d4   0x00000058   Code   RO         1530    i.gpiote_event_handler  app_button.o
    0x0002062c   0x0002062c   0x00000078   Code   RO         2127    i.intern_softdevice_events_execute  softdevice_handler.o
    0x000206a4   0x000206a4   0x0000001c   Code   RO          644    i.is_conn_params_ok  ble_conn_params.o
    0x000206c0   0x000206c0   0x0000009e   Code   RO          774    i.led_char_add      ble_lbs.o
    0x0002075e   0x0002075e   0x0000000e   Code   RO           10    i.led_write_handler  main.o
    0x0002076c   0x0002076c   0x000000a8   Code   RO         1679    i.list_deletions_handler  app_timer.o
    0x00020814   0x00020814   0x000000b8   Code   RO         1680    i.list_insertions_handler  app_timer.o
    0x000208cc   0x000208cc   0x0000013c   Code   RO           11    i.main              main.o
    0x00020a08   0x00020a08   0x00000064   Code   RO          548    i.manuf_specific_data_encode  ble_advdata.o
    0x00020a6c   0x00020a6c   0x0000009c   Code   RO          549    i.name_encode       ble_advdata.o
    0x00020b08   0x00020b08   0x00000010   Code   RO         1054    i.nrf_bitmask_bit_is_set  nrf_drv_gpiote.o
    0x00020b18   0x00020b18   0x0000000e   Code   RO          825    i.nrf_clock_event_check  nrf_drv_clock.o
    0x00020b26   0x00020b26   0x00000010   Code   RO          826    i.nrf_clock_event_clear  nrf_drv_clock.o
    0x00020b36   0x00020b36   0x00000002   PAD
    0x00020b38   0x00020b38   0x0000008c   Code   RO         1681    i.nrf_delay_us      app_timer.o
    0x00020bc4   0x00020bc4   0x00000048   Code   RO          833    i.nrf_drv_clock_init  nrf_drv_clock.o
    0x00020c0c   0x00020c0c   0x00000030   Code   RO          840    i.nrf_drv_clock_on_sd_enable  nrf_drv_clock.o
    0x00020c3c   0x00020c3c   0x0000000a   Code   RO          841    i.nrf_drv_clock_on_soc_event  nrf_drv_clock.o
    0x00020c46   0x00020c46   0x00000038   Code   RO         1004    i.nrf_drv_common_irq_enable  nrf_drv_common.o
    0x00020c7e   0x00020c7e   0x00000002   PAD
    0x00020c80   0x00020c80   0x00000048   Code   RO         1058    i.nrf_drv_gpiote_in_event_disable  nrf_drv_gpiote.o
    0x00020cc8   0x00020cc8   0x000000a4   Code   RO         1059    i.nrf_drv_gpiote_in_event_enable  nrf_drv_gpiote.o
    0x00020d6c   0x00020d6c   0x000000b8   Code   RO         1060    i.nrf_drv_gpiote_in_init  nrf_drv_gpiote.o
    0x00020e24   0x00020e24   0x00000014   Code   RO         1061    i.nrf_drv_gpiote_in_is_set  nrf_drv_gpiote.o
    0x00020e38   0x00020e38   0x0000005c   Code   RO         1063    i.nrf_drv_gpiote_init  nrf_drv_gpiote.o
    0x00020e94   0x00020e94   0x00000014   Code   RO         1064    i.nrf_drv_gpiote_is_init  nrf_drv_gpiote.o
    0x00020ea8   0x00020ea8   0x00000024   Code   RO          287    i.nrf_gpio_cfg      boards.o
    0x00020ecc   0x00020ecc   0x00000024   Code   RO         1078    i.nrf_gpio_cfg      nrf_drv_gpiote.o
    0x00020ef0   0x00020ef0   0x00000022   Code   RO         1080    i.nrf_gpio_cfg_sense_set  nrf_drv_gpiote.o
    0x00020f12   0x00020f12   0x00000016   Code   RO          288    i.nrf_gpio_pin_write  boards.o
    0x00020f28   0x00020f28   0x00000028   Code   RO         1081    i.nrf_gpio_ports_read  nrf_drv_gpiote.o
    0x00020f50   0x00020f50   0x00000014   Code   RO         1082    i.nrf_gpiote_event_clear  nrf_drv_gpiote.o
    0x00020f64   0x00020f64   0x00000010   Code   RO         1083    i.nrf_gpiote_event_is_set  nrf_drv_gpiote.o
    0x00020f74   0x00020f74   0x0000000a   Code   RO         1315    i.nrf_uart_event_check  nrf_drv_uart.o
    0x00020f7e   0x00020f7e   0x0000000c   Code   RO         1316    i.nrf_uart_event_clear  nrf_drv_uart.o
    0x00020f8a   0x00020f8a   0x0000000c   Code   RO         1317    i.nrf_uart_int_enable_check  nrf_drv_uart.o
    0x00020f96   0x00020f96   0x0000000a   Code   RO         1318    i.nrf_uarte_event_check  nrf_drv_uart.o
    0x00020fa0   0x00020fa0   0x0000000c   Code   RO         1319    i.nrf_uarte_event_clear  nrf_drv_uart.o
    0x00020fac   0x00020fac   0x000000fc   Code   RO           12    i.on_ble_evt        main.o
    0x000210a8   0x000210a8   0x0000001c   Code   RO           13    i.on_conn_params_evt  main.o
    0x000210c4   0x000210c4   0x00000018   Code   RO         1084    i.pin_in_use_by_port  nrf_drv_gpiote.o
    0x000210dc   0x000210dc   0x00000018   Code   RO         1085    i.pin_in_use_by_te  nrf_drv_gpiote.o
    0x000210f4   0x000210f4   0x0000003c   Code   RO         1682    i.rtc1_stop         app_timer.o
    0x00021130   0x00021130   0x00000032   Code   RO         1321    i.rx_byte           nrf_drv_uart.o
    0x00021162   0x00021162   0x00000018   Code   RO         1322    i.rx_done_event     nrf_drv_uart.o
    0x0002117a   0x0002117a   0x00000002   PAD
    0x0002117c   0x0002117c   0x00000070   Code   RO         2129    i.sd_nvic_EnableIRQ  softdevice_handler.o
    0x000211ec   0x000211ec   0x00000088   Code   RO          550    i.service_data_encode  ble_advdata.o
    0x00021274   0x00021274   0x00000014   Code   RO         2130    i.softdevice_ble_evt_handler_set  softdevice_handler.o
    0x00021288   0x00021288   0x00000014   Code   RO         2131    i.softdevice_enable  softdevice_handler.o
    0x0002129c   0x0002129c   0x00000026   Code   RO         2132    i.softdevice_enable_get_default_config  softdevice_handler.o
    0x000212c2   0x000212c2   0x00000004   Code   RO         2133    i.softdevice_fault_handler  softdevice_handler.o
    0x000212c6   0x000212c6   0x00000002   PAD
    0x000212c8   0x000212c8   0x00000064   Code   RO         2134    i.softdevice_handler_init  softdevice_handler.o
    0x0002132c   0x0002132c   0x0000000c   Code   RO         2135    i.softdevice_handler_is_enabled  softdevice_handler.o
    0x00021338   0x00021338   0x0000008c   Code   RO         1683    i.timer_list_handler  app_timer.o
    0x000213c4   0x000213c4   0x0000003c   Code   RO         1684    i.timer_list_insert  app_timer.o
    0x00021400   0x00021400   0x00000048   Code   RO         1685    i.timer_stop_op_schedule  app_timer.o
    0x00021448   0x00021448   0x00000084   Code   RO         1686    i.timer_timeouts_check  app_timer.o
    0x000214cc   0x000214cc   0x00000020   Code   RO         1324    i.tx_byte           nrf_drv_uart.o
    0x000214ec   0x000214ec   0x0000001c   Code   RO         1325    i.tx_done_event     nrf_drv_uart.o
    0x00021508   0x00021508   0x0000011e   Code   RO         1326    i.uart_irq_handler  nrf_drv_uart.o
    0x00021626   0x00021626   0x000000f0   Code   RO         1327    i.uarte_irq_handler  nrf_drv_uart.o
    0x00021716   0x00021716   0x0000000a   Code   RO          551    i.uint16_encode     ble_advdata.o
    0x00021720   0x00021720   0x00000060   Code   RO          645    i.update_timeout_handler  ble_conn_params.o
    0x00021780   0x00021780   0x00000030   Code   RO         1687    i.user_op_alloc     app_timer.o
    0x000217b0   0x000217b0   0x00000030   Code   RO          552    i.uuid_list_encode  ble_advdata.o
    0x000217e0   0x000217e0   0x0000009e   Code   RO          553    i.uuid_list_sized_encode  ble_advdata.o
    0x0002187e   0x0002187e   0x00000002   PAD
    0x00021880   0x00021880   0x00000008   Data   RO           15    .constdata          main.o
    0x00021888   0x00021888   0x00000008   Data   RO          289    .constdata          boards.o
    0x00021890   0x00021890   0x00000004   Data   RO          648    .constdata          ble_conn_params.o
    0x00021894   0x00021894   0x00000010   Data   RO          775    .constdata          ble_lbs.o
    0x000218a4   0x000218a4   0x00000004   Data   RO         1087    .constdata          nrf_drv_gpiote.o
    0x000218a8   0x000218a8   0x00000008   Data   RO         1532    .constdata          app_button.o
    0x000218b0   0x000218b0   0x00000020   Data   RO         2340    Region$$Table       anon$$obj.o


    Execution Region RW_IRAM1 (Exec base: 0x20002128, Load base: 0x000218d0, Size: 0x00002248, Max: 0x0000ded8, ABSOLUTE)

    Exec Addr    Load Addr    Size         Type   Attr      Idx    E Section Name        Object

    0x20002128   0x000218d0   0x0000000c   Data   RW           16    .data               main.o
    0x20002134   0x000218dc   0x00000014   Data   RW          649    .data               ble_conn_params.o
    0x20002148   0x000218f0   0x00000014   Data   RW         1533    .data               app_button.o
    0x2000215c   0x00021904   0x00000020   Data   RW         1688    .data               app_timer.o
    0x2000217c   0x00021924   0x00000014   Data   RW         2141    .data               softdevice_handler.o
    0x20002190   0x00021938   0x00000004   Data   RW         2280    .data               system_nrf52.o
    0x20002194        -       0x000000e4   Zero   RW           14    .bss                main.o
    0x20002278        -       0x00000020   Zero   RW          646    .bss                ble_conn_params.o
    0x20002298        -       0x0000001c   Zero   RW          647    .bss                ble_conn_params.o
    0x200022b4        -       0x00000014   Zero   RW          843    .bss                nrf_drv_clock.o
    0x200022c8        -       0x00000058   Zero   RW         1086    .bss                nrf_drv_gpiote.o
    0x20002320        -       0x00000020   Zero   RW         1328    .bss                nrf_drv_uart.o
    0x20002340        -       0x00000020   Zero   RW         1531    .bss                app_button.o
    0x20002360        -       0x0000000c   Zero   RW         1828    .bss                app_util_platform.o
    0x2000236c   0x0002193c   0x00000004   PAD
    0x20002370        -       0x00002000   Zero   RW         2268    STACK               arm_startup_nrf52.o


==============================================================================

Image component sizes


      Code (inc. data)   RO Data    RW Data    ZI Data      Debug   Object Name

       380         44          8         20         32      11379   app_button.o
        22          0          0          0          0       2357   app_error.o
        36         10          0          0          0      27409   app_error_weak.o
      1694        114          0         32          0      65851   app_timer.o
       124         14          0          0         12       9782   app_util_platform.o
        36          8       1024          0       8192        984   arm_startup_nrf52.o
      1330          0          0          0          0      54120   ble_advdata.o
       436         54          4         20         60       7348   ble_conn_params.o
       560          4         16          0          0       6711   ble_lbs.o
         8          0          0          0          0       1566   ble_srv_common.o
       152         18          8          0          0       9130   boards.o
       842         62          8         12        228     119687   main.o
       288         22          0          0         20      14468   nrf_drv_clock.o
        56          0          0          0          0      27611   nrf_drv_common.o
      1250         90          4          0         88      32746   nrf_drv_gpiote.o
       744          8          0          0         32      25412   nrf_drv_uart.o
       542         46          0         20          0      44023   softdevice_handler.o
       668         58          0          4          0       2903   system_nrf52.o

    ----------------------------------------------------------------------
      9184        552       1104        108       8668     463487   Object Totals
         0          0         32          0          0          0   (incl. Generated)
        16          0          0          0          4          0   (incl. Padding)

    ----------------------------------------------------------------------

      Code (inc. data)   RO Data    RW Data    ZI Data      Debug   Library Member Name

         0          0          0          0          0          0   entry.o
         0          0          0          0          0          0   entry10a.o
         0          0          0          0          0          0   entry11a.o
         8          4          0          0          0          0   entry2.o
         4          0          0          0          0          0   entry5.o
         0          0          0          0          0          0   entry7b.o
         0          0          0          0          0          0   entry8b.o
         8          4          0          0          0          0   entry9a.o
        30          0          0          0          0          0   handlers.o
        36          8          0          0          0         68   init.o
        36          0          0          0          0         68   memcpya.o
        36          0          0          0          0        108   memseta.o

    ----------------------------------------------------------------------
       160         16          0          0          0        244   Library Totals
         2          0          0          0          0          0   (incl. Padding)

    ----------------------------------------------------------------------

      Code (inc. data)   RO Data    RW Data    ZI Data      Debug   Library Name

       158         16          0          0          0        244   mc_w.l

    ----------------------------------------------------------------------
       160         16          0          0          0        244   Library Totals

    ----------------------------------------------------------------------

==============================================================================


      Code (inc. data)   RO Data    RW Data    ZI Data      Debug   

      9344        568       1104        108       8668     452683   Grand Totals
      9344        568       1104        108       8668     452683   ELF Image Totals
      9344        568       1104        108          0          0   ROM Totals

==============================================================================

    Total RO  Size (Code + RO Data)                10448 (  10.20kB)
    Total RW  Size (RW Data + ZI Data)              8776 (   8.57kB)
    Total ROM Size (Code + RO Data + RW Data)      10556 (  10.31kB)

==============================================================================

