Component: ARM Compiler 5.06 update 5 (build 528) Tool: armlink [4d35e2]

==============================================================================

Section Cross References

    main_2.o(i.assert_nrf_callback) refers to app_error.o(i.app_error_handler) for app_error_handler
    main_2.o(i.assign_coords) refers to nrf_log_frontend.o(i.nrf_log_frontend_std_6) for nrf_log_frontend_std_6
    main_2.o(i.assign_coords) refers to nrf_log_frontend.o(i.nrf_log_frontend_std_0) for nrf_log_frontend_std_0
    main_2.o(i.assign_coords) refers to main_2.o(.constdata) for .constdata
    main_2.o(i.assign_coords) refers to main_2.o(.data) for .data
    main_2.o(i.assign_rssi) refers to fflti.o(.text) for __aeabi_i2f
    main_2.o(i.assign_rssi) refers to fadd.o(.text) for __aeabi_fadd
    main_2.o(i.assign_rssi) refers to fdiv.o(.text) for __aeabi_fdiv
    main_2.o(i.assign_rssi) refers to fmul.o(.text) for __aeabi_fmul
    main_2.o(i.assign_rssi) refers to ffixui.o(.text) for __aeabi_f2uiz
    main_2.o(i.assign_rssi) refers to nrf_log_frontend.o(i.nrf_log_frontend_std_2) for nrf_log_frontend_std_2
    main_2.o(i.assign_rssi) refers to main_2.o(.bss) for .bss
    main_2.o(i.assign_rssi) refers to main_2.o(.data) for .data
    main_2.o(i.ble_evt_dispatch) refers to ble_conn_state.o(i.ble_conn_state_on_ble_evt) for ble_conn_state_on_ble_evt
    main_2.o(i.ble_evt_dispatch) refers to main_2.o(i.on_ble_evt) for on_ble_evt
    main_2.o(i.ble_evt_dispatch) refers to ble_db_discovery.o(i.ble_db_discovery_on_ble_evt) for ble_db_discovery_on_ble_evt
    main_2.o(i.ble_evt_dispatch) refers to ble_lbs_c.o(i.ble_lbs_c_on_ble_evt) for ble_lbs_c_on_ble_evt
    main_2.o(i.ble_evt_dispatch) refers to main_2.o(.bss) for .bss
    main_2.o(i.ble_stack_init) refers to softdevice_handler.o(i.softdevice_handler_init) for softdevice_handler_init
    main_2.o(i.ble_stack_init) refers to app_error.o(i.app_error_handler_bare) for app_error_handler_bare
    main_2.o(i.ble_stack_init) refers to softdevice_handler.o(i.softdevice_enable_get_default_config) for softdevice_enable_get_default_config
    main_2.o(i.ble_stack_init) refers to softdevice_handler.o(i.softdevice_enable) for softdevice_enable
    main_2.o(i.ble_stack_init) refers to softdevice_handler.o(i.softdevice_ble_evt_handler_set) for softdevice_ble_evt_handler_set
    main_2.o(i.ble_stack_init) refers to main_2.o(.constdata) for .constdata
    main_2.o(i.ble_stack_init) refers to main_2.o(.bss) for .bss
    main_2.o(i.ble_stack_init) refers to main_2.o(i.ble_evt_dispatch) for ble_evt_dispatch
    main_2.o(i.button_event_handler) refers to app_error.o(i.app_error_handler_bare) for app_error_handler_bare
    main_2.o(i.button_event_handler) refers to ble_lbs_c.o(i.ble_lbs_led_status_send) for ble_lbs_led_status_send
    main_2.o(i.button_event_handler) refers to nrf_log_frontend.o(i.nrf_log_frontend_std_1) for nrf_log_frontend_std_1
    main_2.o(i.button_event_handler) refers to main_2.o(.bss) for .bss
    main_2.o(i.db_disc_handler) refers to nrf_log_frontend.o(i.nrf_log_frontend_std_2) for nrf_log_frontend_std_2
    main_2.o(i.db_disc_handler) refers to ble_lbs_c.o(i.ble_lbs_on_db_disc_evt) for ble_lbs_on_db_disc_evt
    main_2.o(i.db_disc_handler) refers to main_2.o(.conststring) for .conststring
    main_2.o(i.db_disc_handler) refers to main_2.o(.bss) for .bss
    main_2.o(i.lbs_c_evt_handler) refers to nrf_log_frontend.o(i.nrf_log_frontend_std_2) for nrf_log_frontend_std_2
    main_2.o(i.lbs_c_evt_handler) refers to boards.o(i.bsp_board_led_on) for bsp_board_led_on
    main_2.o(i.lbs_c_evt_handler) refers to nrf_log_frontend.o(i.nrf_log_frontend_std_1) for nrf_log_frontend_std_1
    main_2.o(i.lbs_c_evt_handler) refers to app_button.o(i.app_button_enable) for app_button_enable
    main_2.o(i.lbs_c_evt_handler) refers to app_error.o(i.app_error_handler_bare) for app_error_handler_bare
    main_2.o(i.lbs_c_evt_handler) refers to ble_lbs_c.o(i.ble_lbs_c_button_notif_enable) for ble_lbs_c_button_notif_enable
    main_2.o(i.lbs_c_evt_handler) refers to boards.o(i.bsp_board_led_off) for bsp_board_led_off
    main_2.o(i.lbs_c_evt_handler) refers to main_2.o(.conststring) for .conststring
    main_2.o(i.main) refers to nrf_log_frontend.o(i.nrf_log_init) for nrf_log_init
    main_2.o(i.main) refers to app_error.o(i.app_error_handler_bare) for app_error_handler_bare
    main_2.o(i.main) refers to nrf_log_frontend.o(i.nrf_log_frontend_std_0) for nrf_log_frontend_std_0
    main_2.o(i.main) refers to boards.o(i.bsp_board_leds_init) for bsp_board_leds_init
    main_2.o(i.main) refers to app_timer.o(i.app_timer_init) for app_timer_init
    main_2.o(i.main) refers to app_button.o(i.app_button_init) for app_button_init
    main_2.o(i.main) refers to main_2.o(i.ble_stack_init) for ble_stack_init
    main_2.o(i.main) refers to ble_db_discovery.o(i.ble_db_discovery_init) for ble_db_discovery_init
[...]
    i.app_util_critical_region_exit          0x0001c184   Section        0  app_util_platform.o(i.app_util_critical_region_exit)
    i.apply_config                           0x0001c1b0   Section        0  nrf_drv_uart.o(i.apply_config)
    apply_config                             0x0001c1b1   Thumb Code   128  nrf_drv_uart.o(i.apply_config)
    i.assign_coords                          0x0001c234   Section        0  main_2.o(i.assign_coords)
    assign_coords                            0x0001c235   Thumb Code   146  main_2.o(i.assign_coords)
    i.assign_rssi                            0x0001c320   Section        0  main_2.o(i.assign_rssi)
    assign_rssi                              0x0001c321   Thumb Code   100  main_2.o(i.assign_rssi)
    i.ble_conn_state_n_centrals              0x0001c3b0   Section        0  ble_conn_state.o(i.ble_conn_state_n_centrals)
    i.ble_conn_state_on_ble_evt              0x0001c3c4   Section        0  ble_conn_state.o(i.ble_conn_state_on_ble_evt)
    i.ble_db_discovery_evt_register          0x0001c4bc   Section        0  ble_db_discovery.o(i.ble_db_discovery_evt_register)
    i.ble_db_discovery_init                  0x0001c508   Section        0  ble_db_discovery.o(i.ble_db_discovery_init)
    i.ble_db_discovery_on_ble_evt            0x0001c528   Section        0  ble_db_discovery.o(i.ble_db_discovery_on_ble_evt)
    i.ble_db_discovery_start                 0x0001c57c   Section        0  ble_db_discovery.o(i.ble_db_discovery_start)
    i.ble_evt_dispatch                       0x0001c5f0   Section        0  main_2.o(i.ble_evt_dispatch)
    ble_evt_dispatch                         0x0001c5f1   Thumb Code    52  main_2.o(i.ble_evt_dispatch)
    i.ble_lbs_c_button_notif_enable          0x0001c628   Section        0  ble_lbs_c.o(i.ble_lbs_c_button_notif_enable)
    i.ble_lbs_c_handles_assign               0x0001c684   Section        0  ble_lbs_c.o(i.ble_lbs_c_handles_assign)
    i.ble_lbs_c_init                         0x0001c6a4   Section        0  ble_lbs_c.o(i.ble_lbs_c_init)
    i.ble_lbs_c_on_ble_evt                   0x0001c6fc   Section        0  ble_lbs_c.o(i.ble_lbs_c_on_ble_evt)
    i.ble_lbs_led_status_send                0x0001c768   Section        0  ble_lbs_c.o(i.ble_lbs_led_status_send)
    i.ble_lbs_on_db_disc_evt                 0x0001c7c4   Section        0  ble_lbs_c.o(i.ble_lbs_on_db_disc_evt)
    i.ble_stack_init                         0x0001c854   Section        0  main_2.o(i.ble_stack_init)
    ble_stack_init                           0x0001c855   Thumb Code    86  main_2.o(i.ble_stack_init)
    i.bsp_board_led_invert                   0x0001c8b8   Section        0  boards.o(i.bsp_board_led_invert)
    i.bsp_board_led_off                      0x0001c8d8   Section        0  boards.o(i.bsp_board_led_off)
    i.bsp_board_led_on                       0x0001c8ec   Section        0  boards.o(i.bsp_board_led_on)
    i.bsp_board_led_state_get                0x0001c900   Section        0  boards.o(i.bsp_board_led_state_get)
    i.bsp_board_leds_init                    0x0001c920   Section        0  boards.o(i.bsp_board_leds_init)
    i.bsp_board_leds_off                     0x0001c948   Section        0  boards.o(i.bsp_board_leds_off)
    i.bsp_board_leds_on                      0x0001c95a   Section        0  boards.o(i.bsp_board_leds_on)
    i.bsp_board_pin_to_button_idx            0x0001c96c   Section        0  boards.o(i.bsp_board_pin_to_button_idx)
    i.bsp_button_event_handler               0x0001c990   Section        0  bsp.o(i.bsp_button_event_handler)
    bsp_button_event_handler                 0x0001c991   Thumb Code   134  bsp.o(i.bsp_button_event_handler)
    i.bsp_indication_set                     0x0001ca24   Section        0  bsp.o(i.bsp_indication_set)
    i.bsp_led_indication                     0x0001ca40   Section        0  bsp.o(i.bsp_led_indication)
    bsp_led_indication                       0x0001ca41   Thumb Code   376  bsp.o(i.bsp_led_indication)
    i.buf_len_update                         0x0001cbc0   Section        0  nrf_log_backend_serial.o(i.buf_len_update)
    buf_len_update                           0x0001cbc1   Thumb Code    18  nrf_log_backend_serial.o(i.buf_len_update)
    i.buf_prealloc                           0x0001cbd4   Section        0  nrf_log_frontend.o(i.buf_prealloc)
    buf_prealloc                             0x0001cbd5   Thumb Code   122  nrf_log_frontend.o(i.buf_prealloc)
    i.buffer_is_empty                        0x0001cc60   Section        0  nrf_log_frontend.o(i.buffer_is_empty)
    i.button_event_handler                   0x0001cc74   Section        0  main_2.o(i.button_event_handler)
    button_event_handler                     0x0001cc75   Thumb Code    60  main_2.o(i.button_event_handler)
    i.channel_free                           0x0001cce0   Section        0  nrf_drv_gpiote.o(i.channel_free)
    channel_free                             0x0001cce1   Thumb Code    22  nrf_drv_gpiote.o(i.channel_free)
    i.channel_port_alloc                     0x0001ccfc   Section        0  nrf_drv_gpiote.o(i.channel_port_alloc)
    channel_port_alloc                       0x0001ccfd   Thumb Code    66  nrf_drv_gpiote.o(i.channel_port_alloc)
    i.channel_port_get                       0x0001cd44   Section        0  nrf_drv_gpiote.o(i.channel_port_get)
    channel_port_get                         0x0001cd45   Thumb Code    10  nrf_drv_gpiote.o(i.channel_port_get)
    i.characteristics_discover               0x0001cd54   Section        0  ble_db_discovery.o(i.characteristics_discover)
    characteristics_discover                 0x0001cd55   Thumb Code    60  ble_db_discovery.o(i.characteristics_discover)
    i.clock_clk_started_notify               0x0001cd90   Section        0  nrf_drv_clock.o(i.clock_clk_started_notify)
    clock_clk_started_notify                 0x0001cd91   Thumb Code    34  nrf_drv_clock.o(i.clock_clk_started_notify)
    i.compare_reg_update                     0x0001cdb8   Section        0  app_timer.o(i.compare_reg_update)
    compare_reg_update                       0x0001cdb9   Thumb Code   142  app_timer.o(i.compare_reg_update)
    i.db_disc_handler                        0x0001ce60   Section        0  main_2.o(i.db_disc_handler)
    db_disc_handler                          0x0001ce61   Thumb Code    32  main_2.o(i.db_disc_handler)
    i.descriptors_discover                   0x0001ce88   Section        0  ble_db_discovery.o(i.descriptors_discover)
    descriptors_discover                     0x0001ce89   Thumb Code   132  ble_db_discovery.o(i.descriptors_discover)
    i.detection_delay_timeout_handler        0x0001cf0c   Section        0  app_button.o(i.detection_delay_timeout_handler)
    detection_delay_timeout_handler          0x0001cf0d   Thumb Code    90  app_button.o(i.detection_delay_timeout_handler)
    i.discovery_complete_evt_trigger         0x0001cf6c   Section        0  ble_db_discovery.o(i.discovery_complete_evt_trigger)
    discovery_complete_evt_trigger           0x0001cf6d   Thumb Code   134  ble_db_discovery.o(i.discovery_complete_evt_trigger)
    i.discovery_error_evt_trigger            0x0001cffc   Section        0  ble_db_discovery.o(i.discovery_error_evt_trigger)
    discovery_error_evt_trigger              0x0001cffd   Thumb Code    46  ble_db_discovery.o(i.discovery_error_evt_trigger)
    i.elapsed_ticks_acquire                  0x0001d02c   Section        0  app_timer.o(i.elapsed_ticks_acquire)
    elapsed_ticks_acquire                    0x0001d02d   Thumb Code    58  app_timer.o(i.elapsed_ticks_acquire)
    i.gpiote_event_handler                   0x0001d06c   Section        0  app_button.o(i.gpiote_event_handler)
    gpiote_event_handler                     0x0001d06d   Thumb Code    72  app_button.o(i.gpiote_event_handler)
    i.intern_softdevice_events_execute       0x0001d0bc   Section        0  softdevice_handler.o(i.intern_softdevice_events_execute)
    i.is_desc_discovery_reqd                 0x0001d13c   Section        0  ble_db_discovery.o(i.is_desc_discovery_reqd)
    is_desc_discovery_reqd                   0x0001d13d   Thumb Code    68  ble_db_discovery.o(i.is_desc_discovery_reqd)
    i.is_manual_peripheral_setup_needed      0x0001d180   Section        0  system_nrf51.o(i.is_manual_peripheral_setup_needed)
    is_manual_peripheral_setup_needed        0x0001d181   Thumb Code    66  system_nrf51.o(i.is_manual_peripheral_setup_needed)
    i.lbs_c_evt_handler                      0x0001d1c8   Section        0  main_2.o(i.lbs_c_evt_handler)
    lbs_c_evt_handler                        0x0001d1c9   Thumb Code    88  main_2.o(i.lbs_c_evt_handler)
    i.list_deletions_handler                 0x0001d264   Section        0  app_timer.o(i.list_deletions_handler)
    list_deletions_handler                   0x0001d265   Thumb Code   162  app_timer.o(i.list_deletions_handler)
    i.list_insertions_handler                0x0001d310   Section        0  app_timer.o(i.list_insertions_handler)
    list_insertions_handler                  0x0001d311   Thumb Code   178  app_timer.o(i.list_insertions_handler)
    i.main                                   0x0001d3cc   Section        0  main_2.o(i.main)
    i.nrf_bitmask_bit_is_set                 0x0001d4a8   Section        0  nrf_drv_gpiote.o(i.nrf_bitmask_bit_is_set)
    nrf_bitmask_bit_is_set                   0x0001d4a9   Thumb Code    16  nrf_drv_gpiote.o(i.nrf_bitmask_bit_is_set)
    i.nrf_clock_event_check                  0x0001d4b8   Section        0  nrf_drv_clock.o(i.nrf_clock_event_check)
    nrf_clock_event_check                    0x0001d4b9   Thumb Code    16  nrf_drv_clock.o(i.nrf_clock_event_check)
    i.nrf_delay_us                           0x0001d4c8   Section        0  app_timer.o(i.nrf_delay_us)
    nrf_delay_us                             0x0001d4c9   Thumb Code    38  app_timer.o(i.nrf_delay_us)
    i.nrf_drv_clock_init                     0x0001d4f8   Section        0  nrf_drv_clock.o(i.nrf_drv_clock_init)
    i.nrf_drv_clock_on_sd_enable             0x0001d540   Section        0  nrf_drv_clock.o(i.nrf_drv_clock_on_sd_enable)
    i.nrf_drv_clock_on_soc_event             0x0001d574   Section        0  nrf_drv_clock.o(i.nrf_drv_clock_on_soc_event)
    i.nrf_drv_common_irq_enable              0x0001d580   Section        0  nrf_drv_common.o(i.nrf_drv_common_irq_enable)
    i.nrf_drv_gpiote_in_event_disable        0x0001d5e0   Section        0  nrf_drv_gpiote.o(i.nrf_drv_gpiote_in_event_disable)
    i.nrf_drv_gpiote_in_event_enable         0x0001d628   Section        0  nrf_drv_gpiote.o(i.nrf_drv_gpiote_in_event_enable)
    i.nrf_drv_gpiote_in_init                 0x0001d6c0   Section        0  nrf_drv_gpiote.o(i.nrf_drv_gpiote_in_init)
    i.nrf_drv_gpiote_in_is_set               0x0001d768   Section        0  nrf_drv_gpiote.o(i.nrf_drv_gpiote_in_is_set)
    i.nrf_drv_gpiote_init                    0x0001d77c   Section        0  nrf_drv_gpiote.o(i.nrf_drv_gpiote_init)
    i.nrf_drv_gpiote_is_init                 0x0001d7d8   Section        0  nrf_drv_gpiote.o(i.nrf_drv_gpiote_is_init)
    i.nrf_drv_uart_init                      0x0001d7e8   Section        0  nrf_drv_uart.o(i.nrf_drv_uart_init)
    i.nrf_drv_uart_tx                        0x0001d868   Section        0  nrf_drv_uart.o(i.nrf_drv_uart_tx)
    i.nrf_drv_uart_tx_for_uart               0x0001d89c   Section        0  nrf_drv_uart.o(i.nrf_drv_uart_tx_for_uart)
    nrf_drv_uart_tx_for_uart                 0x0001d89d   Thumb Code   134  nrf_drv_uart.o(i.nrf_drv_uart_tx_for_uart)
    i.nrf_drv_uart_tx_in_progress            0x0001d928   Section        0  nrf_drv_uart.o(i.nrf_drv_uart_tx_in_progress)
    i.nrf_drv_uart_uninit                    0x0001d940   Section        0  nrf_drv_uart.o(i.nrf_drv_uart_uninit)
    i.nrf_gpio_cfg                           0x0001d9d8   Section        0  boards.o(i.nrf_gpio_cfg)
    nrf_gpio_cfg                             0x0001d9d9   Thumb Code    40  boards.o(i.nrf_gpio_cfg)
    i.nrf_gpio_cfg                           0x0001da00   Section        0  nrf_drv_gpiote.o(i.nrf_gpio_cfg)
    nrf_gpio_cfg                             0x0001da01   Thumb Code    40  nrf_drv_gpiote.o(i.nrf_gpio_cfg)
    i.nrf_gpio_cfg                           0x0001da28   Section        0  nrf_drv_uart.o(i.nrf_gpio_cfg)
    nrf_gpio_cfg                             0x0001da29   Thumb Code    40  nrf_drv_uart.o(i.nrf_gpio_cfg)
    i.nrf_gpio_cfg_default                   0x0001da50   Section        0  nrf_drv_uart.o(i.nrf_gpio_cfg_default)
    nrf_gpio_cfg_default                     0x0001da51   Thumb Code    18  nrf_drv_uart.o(i.nrf_gpio_cfg_default)
    i.nrf_gpio_cfg_input                     0x0001da62   Section        0  nrf_drv_uart.o(i.nrf_gpio_cfg_input)
    nrf_gpio_cfg_input                       0x0001da63   Thumb Code    18  nrf_drv_uart.o(i.nrf_gpio_cfg_input)
    i.nrf_gpio_cfg_output                    0x0001da74   Section        0  nrf_drv_uart.o(i.nrf_gpio_cfg_output)
    nrf_gpio_cfg_output                      0x0001da75   Thumb Code    20  nrf_drv_uart.o(i.nrf_gpio_cfg_output)
    i.nrf_gpio_cfg_sense_set                 0x0001da88   Section        0  nrf_drv_gpiote.o(i.nrf_gpio_cfg_sense_set)
    nrf_gpio_cfg_sense_set                   0x0001da89   Thumb Code    34  nrf_drv_gpiote.o(i.nrf_gpio_cfg_sense_set)
    i.nrf_gpio_pin_write                     0x0001daac   Section        0  boards.o(i.nrf_gpio_pin_write)
    nrf_gpio_pin_write                       0x0001daad   Thumb Code    18  boards.o(i.nrf_gpio_pin_write)
    i.nrf_gpio_ports_read                    0x0001dac4   Section        0  nrf_drv_gpiote.o(i.nrf_gpio_ports_read)
    nrf_gpio_ports_read                      0x0001dac5   Thumb Code    36  nrf_drv_gpiote.o(i.nrf_gpio_ports_read)
    i.nrf_gpiote_event_clear                 0x0001daec   Section        0  nrf_drv_gpiote.o(i.nrf_gpiote_event_clear)
    nrf_gpiote_event_clear                   0x0001daed   Thumb Code    10  nrf_drv_gpiote.o(i.nrf_gpiote_event_clear)
    i.nrf_gpiote_event_is_set                0x0001dafc   Section        0  nrf_drv_gpiote.o(i.nrf_gpiote_event_is_set)
    nrf_gpiote_event_is_set                  0x0001dafd   Thumb Code    14  nrf_drv_gpiote.o(i.nrf_gpiote_event_is_set)
    i.nrf_log_backend_hexdump_handler_get    0x0001db10   Section        0  nrf_log_backend_serial.o(i.nrf_log_backend_hexdump_handler_get)
    i.nrf_log_backend_init                   0x0001db18   Section        0  nrf_log_backend_serial.o(i.nrf_log_backend_init)
    i.nrf_log_backend_serial_hexdump_handler 0x0001db94   Section        0  nrf_log_backend_serial.o(i.nrf_log_backend_serial_hexdump_handler)
    nrf_log_backend_serial_hexdump_handler   0x0001db95   Thumb Code   324  nrf_log_backend_serial.o(i.nrf_log_backend_serial_hexdump_handler)
    i.nrf_log_backend_serial_std_handler     0x0001dcdc   Section        0  nrf_log_backend_serial.o(i.nrf_log_backend_serial_std_handler)
    nrf_log_backend_serial_std_handler       0x0001dcdd   Thumb Code   276  nrf_log_backend_serial.o(i.nrf_log_backend_serial_std_handler)
    i.nrf_log_backend_std_handler_get        0x0001ddf4   Section        0  nrf_log_backend_serial.o(i.nrf_log_backend_std_handler_get)
    i.nrf_log_blocking_backend_set           0x0001ddfc   Section        0  nrf_log_frontend.o(i.nrf_log_blocking_backend_set)
    i.nrf_log_frontend_dequeue               0x0001de08   Section        0  nrf_log_frontend.o(i.nrf_log_frontend_dequeue)
    i.nrf_log_frontend_init                  0x0001df4c   Section        0  nrf_log_frontend.o(i.nrf_log_frontend_init)
    i.nrf_log_frontend_std_0                 0x0001df6c   Section        0  nrf_log_frontend.o(i.nrf_log_frontend_std_0)
    i.nrf_log_frontend_std_1                 0x0001dfd4   Section        0  nrf_log_frontend.o(i.nrf_log_frontend_std_1)
    i.nrf_log_frontend_std_2                 0x0001e04c   Section        0  nrf_log_frontend.o(i.nrf_log_frontend_std_2)
    i.nrf_log_frontend_std_6                 0x0001e0d4   Section        0  nrf_log_frontend.o(i.nrf_log_frontend_std_6)
    i.nrf_log_handlers_set                   0x0001e194   Section        0  nrf_log_frontend.o(i.nrf_log_handlers_set)
    i.nrf_log_init                           0x0001e1a0   Section        0  nrf_log_frontend.o(i.nrf_log_init)
    i.nrf_uart_event_check                   0x0001e1cc   Section        0  nrf_drv_uart.o(i.nrf_uart_event_check)
    nrf_uart_event_check                     0x0001e1cd   Thumb Code    10  nrf_drv_uart.o(i.nrf_uart_event_check)
    i.nrf_uart_int_enable_check              0x0001e1d6   Section        0  nrf_drv_uart.o(i.nrf_uart_int_enable_check)
    nrf_uart_int_enable_check                0x0001e1d7   Thumb Code    16  nrf_drv_uart.o(i.nrf_uart_int_enable_check)
    i.on_adv_report                          0x0001e1e8   Section        0  main_2.o(i.on_adv_report)
    on_adv_report                            0x0001e1e9   Thumb Code   132  main_2.o(i.on_adv_report)
    i.on_ble_evt                             0x0001e270   Section        0  main_2.o(i.on_ble_evt)
    on_ble_evt                               0x0001e271   Thumb Code   372  main_2.o(i.on_ble_evt)
    i.on_characteristic_discovery_rsp        0x0001e41c   Section        0  ble_db_discovery.o(i.on_characteristic_discovery_rsp)
    on_characteristic_discovery_rsp          0x0001e41d   Thumb Code   256  ble_db_discovery.o(i.on_characteristic_discovery_rsp)
    i.on_descriptor_discovery_rsp            0x0001e524   Section        0  ble_db_discovery.o(i.on_descriptor_discovery_rsp)
    on_descriptor_discovery_rsp              0x0001e525   Thumb Code   250  ble_db_discovery.o(i.on_descriptor_discovery_rsp)
    i.on_primary_srv_discovery_rsp           0x0001e628   Section        0  ble_db_discovery.o(i.on_primary_srv_discovery_rsp)
    on_primary_srv_discovery_rsp             0x0001e629   Thumb Code   124  ble_db_discovery.o(i.on_primary_srv_discovery_rsp)
    i.on_srv_disc_completion                 0x0001e70c   Section        0  ble_db_discovery.o(i.on_srv_disc_completion)
    on_srv_disc_completion                   0x0001e70d   Thumb Code   112  ble_db_discovery.o(i.on_srv_disc_completion)
    i.pin_in_use_by_port                     0x0001e788   Section        0  nrf_drv_gpiote.o(i.pin_in_use_by_port)
    pin_in_use_by_port                       0x0001e789   Thumb Code    20  nrf_drv_gpiote.o(i.pin_in_use_by_port)
    i.pin_in_use_by_te                       0x0001e7a0   Section        0  nrf_drv_gpiote.o(i.pin_in_use_by_te)
    pin_in_use_by_te                         0x0001e7a1   Thumb Code    20  nrf_drv_gpiote.o(i.pin_in_use_by_te)
    i.ram_end_address_get                    0x0001e7b8   Section        0  softdevice_handler.o(i.ram_end_address_get)
    ram_end_address_get                      0x0001e7b9   Thumb Code    16  softdevice_handler.o(i.ram_end_address_get)
    i.registered_handler_get                 0x0001e7c8   Section        0  ble_db_discovery.o(i.registered_handler_get)
    registered_handler_get                   0x0001e7c9   Thumb Code    46  ble_db_discovery.o(i.registered_handler_get)
    i.rtc1_stop                              0x0001e800   Section        0  app_timer.o(i.rtc1_stop)
    rtc1_stop                                0x0001e801   Thumb Code    50  app_timer.o(i.rtc1_stop)
    i.rx_byte                                0x0001e844   Section        0  nrf_drv_uart.o(i.rx_byte)
    rx_byte                                  0x0001e845   Thumb Code    38  nrf_drv_uart.o(i.rx_byte)
    i.rx_done_event                          0x0001e86a   Section        0  nrf_drv_uart.o(i.rx_done_event)
    rx_done_event                            0x0001e86b   Thumb Code    20  nrf_drv_uart.o(i.rx_done_event)
    i.scan_start                             0x0001e880   Section        0  main_2.o(i.scan_start)
    scan_start                               0x0001e881   Thumb Code    44  main_2.o(i.scan_start)
    i.sd_nvic_EnableIRQ                      0x0001e8e4   Section        0  softdevice_handler.o(i.sd_nvic_EnableIRQ)
    sd_nvic_EnableIRQ                        0x0001e8e5   Thumb Code   112  softdevice_handler.o(i.sd_nvic_EnableIRQ)
    i.sdk_mapped_flags_bulk_update_by_key    0x0001e968   Section        0  sdk_mapped_flags.o(i.sdk_mapped_flags_bulk_update_by_key)
    i.sdk_mapped_flags_first_key_index_get   0x0001e9b0   Section        0  sdk_mapped_flags.o(i.sdk_mapped_flags_first_key_index_get)
    i.sdk_mapped_flags_get_by_index          0x0001e9d8   Section        0  sdk_mapped_flags.o(i.sdk_mapped_flags_get_by_index)
    sdk_mapped_flags_get_by_index            0x0001e9d9   Thumb Code    16  sdk_mapped_flags.o(i.sdk_mapped_flags_get_by_index)
    i.sdk_mapped_flags_key_list_get          0x0001e9e8   Section        0  sdk_mapped_flags.o(i.sdk_mapped_flags_key_list_get)
    i.sdk_mapped_flags_n_flags_set           0x0001ea2e   Section        0  sdk_mapped_flags.o(i.sdk_mapped_flags_n_flags_set)
    i.sdk_mapped_flags_update_by_key         0x0001ea4e   Section        0  sdk_mapped_flags.o(i.sdk_mapped_flags_update_by_key)
    i.serial_is_busy                         0x0001ea5c   Section        0  nrf_log_backend_serial.o(i.serial_is_busy)
    serial_is_busy                           0x0001ea5d   Thumb Code    10  nrf_log_backend_serial.o(i.serial_is_busy)
    i.serial_tx                              0x0001ea6c   Section        0  nrf_log_backend_serial.o(i.serial_tx)
    serial_tx                                0x0001ea6d   Thumb Code    70  nrf_log_backend_serial.o(i.serial_tx)
    i.softdevice_ble_evt_handler_set         0x0001eabc   Section        0  softdevice_handler.o(i.softdevice_ble_evt_handler_set)
    i.softdevice_enable                      0x0001ead0   Section        0  softdevice_handler.o(i.softdevice_enable)
    i.softdevice_enable_get_default_config   0x0001eb7c   Section        0  softdevice_handler.o(i.softdevice_enable_get_default_config)
    i.softdevice_fault_handler               0x0001eba4   Section        0  softdevice_handler.o(i.softdevice_fault_handler)
    i.softdevice_handler_init                0x0001ebac   Section        0  softdevice_handler.o(i.softdevice_handler_init)
    i.softdevice_handler_is_enabled          0x0001ec04   Section        0  softdevice_handler.o(i.softdevice_handler_is_enabled)
    i.timer_list_handler                     0x0001ec10   Section        0  app_timer.o(i.timer_list_handler)
    timer_list_handler                       0x0001ec11   Thumb Code   128  app_timer.o(i.timer_list_handler)
    i.timer_list_handler_sched               0x0001ec94   Section        0  app_timer.o(i.timer_list_handler_sched)
    timer_list_handler_sched                 0x0001ec95   Thumb Code    10  app_timer.o(i.timer_list_handler_sched)
    i.timer_list_insert                      0x0001eca4   Section        0  app_timer.o(i.timer_list_insert)
    timer_list_insert                        0x0001eca5   Thumb Code    60  app_timer.o(i.timer_list_insert)
    i.timer_stop_op_schedule                 0x0001ece4   Section        0  app_timer.o(i.timer_stop_op_schedule)
    timer_stop_op_schedule                   0x0001ece5   Thumb Code    68  app_timer.o(i.timer_stop_op_schedule)
    i.timer_timeouts_check                   0x0001ed2c   Section        0  app_timer.o(i.timer_timeouts_check)
    timer_timeouts_check                     0x0001ed2d   Thumb Code   118  app_timer.o(i.timer_timeouts_check)
    i.timestamp_process                      0x0001edac   Section        0  nrf_log_backend_serial.o(i.timestamp_process)
    timestamp_process                        0x0001edad   Thumb Code    60  nrf_log_backend_serial.o(i.timestamp_process)
    i.tx_buffer_process                      0x0001edf4   Section        0  ble_lbs_c.o(i.tx_buffer_process)
    tx_buffer_process                        0x0001edf5   Thumb Code    58  ble_lbs_c.o(i.tx_buffer_process)
    i.tx_byte                                0x0001ee38   Section        0  nrf_drv_uart.o(i.tx_byte)
    tx_byte                                  0x0001ee39   Thumb Code    30  nrf_drv_uart.o(i.tx_byte)
    i.tx_done_event                          0x0001ee56   Section        0  nrf_drv_uart.o(i.tx_done_event)
    tx_done_event                            0x0001ee57   Thumb Code    24  nrf_drv_uart.o(i.tx_done_event)
    i.uart_event_handler                     0x0001ee70   Section        0  nrf_log_backend_serial.o(i.uart_event_handler)
    uart_event_handler                       0x0001ee71   Thumb Code    12  nrf_log_backend_serial.o(i.uart_event_handler)
    i.uart_irq_handler                       0x0001ee80   Section        0  nrf_drv_uart.o(i.uart_irq_handler)
    uart_irq_handler                         0x0001ee81   Thumb Code   296  nrf_drv_uart.o(i.uart_irq_handler)
    i.user_op_alloc                          0x0001efa8   Section        0  app_timer.o(i.user_op_alloc)
    user_op_alloc                            0x0001efa9   Thumb Code    40  app_timer.o(i.user_op_alloc)
    .constdata                               0x0001efd4   Section       48  main_2.o(.constdata)
    m_target_periph_name1                    0x0001efd4   Data           4  main_2.o(.constdata)
    m_target_periph_name2                    0x0001efd8   Data           4  main_2.o(.constdata)
    m_target_periph_name                     0x0001efe0   Data           5  main_2.o(.constdata)
    m_scan_params                            0x0001efe8   Data          16  main_2.o(.constdata)
    .constdata                               0x0001f004   Section        8  boards.o(.constdata)
    m_board_led_list                         0x0001f004   Data           4  boards.o(.constdata)
    m_board_btn_list                         0x0001f008   Data           4  boards.o(.constdata)
    .constdata                               0x0001f00c   Section       44  bsp.o(.constdata)
    m_leds_timer_id                          0x0001f00c   Data           4  bsp.o(.constdata)
    m_alert_timer_id                         0x0001f010   Data           4  bsp.o(.constdata)
    m_button_timer_id                        0x0001f014   Data           4  bsp.o(.constdata)
    app_buttons                              0x0001f018   Data          32  bsp.o(.constdata)
    .constdata                               0x0001f038   Section       16  ble_lbs_c.o(.constdata)
    .constdata                               0x0001f048   Section        4  nrf_drv_gpiote.o(.constdata)
    .constdata                               0x0001f04c   Section        8  app_button.o(.constdata)
    m_detection_delay_timer_id               0x0001f04c   Data           4  app_button.o(.constdata)
    .constdata                               0x0001f054   Section       40  nrf_log_backend_serial.o(.constdata)
    m_default_color                          0x0001f054   Data           5  nrf_log_backend_serial.o(.constdata)
    .constdata                               0x0001f07c   Section       36  nrf_log_frontend.o(.constdata)
    .constdata                               0x0001f0a0   Section      129  ctype_o.o(.constdata)
    .constdata                               0x0001f124   Section        4  ctype_o.o(.constdata)
    table                                    0x0001f124   Data           4  ctype_o.o(.constdata)
    .conststring                             0x0001f128   Section      281  main_2.o(.conststring)
    .conststring                             0x0001f244   Section      201  ble_db_discovery.o(.conststring)
    .conststring                             0x0001f310   Section       15  nrf_log_frontend.o(.conststring)
    .conststring                             0x0001f320   Section       70  softdevice_handler.o(.conststring)
    .data                                    0x20005040   Section       24  main_2.o(.data)
    rssi                                     0x20005040   Data           1  main_2.o(.data)
    m_ble_lbs_c_count                        0x20005041   Data           1  main_2.o(.data)
    buttons                                  0x20005050   Data           8  main_2.o(.data)
    .data                                    0x20005058   Section       20  bsp.o(.data)
    m_stable_state                           0x20005058   Data           1  bsp.o(.data)
    m_leds_clear                             0x20005059   Data           1  bsp.o(.data)
    current_long_push_pin_no                 0x2000505a   Data           1  bsp.o(.data)
    m_app_ticks_per_100ms                    0x2000505c   Data           4  bsp.o(.data)
    m_indication_type                        0x20005060   Data           4  bsp.o(.data)
    m_registered_callback                    0x20005064   Data           4  bsp.o(.data)
    release_event_at_push                    0x20005068   Data           4  bsp.o(.data)
    .data                                    0x2000506c   Section       16  ble_db_discovery.o(.data)
    m_initialized                            0x2000506c   Data           1  ble_db_discovery.o(.data)
    m_evt_handler                            0x20005070   Data           4  ble_db_discovery.o(.data)
    m_pending_usr_evt_index                  0x20005074   Data           4  ble_db_discovery.o(.data)
    m_num_of_handlers_reg                    0x20005078   Data           4  ble_db_discovery.o(.data)
    .data                                    0x2000507c   Section        8  ble_lbs_c.o(.data)
    m_tx_insert_index                        0x2000507c   Data           4  ble_lbs_c.o(.data)
    m_tx_index                               0x20005080   Data           4  ble_lbs_c.o(.data)
    .data                                    0x20005084   Section       20  app_button.o(.data)
    m_button_count                           0x20005084   Data           1  app_button.o(.data)
    mp_buttons                               0x20005088   Data           4  app_button.o(.data)
    m_detection_delay                        0x2000508c   Data           4  app_button.o(.data)
    m_pin_state                              0x20005090   Data           4  app_button.o(.data)
    m_pin_transition                         0x20005094   Data           4  app_button.o(.data)
    .data                                    0x20005098   Section       32  app_timer.o(.data)
    m_ticks_elapsed_q_read_ind               0x20005098   Data           1  app_timer.o(.data)
    m_ticks_elapsed_q_write_ind              0x20005099   Data           1  app_timer.o(.data)
    m_rtc1_running                           0x2000509a   Data           1  app_timer.o(.data)
    m_rtc1_reset                             0x2000509b   Data           1  app_timer.o(.data)
    mp_timer_id_head                         0x2000509c   Data           4  app_timer.o(.data)
    m_ticks_latest                           0x200050a0   Data           4  app_timer.o(.data)
    m_evt_schedule_func                      0x200050a4   Data           4  app_timer.o(.data)
    m_op_queue                               0x200050a8   Data           8  app_timer.o(.data)
    m_ticks_elapsed                          0x200050b0   Data           8  app_timer.o(.data)
    .data                                    0x200050b8   Section       12  app_util_platform.o(.data)
    m_in_critical_region                     0x200050b8   Data           4  app_util_platform.o(.data)
    .data                                    0x200050c4   Section       12  nrf_log_backend_serial.o(.data)
    m_initialized                            0x200050c4   Data           1  nrf_log_backend_serial.o(.data)
    m_blocking_mode                          0x200050c5   Data           1  nrf_log_backend_serial.o(.data)
    m_rx_done                                0x200050c6   Data           1  nrf_log_backend_serial.o(.data)
    m_uart                                   0x200050c8   Data           8  nrf_log_backend_serial.o(.data)
    .data                                    0x200050d0   Section        4  nrf_log_frontend.o(.data)
    m_overflow_info                          0x200050d0   Data           4  nrf_log_frontend.o(.data)
    .data                                    0x200050d4   Section       20  softdevice_handler.o(.data)
    m_softdevice_enabled                     0x200050d4   Data           1  softdevice_handler.o(.data)
    m_suspended                              0x200050d5   Data           1  softdevice_handler.o(.data)
    m_ble_evt_buffer_size                    0x200050d6   Data           2  softdevice_handler.o(.data)
    m_evt_schedule_func                      0x200050d8   Data           4  softdevice_handler.o(.data)
    mp_ble_evt_buffer                        0x200050dc   Data           4  softdevice_handler.o(.data)
    m_ble_evt_handler                        0x200050e0   Data           4  softdevice_handler.o(.data)
    m_sys_evt_handler                        0x200050e4   Data           4  softdevice_handler.o(.data)
    .data                                    0x200050e8   Section        4  system_nrf51.o(.data)
    __tagsym$$used                           0x200050e8   Number         0  system_nrf51.o(.data)
    .bss                                     0x200050ec   Section     5312  main_2.o(.bss)
    BLE_EVT_BUFFER                           0x2000519c   Data          72  main_2.o(.bss)
    APP_TIMER_BUF                            0x200051e4   Data          72  main_2.o(.bss)
    m_ble_lbs_c                              0x2000522c   Data         128  main_2.o(.bss)
    m_ble_db_discovery                       0x200052ac   Data        4864  main_2.o(.bss)
    .bss                                     0x200065ac   Section       32  bsp.o(.bss)
    m_leds_timer_id_data                     0x200065ac   Data          32  bsp.o(.bss)
    .bss                                     0x200065cc   Section       32  bsp.o(.bss)
    m_alert_timer_id_data                    0x200065cc   Data          32  bsp.o(.bss)
    .bss                                     0x200065ec   Section       12  bsp.o(.bss)
    m_events_list                            0x200065ec   Data          12  bsp.o(.bss)
    .bss                                     0x200065f8   Section       32  bsp.o(.bss)
    m_button_timer_id_data                   0x200065f8   Data          32  bsp.o(.bss)
    .bss                                     0x20006618   Section       52  ble_conn_state.o(.bss)
    m_bcs                                    0x20006618   Data          52  ble_conn_state.o(.bss)
    .bss                                     0x2000664c   Section      672  ble_db_discovery.o(.bss)
    m_registered_handlers                    0x2000664c   Data          24  ble_db_discovery.o(.bss)
    m_pending_user_evts                      0x20006664   Data         648  ble_db_discovery.o(.bss)
    .bss                                     0x200068ec   Section      160  ble_lbs_c.o(.bss)
    m_tx_buffer                              0x200068ec   Data         160  ble_lbs_c.o(.bss)
    .bss                                     0x2000698c   Section       20  nrf_drv_clock.o(.bss)
    m_clock_cb                               0x2000698c   Data          20  nrf_drv_clock.o(.bss)
    .bss                                     0x200069a0   Section       72  nrf_drv_gpiote.o(.bss)
    m_cb                                     0x200069a0   Data          72  nrf_drv_gpiote.o(.bss)
    .bss                                     0x200069e8   Section       28  nrf_drv_uart.o(.bss)
    m_cb                                     0x200069e8   Data          28  nrf_drv_uart.o(.bss)
    .bss                                     0x20006a04   Section       32  app_button.o(.bss)
    m_detection_delay_timer_id_data          0x20006a04   Data          32  app_button.o(.bss)
    .bss                                     0x20006a24   Section      256  nrf_log_backend_serial.o(.bss)
    m_uart_buffer                            0x20006a24   Data         256  nrf_log_backend_serial.o(.bss)
    .bss                                     0x20006b24   Section     1048  nrf_log_frontend.o(.bss)
    m_log_data                               0x20006b24   Data        1048  nrf_log_frontend.o(.bss)
    .bss                                     0x20006f3c   Section      648  segger_rtt.o(.bss)
    _acUpBuffer                              0x20006f3c   Data         512  segger_rtt.o(.bss)
    _acDownBuffer                            0x2000713c   Data          16  segger_rtt.o(.bss)
    STACK                                    0x200071c8   Section     2048  arm_startup_nrf51.o(STACK)

    Global Symbols

    Symbol Name                              Value     Ov Type        Size  Object(Section)

    BuildAttributes$$THM_ISAv3M$S$PE$A:L22$X:L11$S22$IEEE1$IW$USESV6$~STKCKD$USESV7$~SHL$OTIME$ROPI$EBA8$MICROLIB$REQ8$PRES8$EABIv2 0x00000000   Number         0  anon$$obj.o ABSOLUTE
    __ARM_use_no_argv                        0x00000000   Number         0  main_2.o ABSOLUTE
    _printf_a                                0x00000000   Number         0  stubs.o ABSOLUTE
    _printf_c                                0x00000000   Number         0  stubs.o ABSOLUTE
    _printf_charcount                        0x00000000   Number         0  stubs.o ABSOLUTE
    _printf_d                                0x00000000   Number         0  stubs.o ABSOLUTE
    _printf_e                                0x00000000   Number         0  stubs.o ABSOLUTE
    _printf_f                                0x00000000   Number         0  stubs.o ABSOLUTE
    _printf_flags                            0x00000000   Number         0  stubs.o ABSOLUTE
    _printf_fp_dec                           0x00000000   Number         0  stubs.o ABSOLUTE
    _printf_fp_hex                           0x00000000   Number         0  stubs.o ABSOLUTE
    _printf_g                                0x00000000   Number         0  stubs.o ABSOLUTE
    _printf_i                                0x00000000   Number         0  stubs.o ABSOLUTE
    _printf_int_dec                          0x00000000   Number         0  stubs.o ABSOLUTE
    _printf_l                                0x00000000   Number         0  stubs.o ABSOLUTE
    _printf_lc                               0x00000000   Number         0  stubs.o ABSOLUTE
    _printf_ll                               0x00000000   Number         0  stubs.o ABSOLUTE
    _printf_lld                              0x00000000   Number         0  stubs.o ABSOLUTE
    _printf_lli                              0x00000000   Number         0  stubs.o ABSOLUTE
    _printf_llo                              0x00000000   Number         0  stubs.o ABSOLUTE
    _printf_llu                              0x00000000   Number         0  stubs.o ABSOLUTE
    _printf_llx                              0x00000000   Number         0  stubs.o ABSOLUTE
    _printf_longlong_dec                     0x00000000   Number         0  stubs.o ABSOLUTE
    _printf_longlong_hex                     0x00000000   Number         0  stubs.o ABSOLUTE
    _printf_longlong_oct                     0x00000000   Number         0  stubs.o ABSOLUTE
    _printf_ls                               0x00000000   Number         0  stubs.o ABSOLUTE
    _printf_mbtowc                           0x00000000   Number         0  stubs.o ABSOLUTE
    _printf_n                                0x00000000   Number         0  stubs.o ABSOLUTE
    _printf_o                                0x00000000   Number         0  stubs.o ABSOLUTE
    _printf_p                                0x00000000   Number         0  stubs.o ABSOLUTE
    _printf_percent                          0x00000000   Number         0  stubs.o ABSOLUTE
    _printf_pre_padding                      0x00000000   Number         0  stubs.o ABSOLUTE
    _printf_return_value                     0x00000000   Number         0  stubs.o ABSOLUTE
    _printf_s                                0x00000000   Number         0  stubs.o ABSOLUTE
    _printf_sizespec                         0x00000000   Number         0  stubs.o ABSOLUTE
    _printf_str                              0x00000000   Number         0  stubs.o ABSOLUTE
    _printf_truncate_signed                  0x00000000   Number         0  stubs.o ABSOLUTE
    _printf_truncate_unsigned                0x00000000   Number         0  stubs.o ABSOLUTE
    _printf_u                                0x00000000   Number         0  stubs.o ABSOLUTE
    _printf_wc                               0x00000000   Number         0  stubs.o ABSOLUTE
    _printf_wctomb                           0x00000000   Number         0  stubs.o ABSOLUTE
    _printf_widthprec                        0x00000000   Number         0  stubs.o ABSOLUTE
    _printf_x                                0x00000000   Number         0  stubs.o ABSOLUTE
    __cpp_initialize__aeabi_                  - Undefined Weak Reference
    __cxa_finalize                            - Undefined Weak Reference
    __decompress                              - Undefined Weak Reference
    _clock_init                               - Undefined Weak Reference
    _microlib_exit                            - Undefined Weak Reference
    fs_data$$Base                             - Undefined Reference
    fs_data$$Limit                            - Undefined Reference
    __Vectors_Size                           0x000000c0   Number         0  arm_startup_nrf51.o ABSOLUTE
    __Vectors                                0x0001b000   Data           4  arm_startup_nrf51.o(RESET)
    __Vectors_End                            0x0001b0c0   Data           0  arm_startup_nrf51.o(RESET)
    __main                                   0x0001b0c1   Thumb Code     0  entry.o(.ARM.Collect$$$$00000000)
    _main_stk                                0x0001b0c1   Thumb Code     0  entry2.o(.ARM.Collect$$$$00000001)
    _main_scatterload                        0x0001b0c5   Thumb Code     0  entry5.o(.ARM.Collect$$$$00000004)
    __main_after_scatterload                 0x0001b0c9   Thumb Code     0  entry5.o(.ARM.Collect$$$$00000004)
    _main_clock                              0x0001b0c9   Thumb Code     0  entry7b.o(.ARM.Collect$$$$00000008)
    _main_cpp_init                           0x0001b0c9   Thumb Code     0  entry8b.o(.ARM.Collect$$$$0000000A)
    _main_init                               0x0001b0c9   Thumb Code     0  entry9a.o(.ARM.Collect$$$$0000000B)
    __rt_final_cpp                           0x0001b0d1   Thumb Code     0  entry10a.o(.ARM.Collect$$$$0000000D)
    __rt_final_exit                          0x0001b0d1   Thumb Code     0  entry11a.o(.ARM.Collect$$$$0000000F)
    Reset_Handler                            0x0001b0d5   Thumb Code    26  arm_startup_nrf51.o(.text)
    NMI_Handler                              0x0001b0ef   Thumb Code     2  arm_startup_nrf51.o(.text)
    HardFault_Handler                        0x0001b0f1   Thumb Code     2  arm_startup_nrf51.o(.text)
    SVC_Handler                              0x0001b0f3   Thumb Code     2  arm_startup_nrf51.o(.text)
    PendSV_Handler                           0x0001b0f5   Thumb Code     2  arm_startup_nrf51.o(.text)
    SysTick_Handler                          0x0001b0f7   Thumb Code     2  arm_startup_nrf51.o(.text)
    ADC_IRQHandler                           0x0001b0f9   Thumb Code     0  arm_startup_nrf51.o(.text)
    CCM_AAR_IRQHandler                       0x0001b0f9   Thumb Code     0  arm_startup_nrf51.o(.text)
    ECB_IRQHandler                           0x0001b0f9   Thumb Code     0  arm_startup_nrf51.o(.text)
    LPCOMP_IRQHandler                        0x0001b0f9   Thumb Code     0  arm_startup_nrf51.o(.text)
    QDEC_IRQHandler                          0x0001b0f9   Thumb Code     0  arm_startup_nrf51.o(.text)
    RADIO_IRQHandler                         0x0001b0f9   Thumb Code     0  arm_startup_nrf51.o(.text)
    RNG_IRQHandler                           0x0001b0f9   Thumb Code     0  arm_startup_nrf51.o(.text)
    RTC0_IRQHandler                          0x0001b0f9   Thumb Code     0  arm_startup_nrf51.o(.text)
    SPI0_TWI0_IRQHandler                     0x0001b0f9   Thumb Code     0  arm_startup_nrf51.o(.text)
    SPI1_TWI1_IRQHandler                     0x0001b0f9   Thumb Code     0  arm_startup_nrf51.o(.text)
    SWI1_IRQHandler                          0x0001b0f9   Thumb Code     0  arm_startup_nrf51.o(.text)
    SWI3_IRQHandler                          0x0001b0f9   Thumb Code     0  arm_startup_nrf51.o(.text)
    SWI4_IRQHandler                          0x0001b0f9   Thumb Code     0  arm_startup_nrf51.o(.text)
    SWI5_IRQHandler                          0x0001b0f9   Thumb Code     0  arm_startup_nrf51.o(.text)
    TEMP_IRQHandler                          0x0001b0f9   Thumb Code     0  arm_startup_nrf51.o(.text)
    TIMER0_IRQHandler                        0x0001b0f9   Thumb Code     0  arm_startup_nrf51.o(.text)
    TIMER1_IRQHandler                        0x0001b0f9   Thumb Code     0  arm_startup_nrf51.o(.text)
    TIMER2_IRQHandler                        0x0001b0f9   Thumb Code     0  arm_startup_nrf51.o(.text)
    WDT_IRQHandler                           0x0001b0f9   Thumb Code     0  arm_startup_nrf51.o(.text)
    __aeabi_uidiv                            0x0001b10d   Thumb Code     0  uidiv.o(.text)
    __aeabi_uidivmod                         0x0001b10d   Thumb Code    44  uidiv.o(.text)
    __rt_ctype_table                         0x0001b139   Thumb Code     4  ctype_o.o(.text)
    __aeabi_memcpy                           0x0001b141   Thumb Code    36  memcpya.o(.text)
    __aeabi_memcpy4                          0x0001b141   Thumb Code     0  memcpya.o(.text)
    __aeabi_memcpy8                          0x0001b141   Thumb Code     0  memcpya.o(.text)
    __aeabi_memset                           0x0001b165   Thumb Code    14  memseta.o(.text)
    __aeabi_memset4                          0x0001b165   Thumb Code     0  memseta.o(.text)
    __aeabi_memset8                          0x0001b165   Thumb Code     0  memseta.o(.text)
    __aeabi_memclr                           0x0001b173   Thumb Code     4  memseta.o(.text)
    __aeabi_memclr4                          0x0001b173   Thumb Code     0  memseta.o(.text)
    __aeabi_memclr8                          0x0001b173   Thumb Code     0  memseta.o(.text)
    _memset$wrapper                          0x0001b177   Thumb Code    18  memseta.o(.text)
    strlen                                   0x0001b189   Thumb Code    14  strlen.o(.text)
    memcmp                                   0x0001b197   Thumb Code    26  memcmp.o(.text)
    strcpy                                   0x0001b1b1   Thumb Code    18  strcpy.o(.text)
    __aeabi_fadd                             0x0001b1c3   Thumb Code   162  fadd.o(.text)
    __aeabi_fsub                             0x0001b265   Thumb Code     8  fadd.o(.text)
    __aeabi_frsub                            0x0001b26d   Thumb Code     8  fadd.o(.text)
    __aeabi_fmul                             0x0001b275   Thumb Code   122  fmul.o(.text)
    __aeabi_fdiv                             0x0001b2ef   Thumb Code   124  fdiv.o(.text)
    __aeabi_i2f                              0x0001b36b   Thumb Code    22  fflti.o(.text)
    __aeabi_f2uiz                            0x0001b381   Thumb Code    40  ffixui.o(.text)
    __aeabi_uldivmod                         0x0001b3a9   Thumb Code    96  uldiv.o(.text)
    __I$use$fp                               0x0001b409   Thumb Code     0  iusefp.o(.text)
    _float_round                             0x0001b409   Thumb Code    16  fepilogue.o(.text)
    _float_epilogue                          0x0001b419   Thumb Code   114  fepilogue.o(.text)
    __scatterload                            0x0001b48d   Thumb Code    28  init.o(.text)
    __scatterload_rt2                        0x0001b48d   Thumb Code     0  init.o(.text)
    __aeabi_llsl                             0x0001b4b1   Thumb Code    32  llshl.o(.text)
    _ll_shift_l                              0x0001b4b1   Thumb Code     0  llshl.o(.text)
    __aeabi_llsr                             0x0001b4d1   Thumb Code    34  llushr.o(.text)
    _ll_ushift_r                             0x0001b4d1   Thumb Code     0  llushr.o(.text)
    GPIOTE_IRQHandler                        0x0001b4f5   Thumb Code   364  nrf_drv_gpiote.o(i.GPIOTE_IRQHandler)
    POWER_CLOCK_IRQHandler                   0x0001b6b1   Thumb Code    70  nrf_drv_clock.o(i.POWER_CLOCK_IRQHandler)
    RTC1_IRQHandler                          0x0001b705   Thumb Code    28  app_timer.o(i.RTC1_IRQHandler)
    SEGGER_RTT_Init                          0x0001b725   Thumb Code    16  segger_rtt.o(i.SEGGER_RTT_Init)
    SEGGER_RTT_WriteNoLock                   0x0001b739   Thumb Code    86  segger_rtt.o(i.SEGGER_RTT_WriteNoLock)
    SWI0_IRQHandler                          0x0001b795   Thumb Code     8  app_timer.o(i.SWI0_IRQHandler)
    SWI2_IRQHandler                          0x0001b79d   Thumb Code    28  softdevice_handler.o(i.SWI2_IRQHandler)
    SystemInit                               0x0001b7bd   Thumb Code   130  system_nrf51.o(i.SystemInit)
    UART0_IRQHandler                         0x0001b85d   Thumb Code    12  nrf_drv_uart.o(i.UART0_IRQHandler)
    __0snprintf$8                            0x0001b991   Thumb Code    46  printf8.o(i.__0snprintf$8)
    __1snprintf$8                            0x0001b991   Thumb Code     0  printf8.o(i.__0snprintf$8)
    __2snprintf                              0x0001b991   Thumb Code     0  printf8.o(i.__0snprintf$8)
    __ARM_common_switch8                     0x0001b9c5   Thumb Code    26  bsp.o(i.__ARM_common_switch8)
    __scatterload_copy                       0x0001b9df   Thumb Code    14  handlers.o(i.__scatterload_copy)
    __scatterload_null                       0x0001b9ed   Thumb Code     2  handlers.o(i.__scatterload_null)
    __scatterload_zeroinit                   0x0001b9ef   Thumb Code    14  handlers.o(i.__scatterload_zeroinit)
    app_button_disable                       0x0001bed1   Thumb Code    36  app_button.o(i.app_button_disable)
    app_button_enable                        0x0001befd   Thumb Code    32  app_button.o(i.app_button_enable)
    app_button_init                          0x0001bf21   Thumb Code   100  app_button.o(i.app_button_init)
    app_error_fault_handler                  0x0001bf95   Thumb Code    40  app_error_weak.o(i.app_error_fault_handler)
    app_error_handler_bare                   0x0001bfe1   Thumb Code    20  app_error.o(i.app_error_handler_bare)
    app_timer_create                         0x0001bff9   Thumb Code    40  app_timer.o(i.app_timer_create)
    app_timer_init                           0x0001c025   Thumb Code    98  app_timer.o(i.app_timer_init)
    app_timer_start                          0x0001c099   Thumb Code   128  app_timer.o(i.app_timer_start)
    app_timer_stop                           0x0001c121   Thumb Code    36  app_timer.o(i.app_timer_stop)
    app_util_critical_region_enter           0x0001c149   Thumb Code    48  app_util_platform.o(i.app_util_critical_region_enter)
    app_util_critical_region_exit            0x0001c185   Thumb Code    36  app_util_platform.o(i.app_util_critical_region_exit)
    ble_conn_state_n_centrals                0x0001c3b1   Thumb Code    16  ble_conn_state.o(i.ble_conn_state_n_centrals)
    ble_conn_state_on_ble_evt                0x0001c3c5   Thumb Code   238  ble_conn_state.o(i.ble_conn_state_on_ble_evt)
    ble_db_discovery_evt_register            0x0001c4bd   Thumb Code    66  ble_db_discovery.o(i.ble_db_discovery_evt_register)
    ble_db_discovery_init                    0x0001c509   Thumb Code    26  ble_db_discovery.o(i.ble_db_discovery_init)
    ble_db_discovery_on_ble_evt              0x0001c529   Thumb Code    80  ble_db_discovery.o(i.ble_db_discovery_on_ble_evt)
    ble_db_discovery_start                   0x0001c57d   Thumb Code   102  ble_db_discovery.o(i.ble_db_discovery_start)
    ble_lbs_c_button_notif_enable            0x0001c629   Thumb Code    78  ble_lbs_c.o(i.ble_lbs_c_button_notif_enable)
    ble_lbs_c_handles_assign                 0x0001c685   Thumb Code    32  ble_lbs_c.o(i.ble_lbs_c_handles_assign)
    ble_lbs_c_init                           0x0001c6a5   Thumb Code    80  ble_lbs_c.o(i.ble_lbs_c_init)
    ble_lbs_c_on_ble_evt                     0x0001c6fd   Thumb Code   106  ble_lbs_c.o(i.ble_lbs_c_on_ble_evt)
    ble_lbs_led_status_send                  0x0001c769   Thumb Code    78  ble_lbs_c.o(i.ble_lbs_led_status_send)
    ble_lbs_on_db_disc_evt                   0x0001c7c5   Thumb Code   134  ble_lbs_c.o(i.ble_lbs_on_db_disc_evt)
    bsp_board_led_invert                     0x0001c8b9   Thumb Code    24  boards.o(i.bsp_board_led_invert)
    bsp_board_led_off                        0x0001c8d9   Thumb Code    14  boards.o(i.bsp_board_led_off)
    bsp_board_led_on                         0x0001c8ed   Thumb Code    14  boards.o(i.bsp_board_led_on)
    bsp_board_led_state_get                  0x0001c901   Thumb Code    24  boards.o(i.bsp_board_led_state_get)
    bsp_board_leds_init                      0x0001c921   Thumb Code    36  boards.o(i.bsp_board_leds_init)
    bsp_board_leds_off                       0x0001c949   Thumb Code    18  boards.o(i.bsp_board_leds_off)
    bsp_board_leds_on                        0x0001c95b   Thumb Code    18  boards.o(i.bsp_board_leds_on)
    bsp_board_pin_to_button_idx              0x0001c96d   Thumb Code    30  boards.o(i.bsp_board_pin_to_button_idx)
    bsp_indication_set                       0x0001ca25   Thumb Code    22  bsp.o(i.bsp_indication_set)
    buffer_is_empty                          0x0001cc61   Thumb Code    16  nrf_log_frontend.o(i.buffer_is_empty)
    intern_softdevice_events_execute         0x0001d0bd   Thumb Code   122  softdevice_handler.o(i.intern_softdevice_events_execute)
    main                                     0x0001d3cd   Thumb Code   164  main_2.o(i.main)
    nrf_drv_clock_init                       0x0001d4f9   Thumb Code    60  nrf_drv_clock.o(i.nrf_drv_clock_init)
    nrf_drv_clock_on_sd_enable               0x0001d541   Thumb Code    46  nrf_drv_clock.o(i.nrf_drv_clock_on_sd_enable)
    nrf_drv_clock_on_soc_event               0x0001d575   Thumb Code    12  nrf_drv_clock.o(i.nrf_drv_clock_on_soc_event)
    nrf_drv_common_irq_enable                0x0001d581   Thumb Code    78  nrf_drv_common.o(i.nrf_drv_common_irq_enable)
    nrf_drv_gpiote_in_event_disable          0x0001d5e1   Thumb Code    62  nrf_drv_gpiote.o(i.nrf_drv_gpiote_in_event_disable)
    nrf_drv_gpiote_in_event_enable           0x0001d629   Thumb Code   136  nrf_drv_gpiote.o(i.nrf_drv_gpiote_in_event_enable)
    nrf_drv_gpiote_in_init                   0x0001d6c1   Thumb Code   154  nrf_drv_gpiote.o(i.nrf_drv_gpiote_in_init)
    nrf_drv_gpiote_in_is_set                 0x0001d769   Thumb Code    16  nrf_drv_gpiote.o(i.nrf_drv_gpiote_in_is_set)
    nrf_drv_gpiote_init                      0x0001d77d   Thumb Code    84  nrf_drv_gpiote.o(i.nrf_drv_gpiote_init)
    nrf_drv_gpiote_is_init                   0x0001d7d9   Thumb Code    12  nrf_drv_gpiote.o(i.nrf_drv_gpiote_is_init)
    nrf_drv_uart_init                        0x0001d7e9   Thumb Code   118  nrf_drv_uart.o(i.nrf_drv_uart_init)
    nrf_drv_uart_tx                          0x0001d869   Thumb Code    46  nrf_drv_uart.o(i.nrf_drv_uart_tx)
    nrf_drv_uart_tx_in_progress              0x0001d929   Thumb Code    20  nrf_drv_uart.o(i.nrf_drv_uart_tx_in_progress)
    nrf_drv_uart_uninit                      0x0001d941   Thumb Code   140  nrf_drv_uart.o(i.nrf_drv_uart_uninit)
    nrf_log_backend_hexdump_handler_get      0x0001db11   Thumb Code     4  nrf_log_backend_serial.o(i.nrf_log_backend_hexdump_handler_get)
    nrf_log_backend_init                     0x0001db19   Thumb Code   106  nrf_log_backend_serial.o(i.nrf_log_backend_init)
    nrf_log_backend_std_handler_get          0x0001ddf5   Thumb Code     4  nrf_log_backend_serial.o(i.nrf_log_backend_std_handler_get)
    nrf_log_blocking_backend_set             0x0001ddfd   Thumb Code    10  nrf_log_frontend.o(i.nrf_log_blocking_backend_set)
    nrf_log_frontend_dequeue                 0x0001de09   Thumb Code   310  nrf_log_frontend.o(i.nrf_log_frontend_dequeue)
    nrf_log_frontend_init                    0x0001df4d   Thumb Code    24  nrf_log_frontend.o(i.nrf_log_frontend_init)
    nrf_log_frontend_std_0                   0x0001df6d   Thumb Code    90  nrf_log_frontend.o(i.nrf_log_frontend_std_0)
    nrf_log_frontend_std_1                   0x0001dfd5   Thumb Code   108  nrf_log_frontend.o(i.nrf_log_frontend_std_1)
    nrf_log_frontend_std_2                   0x0001e04d   Thumb Code   122  nrf_log_frontend.o(i.nrf_log_frontend_std_2)
    nrf_log_frontend_std_6                   0x0001e0d5   Thumb Code   180  nrf_log_frontend.o(i.nrf_log_frontend_std_6)
    nrf_log_handlers_set                     0x0001e195   Thumb Code     8  nrf_log_frontend.o(i.nrf_log_handlers_set)
    nrf_log_init                             0x0001e1a1   Thumb Code    44  nrf_log_frontend.o(i.nrf_log_init)
    sdk_mapped_flags_bulk_update_by_key      0x0001e969   Thumb Code    70  sdk_mapped_flags.o(i.sdk_mapped_flags_bulk_update_by_key)
    sdk_mapped_flags_first_key_index_get     0x0001e9b1   Thumb Code    34  sdk_mapped_flags.o(i.sdk_mapped_flags_first_key_index_get)
    sdk_mapped_flags_key_list_get            0x0001e9e9   Thumb Code    70  sdk_mapped_flags.o(i.sdk_mapped_flags_key_list_get)
    sdk_mapped_flags_n_flags_set             0x0001ea2f   Thumb Code    32  sdk_mapped_flags.o(i.sdk_mapped_flags_n_flags_set)
    sdk_mapped_flags_update_by_key           0x0001ea4f   Thumb Code    14  sdk_mapped_flags.o(i.sdk_mapped_flags_update_by_key)
    softdevice_ble_evt_handler_set           0x0001eabd   Thumb Code    16  softdevice_handler.o(i.softdevice_ble_evt_handler_set)
    softdevice_enable                        0x0001ead1   Thumb Code    62  softdevice_handler.o(i.softdevice_enable)
    softdevice_enable_get_default_config     0x0001eb7d   Thumb Code    40  softdevice_handler.o(i.softdevice_enable_get_default_config)
    softdevice_fault_handler                 0x0001eba5   Thumb Code     8  softdevice_handler.o(i.softdevice_fault_handler)
    softdevice_handler_init                  0x0001ebad   Thumb Code    74  softdevice_handler.o(i.softdevice_handler_init)
    softdevice_handler_is_enabled            0x0001ec05   Thumb Code     6  softdevice_handler.o(i.softdevice_handler_is_enabled)
    __ctype_table                            0x0001f0a0   Data         129  ctype_o.o(.constdata)
    Region$$Table$$Base                      0x0001f368   Number         0  anon$$obj.o(Region$$Table)
    Region$$Table$$Limit                     0x0001f388   Number         0  anon$$obj.o(Region$$Table)
    Image$$RW_IRAM1$$Base                    0x20005040   Number         0  anon$$obj.o ABSOLUTE
    frame_idx                                0x20005042   Data           4  main_2.o(.data)
    coord                                    0x20005046   Data           8  main_2.o(.data)
    nrf_nvic_state                           0x200050bc   Data           8  app_util_platform.o(.data)
    SystemCoreClock                          0x200050e8   Data           4  system_nrf51.o(.data)
    rssi_frame                               0x200050ec   Data         160  main_2.o(.bss)
    rssi_avgs                                0x2000518c   Data          16  main_2.o(.bss)
    _SEGGER_RTT                              0x2000714c   Data         120  segger_rtt.o(.bss)
    __initial_sp                             0x200079c8   Data           0  arm_startup_nrf51.o(STACK)



==============================================================================

Memory Map of the image

  Image Entry point : 0x0001b0c1

  Load Region LR_IROM1 (Base: 0x0001b000, Size: 0x00004434, Max: 0x00025000, ABSOLUTE)

    Execution Region ER_IROM1 (Exec base: 0x0001b000, Load base: 0x0001b000, Size: 0x00004388, Max: 0x00025000, ABSOLUTE)

    Exec Addr    Load Addr    Size         Type   Attr      Idx    E Section Name        Object

    0x0001b000   0x0001b000   0x000000c0   Data   RO         2823    RESET               arm_startup_nrf51.o
    0x0001b0c0   0x0001b0c0   0x00000000   Code   RO         2865  * .ARM.Collect$$$$00000000  mc_p.l(entry.o)
    0x0001b0c0   0x0001b0c0   0x00000004   Code   RO         3181    .ARM.Collect$$$$00000001  mc_p.l(entry2.o)
    0x0001b0c4   0x0001b0c4   0x00000004   Code   RO         3184    .ARM.Collect$$$$00000004  mc_p.l(entry5.o)
    0x0001b0c8   0x0001b0c8   0x00000000   Code   RO         3186    .ARM.Collect$$$$00000008  mc_p.l(entry7b.o)
    0x0001b0c8   0x0001b0c8   0x00000000   Code   RO         3188    .ARM.Collect$$$$0000000A  mc_p.l(entry8b.o)
    0x0001b0c8   0x0001b0c8   0x00000008   Code   RO         3189    .ARM.Collect$$$$0000000B  mc_p.l(entry9a.o)
    0x0001b0d0   0x0001b0d0   0x00000000   Code   RO         3191    .ARM.Collect$$$$0000000D  mc_p.l(entry10a.o)
    0x0001b0d0   0x0001b0d0   0x00000000   Code   RO         3193    .ARM.Collect$$$$0000000F  mc_p.l(entry11a.o)
    0x0001b0d0   0x0001b0d0   0x00000004   Code   RO         3182    .ARM.Collect$$$$00002712  mc_p.l(entry2.o)
    0x0001b0d4   0x0001b0d4   0x00000038   Code   RO         2824    .text               arm_startup_nrf51.o
    0x0001b10c   0x0001b10c   0x0000002c   Code   RO         2868    .text               mc_p.l(uidiv.o)
    0x0001b138   0x0001b138   0x00000008   Code   RO         2870    .text               mc_p.l(ctype_o.o)
    0x0001b140   0x0001b140   0x00000024   Code   RO         2898    .text               mc_p.l(memcpya.o)
    0x0001b164   0x0001b164   0x00000024   Code   RO         2900    .text               mc_p.l(memseta.o)
    0x0001b188   0x0001b188   0x0000000e   Code   RO         2902    .text               mc_p.l(strlen.o)
    0x0001b196   0x0001b196   0x0000001a   Code   RO         2904    .text               mc_p.l(memcmp.o)
    0x0001b1b0   0x0001b1b0   0x00000012   Code   RO         2906    .text               mc_p.l(strcpy.o)
    0x0001b1c2   0x0001b1c2   0x000000b2   Code   RO         3171    .text               mf_p.l(fadd.o)
    0x0001b274   0x0001b274   0x0000007a   Code   RO         3173    .text               mf_p.l(fmul.o)
    0x0001b2ee   0x0001b2ee   0x0000007c   Code   RO         3175    .text               mf_p.l(fdiv.o)
    0x0001b36a   0x0001b36a   0x00000016   Code   RO         3177    .text               mf_p.l(fflti.o)
    0x0001b380   0x0001b380   0x00000028   Code   RO         3179    .text               mf_p.l(ffixui.o)
    0x0001b3a8   0x0001b3a8   0x00000060   Code   RO         3198    .text               mc_p.l(uldiv.o)
    0x0001b408   0x0001b408   0x00000000   Code   RO         3200    .text               mc_p.l(iusefp.o)
    0x0001b408   0x0001b408   0x00000082   Code   RO         3201    .text               mf_p.l(fepilogue.o)
    0x0001b48a   0x0001b48a   0x00000002   PAD
    0x0001b48c   0x0001b48c   0x00000024   Code   RO         3213    .text               mc_p.l(init.o)
    0x0001b4b0   0x0001b4b0   0x00000020   Code   RO         3216    .text               mc_p.l(llshl.o)
    0x0001b4d0   0x0001b4d0   0x00000022   Code   RO         3218    .text               mc_p.l(llushr.o)
    0x0001b4f2   0x0001b4f2   0x00000002   PAD
    0x0001b4f4   0x0001b4f4   0x00000178   Code   RO         1388    i.GPIOTE_IRQHandler  nrf_drv_gpiote.o
    0x0001b66c   0x0001b66c   0x00000044   Code   RO         1900    i.NVIC_SetPriority  app_timer.o
    0x0001b6b0   0x0001b6b0   0x00000054   Code   RO         1182    i.POWER_CLOCK_IRQHandler  nrf_drv_clock.o
    0x0001b704   0x0001b704   0x00000020   Code   RO         1901    i.RTC1_IRQHandler   app_timer.o
    0x0001b724   0x0001b724   0x00000014   Code   RO         2539    i.SEGGER_RTT_Init   segger_rtt.o
    0x0001b738   0x0001b738   0x0000005c   Code   RO         2548    i.SEGGER_RTT_WriteNoLock  segger_rtt.o
    0x0001b794   0x0001b794   0x00000008   Code   RO         1902    i.SWI0_IRQHandler   app_timer.o
    0x0001b79c   0x0001b79c   0x00000020   Code   RO         2684    i.SWI2_IRQHandler   softdevice_handler.o
    0x0001b7bc   0x0001b7bc   0x000000a0   Code   RO         2831    i.SystemInit        system_nrf51.o
    0x0001b85c   0x0001b85c   0x00000014   Code   RO         1603    i.UART0_IRQHandler  nrf_drv_uart.o
    0x0001b870   0x0001b870   0x0000006c   Code   RO         2551    i._DoInit           segger_rtt.o
    0x0001b8dc   0x0001b8dc   0x00000016   Code   RO         2552    i._GetAvailWriteSpace  segger_rtt.o
    0x0001b8f2   0x0001b8f2   0x00000060   Code   RO         2554    i._WriteBlocking    segger_rtt.o
    0x0001b952   0x0001b952   0x0000003c   Code   RO         2555    i._WriteNoCheck     segger_rtt.o
    0x0001b98e   0x0001b98e   0x00000002   PAD
    0x0001b990   0x0001b990   0x00000034   Code   RO         3118    i.__0snprintf$8     mc_p.l(printf8.o)
    0x0001b9c4   0x0001b9c4   0x0000001a   Code   RO          507    i.__ARM_common_switch8  bsp.o
    0x0001b9de   0x0001b9de   0x0000000e   Code   RO         3229    i.__scatterload_copy  mc_p.l(handlers.o)
    0x0001b9ec   0x0001b9ec   0x00000002   Code   RO         3230    i.__scatterload_null  mc_p.l(handlers.o)
    0x0001b9ee   0x0001b9ee   0x0000000e   Code   RO         3231    i.__scatterload_zeroinit  mc_p.l(handlers.o)
    0x0001b9fc   0x0001b9fc   0x0000001c   Code   RO         2685    i.__sd_nvic_app_accessible_irq  softdevice_handler.o
    0x0001ba18   0x0001ba18   0x00000428   Code   RO         3124    i._printf_core      mc_p.l(printf8.o)
    0x0001be40   0x0001be40   0x00000020   Code   RO         3125    i._printf_post_padding  mc_p.l(printf8.o)
    0x0001be60   0x0001be60   0x0000002c   Code   RO         3126    i._printf_pre_padding  mc_p.l(printf8.o)
    0x0001be8c   0x0001be8c   0x00000016   Code   RO         3127    i._snputc           mc_p.l(printf8.o)
    0x0001bea2   0x0001bea2   0x0000002e   Code   RO            3    i.adv_report_parse  main_2.o
    0x0001bed0   0x0001bed0   0x0000002c   Code   RO         1780    i.app_button_disable  app_button.o
    0x0001befc   0x0001befc   0x00000024   Code   RO         1781    i.app_button_enable  app_button.o
    0x0001bf20   0x0001bf20   0x00000074   Code   RO         1782    i.app_button_init   app_button.o
    0x0001bf94   0x0001bf94   0x0000004c   Code   RO         1877    i.app_error_fault_handler  app_error_weak.o
    0x0001bfe0   0x0001bfe0   0x00000018   Code   RO         1842    i.app_error_handler_bare  app_error.o
    0x0001bff8   0x0001bff8   0x0000002c   Code   RO         1905    i.app_timer_create  app_timer.o
    0x0001c024   0x0001c024   0x00000074   Code   RO         1906    i.app_timer_init    app_timer.o
    0x0001c098   0x0001c098   0x00000088   Code   RO         1907    i.app_timer_start   app_timer.o
    0x0001c120   0x0001c120   0x00000028   Code   RO         1908    i.app_timer_stop    app_timer.o
    0x0001c148   0x0001c148   0x0000003c   Code   RO         2045    i.app_util_critical_region_enter  app_util_platform.o
    0x0001c184   0x0001c184   0x0000002c   Code   RO         2046    i.app_util_critical_region_exit  app_util_platform.o
    0x0001c1b0   0x0001c1b0   0x00000084   Code   RO         1604    i.apply_config      nrf_drv_uart.o
    0x0001c234   0x0001c234   0x000000ec   Code   RO            5    i.assign_coords     main_2.o
    0x0001c320   0x0001c320   0x00000090   Code   RO            6    i.assign_rssi       main_2.o
    0x0001c3b0   0x0001c3b0   0x00000014   Code   RO          840    i.ble_conn_state_n_centrals  ble_conn_state.o
    0x0001c3c4   0x0001c3c4   0x000000f8   Code   RO          843    i.ble_conn_state_on_ble_evt  ble_conn_state.o
    0x0001c4bc   0x0001c4bc   0x0000004c   Code   RO          968    i.ble_db_discovery_evt_register  ble_db_discovery.o
    0x0001c508   0x0001c508   0x00000020   Code   RO          969    i.ble_db_discovery_init  ble_db_discovery.o
    0x0001c528   0x0001c528   0x00000054   Code   RO          970    i.ble_db_discovery_on_ble_evt  ble_db_discovery.o
    0x0001c57c   0x0001c57c   0x00000074   Code   RO          971    i.ble_db_discovery_start  ble_db_discovery.o
    0x0001c5f0   0x0001c5f0   0x00000038   Code   RO            7    i.ble_evt_dispatch  main_2.o
    0x0001c628   0x0001c628   0x0000005c   Code   RO         1123    i.ble_lbs_c_button_notif_enable  ble_lbs_c.o
    0x0001c684   0x0001c684   0x00000020   Code   RO         1124    i.ble_lbs_c_handles_assign  ble_lbs_c.o
    0x0001c6a4   0x0001c6a4   0x00000058   Code   RO         1125    i.ble_lbs_c_init    ble_lbs_c.o
    0x0001c6fc   0x0001c6fc   0x0000006a   Code   RO         1126    i.ble_lbs_c_on_ble_evt  ble_lbs_c.o
    0x0001c766   0x0001c766   0x00000002   PAD
    0x0001c768   0x0001c768   0x0000005c   Code   RO         1127    i.ble_lbs_led_status_send  ble_lbs_c.o
    0x0001c7c4   0x0001c7c4   0x00000090   Code   RO         1128    i.ble_lbs_on_db_disc_evt  ble_lbs_c.o
    0x0001c854   0x0001c854   0x00000064   Code   RO            8    i.ble_stack_init    main_2.o
    0x0001c8b8   0x0001c8b8   0x00000020   Code   RO          312    i.bsp_board_led_invert  boards.o
    0x0001c8d8   0x0001c8d8   0x00000014   Code   RO          313    i.bsp_board_led_off  boards.o
    0x0001c8ec   0x0001c8ec   0x00000014   Code   RO          314    i.bsp_board_led_on  boards.o
    0x0001c900   0x0001c900   0x00000020   Code   RO          315    i.bsp_board_led_state_get  boards.o
    0x0001c920   0x0001c920   0x00000028   Code   RO          316    i.bsp_board_leds_init  boards.o
    0x0001c948   0x0001c948   0x00000012   Code   RO          317    i.bsp_board_leds_off  boards.o
    0x0001c95a   0x0001c95a   0x00000012   Code   RO          318    i.bsp_board_leds_on  boards.o
    0x0001c96c   0x0001c96c   0x00000024   Code   RO          319    i.bsp_board_pin_to_button_idx  boards.o
    0x0001c990   0x0001c990   0x00000094   Code   RO          414    i.bsp_button_event_handler  bsp.o
    0x0001ca24   0x0001ca24   0x0000001c   Code   RO          419    i.bsp_indication_set  bsp.o
    0x0001ca40   0x0001ca40   0x00000180   Code   RO          421    i.bsp_led_indication  bsp.o
    0x0001cbc0   0x0001cbc0   0x00000012   Code   RO         2305    i.buf_len_update    nrf_log_backend_serial.o
    0x0001cbd2   0x0001cbd2   0x00000002   PAD
    0x0001cbd4   0x0001cbd4   0x0000008c   Code   RO         2408    i.buf_prealloc      nrf_log_frontend.o
    0x0001cc60   0x0001cc60   0x00000014   Code   RO         2409    i.buffer_is_empty   nrf_log_frontend.o
    0x0001cc74   0x0001cc74   0x0000006c   Code   RO            9    i.button_event_handler  main_2.o
    0x0001cce0   0x0001cce0   0x0000001c   Code   RO         1389    i.channel_free      nrf_drv_gpiote.o
    0x0001ccfc   0x0001ccfc   0x00000048   Code   RO         1390    i.channel_port_alloc  nrf_drv_gpiote.o
    0x0001cd44   0x0001cd44   0x00000010   Code   RO         1391    i.channel_port_get  nrf_drv_gpiote.o
    0x0001cd54   0x0001cd54   0x0000003c   Code   RO          972    i.characteristics_discover  ble_db_discovery.o
    0x0001cd90   0x0001cd90   0x00000028   Code   RO         1183    i.clock_clk_started_notify  nrf_drv_clock.o
    0x0001cdb8   0x0001cdb8   0x000000a8   Code   RO         1910    i.compare_reg_update  app_timer.o
    0x0001ce60   0x0001ce60   0x00000028   Code   RO           10    i.db_disc_handler   main_2.o
    0x0001ce88   0x0001ce88   0x00000084   Code   RO          973    i.descriptors_discover  ble_db_discovery.o
    0x0001cf0c   0x0001cf0c   0x00000060   Code   RO         1784    i.detection_delay_timeout_handler  app_button.o
    0x0001cf6c   0x0001cf6c   0x00000090   Code   RO          974    i.discovery_complete_evt_trigger  ble_db_discovery.o
    0x0001cffc   0x0001cffc   0x0000002e   Code   RO          975    i.discovery_error_evt_trigger  ble_db_discovery.o
    0x0001d02a   0x0001d02a   0x00000002   PAD
    0x0001d02c   0x0001d02c   0x00000040   Code   RO         1911    i.elapsed_ticks_acquire  app_timer.o
    0x0001d06c   0x0001d06c   0x00000050   Code   RO         1785    i.gpiote_event_handler  app_button.o
    0x0001d0bc   0x0001d0bc   0x00000080   Code   RO         2686    i.intern_softdevice_events_execute  softdevice_handler.o
    0x0001d13c   0x0001d13c   0x00000044   Code   RO          976    i.is_desc_discovery_reqd  ble_db_discovery.o
    0x0001d180   0x0001d180   0x00000048   Code   RO         2832    i.is_manual_peripheral_setup_needed  system_nrf51.o
    0x0001d1c8   0x0001d1c8   0x0000009c   Code   RO           11    i.lbs_c_evt_handler  main_2.o
    0x0001d264   0x0001d264   0x000000ac   Code   RO         1912    i.list_deletions_handler  app_timer.o
    0x0001d310   0x0001d310   0x000000bc   Code   RO         1913    i.list_insertions_handler  app_timer.o
    0x0001d3cc   0x0001d3cc   0x000000dc   Code   RO           12    i.main              main_2.o
    0x0001d4a8   0x0001d4a8   0x00000010   Code   RO         1392    i.nrf_bitmask_bit_is_set  nrf_drv_gpiote.o
    0x0001d4b8   0x0001d4b8   0x00000010   Code   RO         1187    i.nrf_clock_event_check  nrf_drv_clock.o
    0x0001d4c8   0x0001d4c8   0x00000030   Code   RO         1914    i.nrf_delay_us      app_timer.o
    0x0001d4f8   0x0001d4f8   0x00000048   Code   RO         1194    i.nrf_drv_clock_init  nrf_drv_clock.o
    0x0001d540   0x0001d540   0x00000034   Code   RO         1201    i.nrf_drv_clock_on_sd_enable  nrf_drv_clock.o
    0x0001d574   0x0001d574   0x0000000c   Code   RO         1202    i.nrf_drv_clock_on_soc_event  nrf_drv_clock.o
    0x0001d580   0x0001d580   0x00000060   Code   RO         1347    i.nrf_drv_common_irq_enable  nrf_drv_common.o
    0x0001d5e0   0x0001d5e0   0x00000048   Code   RO         1394    i.nrf_drv_gpiote_in_event_disable  nrf_drv_gpiote.o
    0x0001d628   0x0001d628   0x00000098   Code   RO         1395    i.nrf_drv_gpiote_in_event_enable  nrf_drv_gpiote.o
    0x0001d6c0   0x0001d6c0   0x000000a8   Code   RO         1396    i.nrf_drv_gpiote_in_init  nrf_drv_gpiote.o
    0x0001d768   0x0001d768   0x00000014   Code   RO         1397    i.nrf_drv_gpiote_in_is_set  nrf_drv_gpiote.o
    0x0001d77c   0x0001d77c   0x0000005c   Code   RO         1399    i.nrf_drv_gpiote_init  nrf_drv_gpiote.o
    0x0001d7d8   0x0001d7d8   0x00000010   Code   RO         1400    i.nrf_drv_gpiote_is_init  nrf_drv_gpiote.o
    0x0001d7e8   0x0001d7e8   0x00000080   Code   RO         1606    i.nrf_drv_uart_init  nrf_drv_uart.o
    0x0001d868   0x0001d868   0x00000034   Code   RO         1612    i.nrf_drv_uart_tx   nrf_drv_uart.o
    0x0001d89c   0x0001d89c   0x0000008c   Code   RO         1614    i.nrf_drv_uart_tx_for_uart  nrf_drv_uart.o
    0x0001d928   0x0001d928   0x00000018   Code   RO         1615    i.nrf_drv_uart_tx_in_progress  nrf_drv_uart.o
    0x0001d940   0x0001d940   0x00000098   Code   RO         1616    i.nrf_drv_uart_uninit  nrf_drv_uart.o
    0x0001d9d8   0x0001d9d8   0x00000028   Code   RO          321    i.nrf_gpio_cfg      boards.o
    0x0001da00   0x0001da00   0x00000028   Code   RO         1412    i.nrf_gpio_cfg      nrf_drv_gpiote.o
    0x0001da28   0x0001da28   0x00000028   Code   RO         1617    i.nrf_gpio_cfg      nrf_drv_uart.o
    0x0001da50   0x0001da50   0x00000012   Code   RO         1618    i.nrf_gpio_cfg_default  nrf_drv_uart.o
    0x0001da62   0x0001da62   0x00000012   Code   RO         1619    i.nrf_gpio_cfg_input  nrf_drv_uart.o
    0x0001da74   0x0001da74   0x00000014   Code   RO         1620    i.nrf_gpio_cfg_output  nrf_drv_uart.o
    0x0001da88   0x0001da88   0x00000022   Code   RO         1414    i.nrf_gpio_cfg_sense_set  nrf_drv_gpiote.o
    0x0001daaa   0x0001daaa   0x00000002   PAD
    0x0001daac   0x0001daac   0x00000018   Code   RO          322    i.nrf_gpio_pin_write  boards.o
    0x0001dac4   0x0001dac4   0x00000028   Code   RO         1415    i.nrf_gpio_ports_read  nrf_drv_gpiote.o
    0x0001daec   0x0001daec   0x00000010   Code   RO         1416    i.nrf_gpiote_event_clear  nrf_drv_gpiote.o
    0x0001dafc   0x0001dafc   0x00000014   Code   RO         1417    i.nrf_gpiote_event_is_set  nrf_drv_gpiote.o
    0x0001db10   0x0001db10   0x00000008   Code   RO         2307    i.nrf_log_backend_hexdump_handler_get  nrf_log_backend_serial.o
    0x0001db18   0x0001db18   0x0000007c   Code   RO         2308    i.nrf_log_backend_init  nrf_log_backend_serial.o
    0x0001db94   0x0001db94   0x00000148   Code   RO         2309    i.nrf_log_backend_serial_hexdump_handler  nrf_log_backend_serial.o
    0x0001dcdc   0x0001dcdc   0x00000118   Code   RO         2310    i.nrf_log_backend_serial_std_handler  nrf_log_backend_serial.o
    0x0001ddf4   0x0001ddf4   0x00000008   Code   RO         2311    i.nrf_log_backend_std_handler_get  nrf_log_backend_serial.o
    0x0001ddfc   0x0001ddfc   0x0000000a   Code   RO         2411    i.nrf_log_blocking_backend_set  nrf_log_frontend.o
    0x0001de06   0x0001de06   0x00000002   PAD
    0x0001de08   0x0001de08   0x00000144   Code   RO         2412    i.nrf_log_frontend_dequeue  nrf_log_frontend.o
    0x0001df4c   0x0001df4c   0x00000020   Code   RO         2414    i.nrf_log_frontend_init  nrf_log_frontend.o
    0x0001df6c   0x0001df6c   0x00000068   Code   RO         2415    i.nrf_log_frontend_std_0  nrf_log_frontend.o
    0x0001dfd4   0x0001dfd4   0x00000078   Code   RO         2416    i.nrf_log_frontend_std_1  nrf_log_frontend.o
    0x0001e04c   0x0001e04c   0x00000088   Code   RO         2417    i.nrf_log_frontend_std_2  nrf_log_frontend.o
    0x0001e0d4   0x0001e0d4   0x000000c0   Code   RO         2421    i.nrf_log_frontend_std_6  nrf_log_frontend.o
    0x0001e194   0x0001e194   0x0000000c   Code   RO         2423    i.nrf_log_handlers_set  nrf_log_frontend.o
    0x0001e1a0   0x0001e1a0   0x0000002c   Code   RO         2424    i.nrf_log_init      nrf_log_frontend.o
    0x0001e1cc   0x0001e1cc   0x0000000a   Code   RO         1621    i.nrf_uart_event_check  nrf_drv_uart.o
    0x0001e1d6   0x0001e1d6   0x00000010   Code   RO         1622    i.nrf_uart_int_enable_check  nrf_drv_uart.o
    0x0001e1e6   0x0001e1e6   0x00000002   PAD
    0x0001e1e8   0x0001e1e8   0x00000088   Code   RO           13    i.on_adv_report     main_2.o
    0x0001e270   0x0001e270   0x000001ac   Code   RO           14    i.on_ble_evt        main_2.o
    0x0001e41c   0x0001e41c   0x00000108   Code   RO          977    i.on_characteristic_discovery_rsp  ble_db_discovery.o
    0x0001e524   0x0001e524   0x00000104   Code   RO          978    i.on_descriptor_discovery_rsp  ble_db_discovery.o
    0x0001e628   0x0001e628   0x000000e4   Code   RO          979    i.on_primary_srv_discovery_rsp  ble_db_discovery.o
    0x0001e70c   0x0001e70c   0x0000007c   Code   RO          980    i.on_srv_disc_completion  ble_db_discovery.o
    0x0001e788   0x0001e788   0x00000018   Code   RO         1418    i.pin_in_use_by_port  nrf_drv_gpiote.o
    0x0001e7a0   0x0001e7a0   0x00000018   Code   RO         1419    i.pin_in_use_by_te  nrf_drv_gpiote.o
    0x0001e7b8   0x0001e7b8   0x00000010   Code   RO         2687    i.ram_end_address_get  softdevice_handler.o
    0x0001e7c8   0x0001e7c8   0x00000038   Code   RO          981    i.registered_handler_get  ble_db_discovery.o
    0x0001e800   0x0001e800   0x00000044   Code   RO         1915    i.rtc1_stop         app_timer.o
    0x0001e844   0x0001e844   0x00000026   Code   RO         1623    i.rx_byte           nrf_drv_uart.o
    0x0001e86a   0x0001e86a   0x00000014   Code   RO         1624    i.rx_done_event     nrf_drv_uart.o
    0x0001e87e   0x0001e87e   0x00000002   PAD
    0x0001e880   0x0001e880   0x00000064   Code   RO           15    i.scan_start        main_2.o
    0x0001e8e4   0x0001e8e4   0x00000084   Code   RO         2689    i.sd_nvic_EnableIRQ  softdevice_handler.o
    0x0001e968   0x0001e968   0x00000046   Code   RO         2250    i.sdk_mapped_flags_bulk_update_by_key  sdk_mapped_flags.o
    0x0001e9ae   0x0001e9ae   0x00000002   PAD
    0x0001e9b0   0x0001e9b0   0x00000028   Code   RO         2251    i.sdk_mapped_flags_first_key_index_get  sdk_mapped_flags.o
    0x0001e9d8   0x0001e9d8   0x00000010   Code   RO         2252    i.sdk_mapped_flags_get_by_index  sdk_mapped_flags.o
    0x0001e9e8   0x0001e9e8   0x00000046   Code   RO         2254    i.sdk_mapped_flags_key_list_get  sdk_mapped_flags.o
    0x0001ea2e   0x0001ea2e   0x00000020   Code   RO         2255    i.sdk_mapped_flags_n_flags_set  sdk_mapped_flags.o
    0x0001ea4e   0x0001ea4e   0x0000000e   Code   RO         2256    i.sdk_mapped_flags_update_by_key  sdk_mapped_flags.o
    0x0001ea5c   0x0001ea5c   0x00000010   Code   RO         2312    i.serial_is_busy    nrf_log_backend_serial.o
    0x0001ea6c   0x0001ea6c   0x00000050   Code   RO         2313    i.serial_tx         nrf_log_backend_serial.o
    0x0001eabc   0x0001eabc   0x00000014   Code   RO         2690    i.softdevice_ble_evt_handler_set  softdevice_handler.o
    0x0001ead0   0x0001ead0   0x000000ac   Code   RO         2691    i.softdevice_enable  softdevice_handler.o
    0x0001eb7c   0x0001eb7c   0x00000028   Code   RO         2692    i.softdevice_enable_get_default_config  softdevice_handler.o
    0x0001eba4   0x0001eba4   0x00000008   Code   RO         2693    i.softdevice_fault_handler  softdevice_handler.o
    0x0001ebac   0x0001ebac   0x00000058   Code   RO         2694    i.softdevice_handler_init  softdevice_handler.o
    0x0001ec04   0x0001ec04   0x0000000c   Code   RO         2695    i.softdevice_handler_is_enabled  softdevice_handler.o
    0x0001ec10   0x0001ec10   0x00000084   Code   RO         1916    i.timer_list_handler  app_timer.o
    0x0001ec94   0x0001ec94   0x00000010   Code   RO         1917    i.timer_list_handler_sched  app_timer.o
    0x0001eca4   0x0001eca4   0x00000040   Code   RO         1918    i.timer_list_insert  app_timer.o
    0x0001ece4   0x0001ece4   0x00000048   Code   RO         1919    i.timer_stop_op_schedule  app_timer.o
    0x0001ed2c   0x0001ed2c   0x00000080   Code   RO         1920    i.timer_timeouts_check  app_timer.o
    0x0001edac   0x0001edac   0x00000048   Code   RO         2314    i.timestamp_process  nrf_log_backend_serial.o
    0x0001edf4   0x0001edf4   0x00000044   Code   RO         1129    i.tx_buffer_process  ble_lbs_c.o
    0x0001ee38   0x0001ee38   0x0000001e   Code   RO         1626    i.tx_byte           nrf_drv_uart.o
    0x0001ee56   0x0001ee56   0x00000018   Code   RO         1627    i.tx_done_event     nrf_drv_uart.o
    0x0001ee6e   0x0001ee6e   0x00000002   PAD
    0x0001ee70   0x0001ee70   0x00000010   Code   RO         2315    i.uart_event_handler  nrf_log_backend_serial.o
    0x0001ee80   0x0001ee80   0x00000128   Code   RO         1628    i.uart_irq_handler  nrf_drv_uart.o
    0x0001efa8   0x0001efa8   0x0000002c   Code   RO         1921    i.user_op_alloc     app_timer.o
    0x0001efd4   0x0001efd4   0x00000030   Data   RO           17    .constdata          main_2.o
    0x0001f004   0x0001f004   0x00000008   Data   RO          323    .constdata          boards.o
    0x0001f00c   0x0001f00c   0x0000002c   Data   RO          431    .constdata          bsp.o
    0x0001f038   0x0001f038   0x00000010   Data   RO         1131    .constdata          ble_lbs_c.o
    0x0001f048   0x0001f048   0x00000004   Data   RO         1421    .constdata          nrf_drv_gpiote.o
    0x0001f04c   0x0001f04c   0x00000008   Data   RO         1787    .constdata          app_button.o
    0x0001f054   0x0001f054   0x00000028   Data   RO         2317    .constdata          nrf_log_backend_serial.o
    0x0001f07c   0x0001f07c   0x00000024   Data   RO         2427    .constdata          nrf_log_frontend.o
    0x0001f0a0   0x0001f0a0   0x00000081   Data   RO         2871    .constdata          mc_p.l(ctype_o.o)
    0x0001f121   0x0001f121   0x00000003   PAD
    0x0001f124   0x0001f124   0x00000004   Data   RO         2872    .constdata          mc_p.l(ctype_o.o)
    0x0001f128   0x0001f128   0x00000119   Data   RO           18    .conststring        main_2.o
    0x0001f241   0x0001f241   0x00000003   PAD
    0x0001f244   0x0001f244   0x000000c9   Data   RO          983    .conststring        ble_db_discovery.o
    0x0001f30d   0x0001f30d   0x00000003   PAD
    0x0001f310   0x0001f310   0x0000000f   Data   RO         2428    .conststring        nrf_log_frontend.o
    0x0001f31f   0x0001f31f   0x00000001   PAD
    0x0001f320   0x0001f320   0x00000046   Data   RO         2701    .conststring        softdevice_handler.o
    0x0001f366   0x0001f366   0x00000002   PAD
    0x0001f368   0x0001f368   0x00000020   Data   RO         3227    Region$$Table       anon$$obj.o


    Execution Region RW_IRAM1 (Exec base: 0x20005040, Load base: 0x0001f388, Size: 0x00002988, Max: 0x00002fc0, ABSOLUTE)

    Exec Addr    Load Addr    Size         Type   Attr      Idx    E Section Name        Object

    0x20005040   0x0001f388   0x00000018   Data   RW           19    .data               main_2.o
    0x20005058   0x0001f3a0   0x00000014   Data   RW          432    .data               bsp.o
    0x2000506c   0x0001f3b4   0x00000010   Data   RW          984    .data               ble_db_discovery.o
    0x2000507c   0x0001f3c4   0x00000008   Data   RW         1132    .data               ble_lbs_c.o
    0x20005084   0x0001f3cc   0x00000014   Data   RW         1788    .data               app_button.o
    0x20005098   0x0001f3e0   0x00000020   Data   RW         1922    .data               app_timer.o
    0x200050b8   0x0001f400   0x0000000c   Data   RW         2049    .data               app_util_platform.o
    0x200050c4   0x0001f40c   0x0000000c   Data   RW         2318    .data               nrf_log_backend_serial.o
    0x200050d0   0x0001f418   0x00000004   Data   RW         2429    .data               nrf_log_frontend.o
    0x200050d4   0x0001f41c   0x00000014   Data   RW         2702    .data               softdevice_handler.o
    0x200050e8   0x0001f430   0x00000004   Data   RW         2833    .data               system_nrf51.o
    0x200050ec        -       0x000014c0   Zero   RW           16    .bss                main_2.o
    0x200065ac        -       0x00000020   Zero   RW          427    .bss                bsp.o
    0x200065cc        -       0x00000020   Zero   RW          428    .bss                bsp.o
    0x200065ec        -       0x0000000c   Zero   RW          429    .bss                bsp.o
    0x200065f8        -       0x00000020   Zero   RW          430    .bss                bsp.o
    0x20006618        -       0x00000034   Zero   RW          853    .bss                ble_conn_state.o
    0x2000664c        -       0x000002a0   Zero   RW          982    .bss                ble_db_discovery.o
    0x200068ec        -       0x000000a0   Zero   RW         1130    .bss                ble_lbs_c.o
    0x2000698c        -       0x00000014   Zero   RW         1204    .bss                nrf_drv_clock.o
    0x200069a0        -       0x00000048   Zero   RW         1420    .bss                nrf_drv_gpiote.o
    0x200069e8        -       0x0000001c   Zero   RW         1629    .bss                nrf_drv_uart.o
    0x20006a04        -       0x00000020   Zero   RW         1786    .bss                app_button.o
    0x20006a24        -       0x00000100   Zero   RW         2316    .bss                nrf_log_backend_serial.o
    0x20006b24        -       0x00000418   Zero   RW         2426    .bss                nrf_log_frontend.o
    0x20006f3c        -       0x00000288   Zero   RW         2556    .bss                segger_rtt.o
    0x200071c4   0x0001f434   0x00000004   PAD
    0x200071c8        -       0x00000800   Zero   RW         2821    STACK               arm_startup_nrf51.o


==============================================================================

Image component sizes


      Code (inc. data)   RO Data    RW Data    ZI Data      Debug   Object Name

       372         42          8         20         32      10095   app_button.o
        24          4          0          0          0       2313   app_error.o
        76         36          0          0          0       7166   app_error_weak.o
      1608        158          0         32          0      44323   app_timer.o
       104         20          0         12          0       6650   app_util_platform.o
        56         18        192          0       2048        760   arm_startup_nrf51.o
       268         14          0          0         52       3975   ble_conn_state.o
      1690        188        201         16        672      16299   ble_db_discovery.o
       622         56         16          8        160       8494   ble_lbs_c.o
       280         44          8          0          0      11657   boards.o
       586         54         44         20        108       9229   bsp.o
      1770        448        329         24       5312     106281   main_2.o
       276         38          0          0         20      12468   nrf_drv_clock.o
        96         18          0          0          0       7368   nrf_drv_common.o
      1226        110          4          0         72      30166   nrf_drv_gpiote.o
      1178         50          0          0         28      36069   nrf_drv_uart.o
       950         76         40         12        256      17467   nrf_log_backend_serial.o
      1134        100         51          4       1048      14002   nrf_log_frontend.o
       242          6          0          0          0       6377   sdk_mapped_flags.o
       398         44          0          0        648       8837   segger_rtt.o
       676        170         70         20          0      22771   softdevice_handler.o
       232         36          0          4          0       2559   system_nrf51.o

    ----------------------------------------------------------------------
     13884       1730       1004        172      10460     385326   Object Totals
         0          0         32          0          0          0   (incl. Generated)
        20          0          9          0          4          0   (incl. Padding)

    ----------------------------------------------------------------------

      Code (inc. data)   RO Data    RW Data    ZI Data      Debug   Library Member Name

         8          4        133          0          0         60   ctype_o.o
         0          0          0          0          0          0   entry.o
         0          0          0          0          0          0   entry10a.o
         0          0          0          0          0          0   entry11a.o
         8          4          0          0          0          0   entry2.o
         4          0          0          0          0          0   entry5.o
         0          0          0          0          0          0   entry7b.o
         0          0          0          0          0          0   entry8b.o
         8          4          0          0          0          0   entry9a.o
        30          0          0          0          0          0   handlers.o
        36          8          0          0          0         68   init.o
         0          0          0          0          0          0   iusefp.o
        32          0          0          0          0         68   llshl.o
        34          0          0          0          0         68   llushr.o
        26          0          0          0          0         72   memcmp.o
        36          0          0          0          0         60   memcpya.o
        36          0          0          0          0        100   memseta.o
      1214         50          0          0          0        384   printf8.o
        18          0          0          0          0         60   strcpy.o
        14          0          0          0          0         60   strlen.o
        44          0          0          0          0         72   uidiv.o
        96          0          0          0          0         84   uldiv.o
       178          0          0          0          0        108   fadd.o
       124          0          0          0          0         72   fdiv.o
       130          0          0          0          0        144   fepilogue.o
        40          0          0          0          0         60   ffixui.o
        22          0          0          0          0         68   fflti.o
       122          0          0          0          0         72   fmul.o

    ----------------------------------------------------------------------
      2264         70        136          0          0       1680   Library Totals
         4          0          3          0          0          0   (incl. Padding)

    ----------------------------------------------------------------------

      Code (inc. data)   RO Data    RW Data    ZI Data      Debug   Library Name

      1644         70        133          0          0       1156   mc_p.l
       616          0          0          0          0        524   mf_p.l

    ----------------------------------------------------------------------
      2264         70        136          0          0       1680   Library Totals

    ----------------------------------------------------------------------

==============================================================================


      Code (inc. data)   RO Data    RW Data    ZI Data      Debug   

     16148       1800       1140        172      10460     379106   Grand Totals
     16148       1800       1140        172      10460     379106   ELF Image Totals
     16148       1800       1140        172          0          0   ROM Totals

==============================================================================

    Total RO  Size (Code + RO Data)                17288 (  16.88kB)
    Total RW  Size (RW Data + ZI Data)             10632 (  10.38kB)
    Total ROM Size (Code + RO Data + RW Data)      17460 (  17.05kB)

==============================================================================

