Component: ARM Compiler 5.06 update 5 (build 528) Tool: armlink [4d35e2]

==============================================================================

Section Cross References

    main.o(i.assert_nrf_callback) refers to app_error.o(i.app_error_handler) for app_error_handler
    main.o(i.average_filter) refers to fflti.o(.text) for __aeabi_i2f
    main.o(i.average_filter) refers to fadd.o(.text) for __aeabi_fadd
    main.o(i.average_filter) refers to fdiv.o(.text) for __aeabi_fdiv
    main.o(i.average_filter) refers to main.o(.bss) for .bss
    main.o(i.ble_evt_dispatch) refers to ble_conn_state.o(i.ble_conn_state_on_ble_evt) for ble_conn_state_on_ble_evt
    main.o(i.ble_evt_dispatch) refers to main.o(i.on_ble_evt) for on_ble_evt
    main.o(i.ble_evt_dispatch) refers to ble_db_discovery.o(i.ble_db_discovery_on_ble_evt) for ble_db_discovery_on_ble_evt
    main.o(i.ble_evt_dispatch) refers to ble_lbs_c.o(i.ble_lbs_c_on_ble_evt) for ble_lbs_c_on_ble_evt
    main.o(i.ble_evt_dispatch) refers to main.o(.bss) for .bss
    main.o(i.ble_stack_init) refers to softdevice_handler.o(i.softdevice_handler_init) for softdevice_handler_init
    main.o(i.ble_stack_init) refers to app_error.o(i.app_error_handler_bare) for app_error_handler_bare
    main.o(i.ble_stack_init) refers to softdevice_handler.o(i.softdevice_enable_get_default_config) for softdevice_enable_get_default_config
    main.o(i.ble_stack_init) refers to softdevice_handler.o(i.softdevice_enable) for softdevice_enable
    main.o(i.ble_stack_init) refers to softdevice_handler.o(i.softdevice_ble_evt_handler_set) for softdevice_ble_evt_handler_set
    main.o(i.ble_stack_init) refers to main.o(.constdata) for .constdata
    main.o(i.ble_stack_init) refers to main.o(.bss) for .bss
    main.o(i.ble_stack_init) refers to main.o(i.ble_evt_dispatch) for ble_evt_dispatch
    main.o(i.button_event_handler) refers to app_error.o(i.app_error_handler_bare) for app_error_handler_bare
    main.o(i.button_event_handler) refers to ble_lbs_c.o(i.ble_lbs_led_status_send) for ble_lbs_led_status_send
    main.o(i.button_event_handler) refers to nrf_log_frontend.o(i.nrf_log_frontend_std_1) for nrf_log_frontend_std_1
    main.o(i.button_event_handler) refers to main.o(.bss) for .bss
    main.o(i.db_disc_handler) refers to nrf_log_frontend.o(i.nrf_log_frontend_std_2) for nrf_log_frontend_std_2
    main.o(i.db_disc_handler) refers to ble_lbs_c.o(i.ble_lbs_on_db_disc_evt) for ble_lbs_on_db_disc_evt
    main.o(i.db_disc_handler) refers to main.o(.conststring) for .conststring
    main.o(i.db_disc_handler) refers to main.o(.bss) for .bss
    main.o(i.lbs_c_evt_handler) refers to nrf_log_frontend.o(i.nrf_log_frontend_std_2) for nrf_log_frontend_std_2
    main.o(i.lbs_c_evt_handler) refers to boards.o(i.bsp_board_led_on) for bsp_board_led_on
    main.o(i.lbs_c_evt_handler) refers to nrf_log_frontend.o(i.nrf_log_frontend_std_1) for nrf_log_frontend_std_1
    main.o(i.lbs_c_evt_handler) refers to app_button.o(i.app_button_enable) for app_button_enable
    main.o(i.lbs_c_evt_handler) refers to app_error.o(i.app_error_handler_bare) for app_error_handler_bare
    main.o(i.lbs_c_evt_handler) refers to ble_lbs_c.o(i.ble_lbs_c_button_notif_enable) for ble_lbs_c_button_notif_enable
    main.o(i.lbs_c_evt_handler) refers to boards.o(i.bsp_board_led_off) for bsp_board_led_off
    main.o(i.lbs_c_evt_handler) refers to main.o(.conststring) for .conststring
    main.o(i.main) refers to nrf_log_frontend.o(i.nrf_log_init) for nrf_log_init
    main.o(i.main) refers to app_error.o(i.app_error_handler_bare) for app_error_handler_bare
    main.o(i.main) refers to nrf_log_frontend.o(i.nrf_log_frontend_std_0) for nrf_log_frontend_std_0
    main.o(i.main) refers to boards.o(i.bsp_board_leds_init) for bsp_board_leds_init
    main.o(i.main) refers to app_timer.o(i.app_timer_init) for app_timer_init
    main.o(i.main) refers to app_button.o(i.app_button_init) for app_button_init
    main.o(i.main) refers to main.o(i.ble_stack_init) for ble_stack_init
    main.o(i.main) refers to ble_db_discovery.o(i.ble_db_discovery_init) for ble_db_discovery_init
    main.o(i.main) refers to ble_lbs_c.o(i.ble_lbs_c_init) for ble_lbs_c_init
    main.o(i.main) refers to main.o(i.scan_start) for scan_start
    main.o(i.main) refers to boards.o(i.bsp_board_led_on) for bsp_board_led_on
    main.o(i.main) refers to nrf_log_frontend.o(i.nrf_log_frontend_dequeue) for nrf_log_frontend_dequeue
    main.o(i.main) refers to main.o(.bss) for .bss
    main.o(i.main) refers to main.o(.data) for .data
    main.o(i.main) refers to main.o(i.db_disc_handler) for db_disc_handler
    main.o(i.main) refers to main.o(i.lbs_c_evt_handler) for lbs_c_evt_handler
    main.o(i.on_adv_report) refers to main.o(i.adv_report_parse) for adv_report_parse
    main.o(i.on_adv_report) refers to strlen.o(.text) for strlen
    main.o(i.on_adv_report) refers to memcmp.o(.text) for memcmp
[...]
    i.app_timer_stop                         0x0001c0d8   Section        0  app_timer.o(i.app_timer_stop)
    i.app_util_critical_region_enter         0x0001c100   Section        0  app_util_platform.o(i.app_util_critical_region_enter)
    i.app_util_critical_region_exit          0x0001c13c   Section        0  app_util_platform.o(i.app_util_critical_region_exit)
    i.apply_config                           0x0001c168   Section        0  nrf_drv_uart.o(i.apply_config)
    apply_config                             0x0001c169   Thumb Code   128  nrf_drv_uart.o(i.apply_config)
    i.average_filter                         0x0001c1ec   Section        0  main.o(i.average_filter)
    i.ble_conn_state_n_centrals              0x0001c224   Section        0  ble_conn_state.o(i.ble_conn_state_n_centrals)
    i.ble_conn_state_on_ble_evt              0x0001c238   Section        0  ble_conn_state.o(i.ble_conn_state_on_ble_evt)
    i.ble_db_discovery_evt_register          0x0001c330   Section        0  ble_db_discovery.o(i.ble_db_discovery_evt_register)
    i.ble_db_discovery_init                  0x0001c37c   Section        0  ble_db_discovery.o(i.ble_db_discovery_init)
    i.ble_db_discovery_on_ble_evt            0x0001c39c   Section        0  ble_db_discovery.o(i.ble_db_discovery_on_ble_evt)
    i.ble_db_discovery_start                 0x0001c3f0   Section        0  ble_db_discovery.o(i.ble_db_discovery_start)
    i.ble_evt_dispatch                       0x0001c464   Section        0  main.o(i.ble_evt_dispatch)
    ble_evt_dispatch                         0x0001c465   Thumb Code    52  main.o(i.ble_evt_dispatch)
    i.ble_lbs_c_button_notif_enable          0x0001c49c   Section        0  ble_lbs_c.o(i.ble_lbs_c_button_notif_enable)
    i.ble_lbs_c_handles_assign               0x0001c4f8   Section        0  ble_lbs_c.o(i.ble_lbs_c_handles_assign)
    i.ble_lbs_c_init                         0x0001c518   Section        0  ble_lbs_c.o(i.ble_lbs_c_init)
    i.ble_lbs_c_on_ble_evt                   0x0001c570   Section        0  ble_lbs_c.o(i.ble_lbs_c_on_ble_evt)
    i.ble_lbs_led_status_send                0x0001c5dc   Section        0  ble_lbs_c.o(i.ble_lbs_led_status_send)
    i.ble_lbs_on_db_disc_evt                 0x0001c638   Section        0  ble_lbs_c.o(i.ble_lbs_on_db_disc_evt)
    i.ble_stack_init                         0x0001c6c8   Section        0  main.o(i.ble_stack_init)
    ble_stack_init                           0x0001c6c9   Thumb Code    86  main.o(i.ble_stack_init)
    i.bsp_board_led_invert                   0x0001c72c   Section        0  boards.o(i.bsp_board_led_invert)
    i.bsp_board_led_off                      0x0001c74c   Section        0  boards.o(i.bsp_board_led_off)
    i.bsp_board_led_on                       0x0001c760   Section        0  boards.o(i.bsp_board_led_on)
    i.bsp_board_led_state_get                0x0001c774   Section        0  boards.o(i.bsp_board_led_state_get)
    i.bsp_board_leds_init                    0x0001c794   Section        0  boards.o(i.bsp_board_leds_init)
    i.bsp_board_leds_off                     0x0001c7bc   Section        0  boards.o(i.bsp_board_leds_off)
    i.bsp_board_leds_on                      0x0001c7ce   Section        0  boards.o(i.bsp_board_leds_on)
    i.bsp_board_pin_to_button_idx            0x0001c7e0   Section        0  boards.o(i.bsp_board_pin_to_button_idx)
    i.bsp_button_event_handler               0x0001c804   Section        0  bsp.o(i.bsp_button_event_handler)
    bsp_button_event_handler                 0x0001c805   Thumb Code   134  bsp.o(i.bsp_button_event_handler)
    i.bsp_indication_set                     0x0001c898   Section        0  bsp.o(i.bsp_indication_set)
    i.bsp_led_indication                     0x0001c8b4   Section        0  bsp.o(i.bsp_led_indication)
    bsp_led_indication                       0x0001c8b5   Thumb Code   376  bsp.o(i.bsp_led_indication)
    i.buf_len_update                         0x0001ca34   Section        0  nrf_log_backend_serial.o(i.buf_len_update)
    buf_len_update                           0x0001ca35   Thumb Code    18  nrf_log_backend_serial.o(i.buf_len_update)
    i.buf_prealloc                           0x0001ca48   Section        0  nrf_log_frontend.o(i.buf_prealloc)
    buf_prealloc                             0x0001ca49   Thumb Code   122  nrf_log_frontend.o(i.buf_prealloc)
    i.buffer_is_empty                        0x0001cad4   Section        0  nrf_log_frontend.o(i.buffer_is_empty)
    i.button_event_handler                   0x0001cae8   Section        0  main.o(i.button_event_handler)
    button_event_handler                     0x0001cae9   Thumb Code    60  main.o(i.button_event_handler)
    i.channel_free                           0x0001cb54   Section        0  nrf_drv_gpiote.o(i.channel_free)
    channel_free                             0x0001cb55   Thumb Code    22  nrf_drv_gpiote.o(i.channel_free)
    i.channel_port_alloc                     0x0001cb70   Section        0  nrf_drv_gpiote.o(i.channel_port_alloc)
    channel_port_alloc                       0x0001cb71   Thumb Code    66  nrf_drv_gpiote.o(i.channel_port_alloc)
    i.channel_port_get                       0x0001cbb8   Section        0  nrf_drv_gpiote.o(i.channel_port_get)
    channel_port_get                         0x0001cbb9   Thumb Code    10  nrf_drv_gpiote.o(i.channel_port_get)
    i.characteristics_discover               0x0001cbc8   Section        0  ble_db_discovery.o(i.characteristics_discover)
    characteristics_discover                 0x0001cbc9   Thumb Code    60  ble_db_discovery.o(i.characteristics_discover)
    i.clock_clk_started_notify               0x0001cc04   Section        0  nrf_drv_clock.o(i.clock_clk_started_notify)
    clock_clk_started_notify                 0x0001cc05   Thumb Code    34  nrf_drv_clock.o(i.clock_clk_started_notify)
    i.compare_reg_update                     0x0001cc2c   Section        0  app_timer.o(i.compare_reg_update)
    compare_reg_update                       0x0001cc2d   Thumb Code   142  app_timer.o(i.compare_reg_update)
    i.db_disc_handler                        0x0001ccd4   Section        0  main.o(i.db_disc_handler)
    db_disc_handler                          0x0001ccd5   Thumb Code    32  main.o(i.db_disc_handler)
    i.descriptors_discover                   0x0001ccfc   Section        0  ble_db_discovery.o(i.descriptors_discover)
    descriptors_discover                     0x0001ccfd   Thumb Code   132  ble_db_discovery.o(i.descriptors_discover)
    i.detection_delay_timeout_handler        0x0001cd80   Section        0  app_button.o(i.detection_delay_timeout_handler)
    detection_delay_timeout_handler          0x0001cd81   Thumb Code    90  app_button.o(i.detection_delay_timeout_handler)
    i.discovery_complete_evt_trigger         0x0001cde0   Section        0  ble_db_discovery.o(i.discovery_complete_evt_trigger)
    discovery_complete_evt_trigger           0x0001cde1   Thumb Code   134  ble_db_discovery.o(i.discovery_complete_evt_trigger)
    i.discovery_error_evt_trigger            0x0001ce70   Section        0  ble_db_discovery.o(i.discovery_error_evt_trigger)
    discovery_error_evt_trigger              0x0001ce71   Thumb Code    46  ble_db_discovery.o(i.discovery_error_evt_trigger)
    i.elapsed_ticks_acquire                  0x0001cea0   Section        0  app_timer.o(i.elapsed_ticks_acquire)
    elapsed_ticks_acquire                    0x0001cea1   Thumb Code    58  app_timer.o(i.elapsed_ticks_acquire)
    i.gpiote_event_handler                   0x0001cee0   Section        0  app_button.o(i.gpiote_event_handler)
    gpiote_event_handler                     0x0001cee1   Thumb Code    72  app_button.o(i.gpiote_event_handler)
    i.intern_softdevice_events_execute       0x0001cf30   Section        0  softdevice_handler.o(i.intern_softdevice_events_execute)
    i.is_desc_discovery_reqd                 0x0001cfb0   Section        0  ble_db_discovery.o(i.is_desc_discovery_reqd)
    is_desc_discovery_reqd                   0x0001cfb1   Thumb Code    68  ble_db_discovery.o(i.is_desc_discovery_reqd)
    i.is_manual_peripheral_setup_needed      0x0001cff4   Section        0  system_nrf51.o(i.is_manual_peripheral_setup_needed)
    is_manual_peripheral_setup_needed        0x0001cff5   Thumb Code    66  system_nrf51.o(i.is_manual_peripheral_setup_needed)
    i.lbs_c_evt_handler                      0x0001d03c   Section        0  main.o(i.lbs_c_evt_handler)
    lbs_c_evt_handler                        0x0001d03d   Thumb Code    88  main.o(i.lbs_c_evt_handler)
    i.list_deletions_handler                 0x0001d0d8   Section        0  app_timer.o(i.list_deletions_handler)
    list_deletions_handler                   0x0001d0d9   Thumb Code   162  app_timer.o(i.list_deletions_handler)
    i.list_insertions_handler                0x0001d184   Section        0  app_timer.o(i.list_insertions_handler)
    list_insertions_handler                  0x0001d185   Thumb Code   178  app_timer.o(i.list_insertions_handler)
    i.main                                   0x0001d240   Section        0  main.o(i.main)
    i.nrf_bitmask_bit_is_set                 0x0001d31c   Section        0  nrf_drv_gpiote.o(i.nrf_bitmask_bit_is_set)
    nrf_bitmask_bit_is_set                   0x0001d31d   Thumb Code    16  nrf_drv_gpiote.o(i.nrf_bitmask_bit_is_set)
    i.nrf_clock_event_check                  0x0001d32c   Section        0  nrf_drv_clock.o(i.nrf_clock_event_check)
    nrf_clock_event_check                    0x0001d32d   Thumb Code    16  nrf_drv_clock.o(i.nrf_clock_event_check)
    i.nrf_delay_us                           0x0001d33c   Section        0  app_timer.o(i.nrf_delay_us)
    nrf_delay_us                             0x0001d33d   Thumb Code    38  app_timer.o(i.nrf_delay_us)
    i.nrf_drv_clock_init                     0x0001d36c   Section        0  nrf_drv_clock.o(i.nrf_drv_clock_init)
    i.nrf_drv_clock_on_sd_enable             0x0001d3b4   Section        0  nrf_drv_clock.o(i.nrf_drv_clock_on_sd_enable)
    i.nrf_drv_clock_on_soc_event             0x0001d3e8   Section        0  nrf_drv_clock.o(i.nrf_drv_clock_on_soc_event)
    i.nrf_drv_common_irq_enable              0x0001d3f4   Section        0  nrf_drv_common.o(i.nrf_drv_common_irq_enable)
    i.nrf_drv_gpiote_in_event_disable        0x0001d454   Section        0  nrf_drv_gpiote.o(i.nrf_drv_gpiote_in_event_disable)
    i.nrf_drv_gpiote_in_event_enable         0x0001d49c   Section        0  nrf_drv_gpiote.o(i.nrf_drv_gpiote_in_event_enable)
    i.nrf_drv_gpiote_in_init                 0x0001d534   Section        0  nrf_drv_gpiote.o(i.nrf_drv_gpiote_in_init)
    i.nrf_drv_gpiote_in_is_set               0x0001d5dc   Section        0  nrf_drv_gpiote.o(i.nrf_drv_gpiote_in_is_set)
    i.nrf_drv_gpiote_init                    0x0001d5f0   Section        0  nrf_drv_gpiote.o(i.nrf_drv_gpiote_init)
    i.nrf_drv_gpiote_is_init                 0x0001d64c   Section        0  nrf_drv_gpiote.o(i.nrf_drv_gpiote_is_init)
    i.nrf_drv_uart_init                      0x0001d65c   Section        0  nrf_drv_uart.o(i.nrf_drv_uart_init)
    i.nrf_drv_uart_tx                        0x0001d6dc   Section        0  nrf_drv_uart.o(i.nrf_drv_uart_tx)
    i.nrf_drv_uart_tx_for_uart               0x0001d710   Section        0  nrf_drv_uart.o(i.nrf_drv_uart_tx_for_uart)
    nrf_drv_uart_tx_for_uart                 0x0001d711   Thumb Code   134  nrf_drv_uart.o(i.nrf_drv_uart_tx_for_uart)
    i.nrf_drv_uart_tx_in_progress            0x0001d79c   Section        0  nrf_drv_uart.o(i.nrf_drv_uart_tx_in_progress)
    i.nrf_drv_uart_uninit                    0x0001d7b4   Section        0  nrf_drv_uart.o(i.nrf_drv_uart_uninit)
    i.nrf_gpio_cfg                           0x0001d84c   Section        0  boards.o(i.nrf_gpio_cfg)
    nrf_gpio_cfg                             0x0001d84d   Thumb Code    40  boards.o(i.nrf_gpio_cfg)
    i.nrf_gpio_cfg                           0x0001d874   Section        0  nrf_drv_gpiote.o(i.nrf_gpio_cfg)
    nrf_gpio_cfg                             0x0001d875   Thumb Code    40  nrf_drv_gpiote.o(i.nrf_gpio_cfg)
    i.nrf_gpio_cfg                           0x0001d89c   Section        0  nrf_drv_uart.o(i.nrf_gpio_cfg)
    nrf_gpio_cfg                             0x0001d89d   Thumb Code    40  nrf_drv_uart.o(i.nrf_gpio_cfg)
    i.nrf_gpio_cfg_default                   0x0001d8c4   Section        0  nrf_drv_uart.o(i.nrf_gpio_cfg_default)
    nrf_gpio_cfg_default                     0x0001d8c5   Thumb Code    18  nrf_drv_uart.o(i.nrf_gpio_cfg_default)
    i.nrf_gpio_cfg_input                     0x0001d8d6   Section        0  nrf_drv_uart.o(i.nrf_gpio_cfg_input)
    nrf_gpio_cfg_input                       0x0001d8d7   Thumb Code    18  nrf_drv_uart.o(i.nrf_gpio_cfg_input)
    i.nrf_gpio_cfg_output                    0x0001d8e8   Section        0  nrf_drv_uart.o(i.nrf_gpio_cfg_output)
    nrf_gpio_cfg_output                      0x0001d8e9   Thumb Code    20  nrf_drv_uart.o(i.nrf_gpio_cfg_output)
    i.nrf_gpio_cfg_sense_set                 0x0001d8fc   Section        0  nrf_drv_gpiote.o(i.nrf_gpio_cfg_sense_set)
    nrf_gpio_cfg_sense_set                   0x0001d8fd   Thumb Code    34  nrf_drv_gpiote.o(i.nrf_gpio_cfg_sense_set)
    i.nrf_gpio_pin_write                     0x0001d920   Section        0  boards.o(i.nrf_gpio_pin_write)
    nrf_gpio_pin_write                       0x0001d921   Thumb Code    18  boards.o(i.nrf_gpio_pin_write)
    i.nrf_gpio_ports_read                    0x0001d938   Section        0  nrf_drv_gpiote.o(i.nrf_gpio_ports_read)
    nrf_gpio_ports_read                      0x0001d939   Thumb Code    36  nrf_drv_gpiote.o(i.nrf_gpio_ports_read)
    i.nrf_gpiote_event_clear                 0x0001d960   Section        0  nrf_drv_gpiote.o(i.nrf_gpiote_event_clear)
    nrf_gpiote_event_clear                   0x0001d961   Thumb Code    10  nrf_drv_gpiote.o(i.nrf_gpiote_event_clear)
    i.nrf_gpiote_event_is_set                0x0001d970   Section        0  nrf_drv_gpiote.o(i.nrf_gpiote_event_is_set)
    nrf_gpiote_event_is_set                  0x0001d971   Thumb Code    14  nrf_drv_gpiote.o(i.nrf_gpiote_event_is_set)
    i.nrf_log_backend_hexdump_handler_get    0x0001d984   Section        0  nrf_log_backend_serial.o(i.nrf_log_backend_hexdump_handler_get)
    i.nrf_log_backend_init                   0x0001d98c   Section        0  nrf_log_backend_serial.o(i.nrf_log_backend_init)
    i.nrf_log_backend_serial_hexdump_handler 0x0001da08   Section        0  nrf_log_backend_serial.o(i.nrf_log_backend_serial_hexdump_handler)
    nrf_log_backend_serial_hexdump_handler   0x0001da09   Thumb Code   324  nrf_log_backend_serial.o(i.nrf_log_backend_serial_hexdump_handler)
    i.nrf_log_backend_serial_std_handler     0x0001db50   Section        0  nrf_log_backend_serial.o(i.nrf_log_backend_serial_std_handler)
    nrf_log_backend_serial_std_handler       0x0001db51   Thumb Code   276  nrf_log_backend_serial.o(i.nrf_log_backend_serial_std_handler)
    i.nrf_log_backend_std_handler_get        0x0001dc68   Section        0  nrf_log_backend_serial.o(i.nrf_log_backend_std_handler_get)
    i.nrf_log_blocking_backend_set           0x0001dc70   Section        0  nrf_log_frontend.o(i.nrf_log_blocking_backend_set)
    i.nrf_log_frontend_dequeue               0x0001dc7c   Section        0  nrf_log_frontend.o(i.nrf_log_frontend_dequeue)
    i.nrf_log_frontend_init                  0x0001ddc0   Section        0  nrf_log_frontend.o(i.nrf_log_frontend_init)
    i.nrf_log_frontend_std_0                 0x0001dde0   Section        0  nrf_log_frontend.o(i.nrf_log_frontend_std_0)
    i.nrf_log_frontend_std_1                 0x0001de48   Section        0  nrf_log_frontend.o(i.nrf_log_frontend_std_1)
    i.nrf_log_frontend_std_2                 0x0001dec0   Section        0  nrf_log_frontend.o(i.nrf_log_frontend_std_2)
    i.nrf_log_frontend_std_6                 0x0001df48   Section        0  nrf_log_frontend.o(i.nrf_log_frontend_std_6)
    i.nrf_log_handlers_set                   0x0001e008   Section        0  nrf_log_frontend.o(i.nrf_log_handlers_set)
    i.nrf_log_init                           0x0001e014   Section        0  nrf_log_frontend.o(i.nrf_log_init)
    i.nrf_uart_event_check                   0x0001e040   Section        0  nrf_drv_uart.o(i.nrf_uart_event_check)
    nrf_uart_event_check                     0x0001e041   Thumb Code    10  nrf_drv_uart.o(i.nrf_uart_event_check)
    i.nrf_uart_int_enable_check              0x0001e04a   Section        0  nrf_drv_uart.o(i.nrf_uart_int_enable_check)
    nrf_uart_int_enable_check                0x0001e04b   Thumb Code    16  nrf_drv_uart.o(i.nrf_uart_int_enable_check)
    i.on_adv_report                          0x0001e05c   Section        0  main.o(i.on_adv_report)
    on_adv_report                            0x0001e05d   Thumb Code   248  main.o(i.on_adv_report)
    i.on_ble_evt                             0x0001e1d0   Section        0  main.o(i.on_ble_evt)
    on_ble_evt                               0x0001e1d1   Thumb Code   376  main.o(i.on_ble_evt)
    i.on_characteristic_discovery_rsp        0x0001e3c0   Section        0  ble_db_discovery.o(i.on_characteristic_discovery_rsp)
    on_characteristic_discovery_rsp          0x0001e3c1   Thumb Code   256  ble_db_discovery.o(i.on_characteristic_discovery_rsp)
    i.on_descriptor_discovery_rsp            0x0001e4c8   Section        0  ble_db_discovery.o(i.on_descriptor_discovery_rsp)
    on_descriptor_discovery_rsp              0x0001e4c9   Thumb Code   250  ble_db_discovery.o(i.on_descriptor_discovery_rsp)
    i.on_primary_srv_discovery_rsp           0x0001e5cc   Section        0  ble_db_discovery.o(i.on_primary_srv_discovery_rsp)
    on_primary_srv_discovery_rsp             0x0001e5cd   Thumb Code   124  ble_db_discovery.o(i.on_primary_srv_discovery_rsp)
    i.on_srv_disc_completion                 0x0001e6b0   Section        0  ble_db_discovery.o(i.on_srv_disc_completion)
    on_srv_disc_completion                   0x0001e6b1   Thumb Code   112  ble_db_discovery.o(i.on_srv_disc_completion)
    i.pin_in_use_by_port                     0x0001e72c   Section        0  nrf_drv_gpiote.o(i.pin_in_use_by_port)
    pin_in_use_by_port                       0x0001e72d   Thumb Code    20  nrf_drv_gpiote.o(i.pin_in_use_by_port)
    i.pin_in_use_by_te                       0x0001e744   Section        0  nrf_drv_gpiote.o(i.pin_in_use_by_te)
    pin_in_use_by_te                         0x0001e745   Thumb Code    20  nrf_drv_gpiote.o(i.pin_in_use_by_te)
    i.ram_end_address_get                    0x0001e75c   Section        0  softdevice_handler.o(i.ram_end_address_get)
    ram_end_address_get                      0x0001e75d   Thumb Code    16  softdevice_handler.o(i.ram_end_address_get)
    i.registered_handler_get                 0x0001e76c   Section        0  ble_db_discovery.o(i.registered_handler_get)
    registered_handler_get                   0x0001e76d   Thumb Code    46  ble_db_discovery.o(i.registered_handler_get)
    i.rtc1_stop                              0x0001e7a4   Section        0  app_timer.o(i.rtc1_stop)
    rtc1_stop                                0x0001e7a5   Thumb Code    50  app_timer.o(i.rtc1_stop)
    i.rx_byte                                0x0001e7e8   Section        0  nrf_drv_uart.o(i.rx_byte)
    rx_byte                                  0x0001e7e9   Thumb Code    38  nrf_drv_uart.o(i.rx_byte)
    i.rx_done_event                          0x0001e80e   Section        0  nrf_drv_uart.o(i.rx_done_event)
    rx_done_event                            0x0001e80f   Thumb Code    20  nrf_drv_uart.o(i.rx_done_event)
    i.scan_start                             0x0001e824   Section        0  main.o(i.scan_start)
    scan_start                               0x0001e825   Thumb Code    44  main.o(i.scan_start)
    i.sd_nvic_EnableIRQ                      0x0001e888   Section        0  softdevice_handler.o(i.sd_nvic_EnableIRQ)
    sd_nvic_EnableIRQ                        0x0001e889   Thumb Code   112  softdevice_handler.o(i.sd_nvic_EnableIRQ)
    i.sdk_mapped_flags_bulk_update_by_key    0x0001e90c   Section        0  sdk_mapped_flags.o(i.sdk_mapped_flags_bulk_update_by_key)
    i.sdk_mapped_flags_first_key_index_get   0x0001e954   Section        0  sdk_mapped_flags.o(i.sdk_mapped_flags_first_key_index_get)
    i.sdk_mapped_flags_get_by_index          0x0001e97c   Section        0  sdk_mapped_flags.o(i.sdk_mapped_flags_get_by_index)
    sdk_mapped_flags_get_by_index            0x0001e97d   Thumb Code    16  sdk_mapped_flags.o(i.sdk_mapped_flags_get_by_index)
    i.sdk_mapped_flags_key_list_get          0x0001e98c   Section        0  sdk_mapped_flags.o(i.sdk_mapped_flags_key_list_get)
    i.sdk_mapped_flags_n_flags_set           0x0001e9d2   Section        0  sdk_mapped_flags.o(i.sdk_mapped_flags_n_flags_set)
    i.sdk_mapped_flags_update_by_key         0x0001e9f2   Section        0  sdk_mapped_flags.o(i.sdk_mapped_flags_update_by_key)
    i.serial_is_busy                         0x0001ea00   Section        0  nrf_log_backend_serial.o(i.serial_is_busy)
    serial_is_busy                           0x0001ea01   Thumb Code    10  nrf_log_backend_serial.o(i.serial_is_busy)
    i.serial_tx                              0x0001ea10   Section        0  nrf_log_backend_serial.o(i.serial_tx)
    serial_tx                                0x0001ea11   Thumb Code    70  nrf_log_backend_serial.o(i.serial_tx)
    i.softdevice_ble_evt_handler_set         0x0001ea60   Section        0  softdevice_handler.o(i.softdevice_ble_evt_handler_set)
    i.softdevice_enable                      0x0001ea74   Section        0  softdevice_handler.o(i.softdevice_enable)
    i.softdevice_enable_get_default_config   0x0001eb20   Section        0  softdevice_handler.o(i.softdevice_enable_get_default_config)
    i.softdevice_fault_handler               0x0001eb48   Section        0  softdevice_handler.o(i.softdevice_fault_handler)
    i.softdevice_handler_init                0x0001eb50   Section        0  softdevice_handler.o(i.softdevice_handler_init)
    i.softdevice_handler_is_enabled          0x0001eba8   Section        0  softdevice_handler.o(i.softdevice_handler_is_enabled)
    i.timer_list_handler                     0x0001ebb4   Section        0  app_timer.o(i.timer_list_handler)
    timer_list_handler                       0x0001ebb5   Thumb Code   128  app_timer.o(i.timer_list_handler)
    i.timer_list_handler_sched               0x0001ec38   Section        0  app_timer.o(i.timer_list_handler_sched)
    timer_list_handler_sched                 0x0001ec39   Thumb Code    10  app_timer.o(i.timer_list_handler_sched)
    i.timer_list_insert                      0x0001ec48   Section        0  app_timer.o(i.timer_list_insert)
    timer_list_insert                        0x0001ec49   Thumb Code    60  app_timer.o(i.timer_list_insert)
    i.timer_stop_op_schedule                 0x0001ec88   Section        0  app_timer.o(i.timer_stop_op_schedule)
    timer_stop_op_schedule                   0x0001ec89   Thumb Code    68  app_timer.o(i.timer_stop_op_schedule)
    i.timer_timeouts_check                   0x0001ecd0   Section        0  app_timer.o(i.timer_timeouts_check)
    timer_timeouts_check                     0x0001ecd1   Thumb Code   118  app_timer.o(i.timer_timeouts_check)
    i.timestamp_process                      0x0001ed50   Section        0  nrf_log_backend_serial.o(i.timestamp_process)
    timestamp_process                        0x0001ed51   Thumb Code    60  nrf_log_backend_serial.o(i.timestamp_process)
    i.tx_buffer_process                      0x0001ed98   Section        0  ble_lbs_c.o(i.tx_buffer_process)
    tx_buffer_process                        0x0001ed99   Thumb Code    58  ble_lbs_c.o(i.tx_buffer_process)
    i.tx_byte                                0x0001eddc   Section        0  nrf_drv_uart.o(i.tx_byte)
    tx_byte                                  0x0001eddd   Thumb Code    30  nrf_drv_uart.o(i.tx_byte)
    i.tx_done_event                          0x0001edfa   Section        0  nrf_drv_uart.o(i.tx_done_event)
    tx_done_event                            0x0001edfb   Thumb Code    24  nrf_drv_uart.o(i.tx_done_event)
    i.uart_event_handler                     0x0001ee14   Section        0  nrf_log_backend_serial.o(i.uart_event_handler)
    uart_event_handler                       0x0001ee15   Thumb Code    12  nrf_log_backend_serial.o(i.uart_event_handler)
    i.uart_irq_handler                       0x0001ee24   Section        0  nrf_drv_uart.o(i.uart_irq_handler)
    uart_irq_handler                         0x0001ee25   Thumb Code   296  nrf_drv_uart.o(i.uart_irq_handler)
    i.user_op_alloc                          0x0001ef4c   Section        0  app_timer.o(i.user_op_alloc)
    user_op_alloc                            0x0001ef4d   Thumb Code    40  app_timer.o(i.user_op_alloc)
    .constdata                               0x0001ef78   Section       40  main.o(.constdata)
    m_connection_param                       0x0001ef7c   Data           8  main.o(.constdata)
    m_target_periph_name                     0x0001ef84   Data          10  main.o(.constdata)
    m_scan_params                            0x0001ef90   Data          16  main.o(.constdata)
    .constdata                               0x0001efa0   Section        8  boards.o(.constdata)
    m_board_led_list                         0x0001efa0   Data           4  boards.o(.constdata)
    m_board_btn_list                         0x0001efa4   Data           4  boards.o(.constdata)
    .constdata                               0x0001efa8   Section       44  bsp.o(.constdata)
    m_leds_timer_id                          0x0001efa8   Data           4  bsp.o(.constdata)
    m_alert_timer_id                         0x0001efac   Data           4  bsp.o(.constdata)
    m_button_timer_id                        0x0001efb0   Data           4  bsp.o(.constdata)
    app_buttons                              0x0001efb4   Data          32  bsp.o(.constdata)
    .constdata                               0x0001efd4   Section       16  ble_lbs_c.o(.constdata)
    .constdata                               0x0001efe4   Section        4  nrf_drv_gpiote.o(.constdata)
    .constdata                               0x0001efe8   Section        8  app_button.o(.constdata)
    m_detection_delay_timer_id               0x0001efe8   Data           4  app_button.o(.constdata)
    .constdata                               0x0001eff0   Section       40  nrf_log_backend_serial.o(.constdata)
    m_default_color                          0x0001eff0   Data           5  nrf_log_backend_serial.o(.constdata)
    .constdata                               0x0001f018   Section       36  nrf_log_frontend.o(.constdata)
    .constdata                               0x0001f03c   Section      129  ctype_o.o(.constdata)
    .constdata                               0x0001f0c0   Section        4  ctype_o.o(.constdata)
    table                                    0x0001f0c0   Data           4  ctype_o.o(.constdata)
    .conststring                             0x0001f0c4   Section      281  main.o(.conststring)
    .conststring                             0x0001f1e0   Section      201  ble_db_discovery.o(.conststring)
    .conststring                             0x0001f2ac   Section       15  nrf_log_frontend.o(.conststring)
    .conststring                             0x0001f2bc   Section       70  softdevice_handler.o(.conststring)
    .data                                    0x20005040   Section       28  main.o(.data)
    rssi                                     0x20005040   Data           1  main.o(.data)
    rssi                                     0x20005041   Data           1  main.o(.data)
    m_ble_lbs_c_count                        0x20005042   Data           1  main.o(.data)
    beacon_idx                               0x20005044   Data           2  main.o(.data)
    m_conn_handle                            0x20005046   Data           2  main.o(.data)
    beacon_idx                               0x20005048   Data           2  main.o(.data)
    filter_rssi                              0x2000504a   Data           2  main.o(.data)
    filter_rssi                              0x20005050   Data           4  main.o(.data)
    buttons                                  0x20005054   Data           8  main.o(.data)
    .data                                    0x2000505c   Section       20  bsp.o(.data)
    m_stable_state                           0x2000505c   Data           1  bsp.o(.data)
    m_leds_clear                             0x2000505d   Data           1  bsp.o(.data)
    current_long_push_pin_no                 0x2000505e   Data           1  bsp.o(.data)
    m_app_ticks_per_100ms                    0x20005060   Data           4  bsp.o(.data)
    m_indication_type                        0x20005064   Data           4  bsp.o(.data)
    m_registered_callback                    0x20005068   Data           4  bsp.o(.data)
    release_event_at_push                    0x2000506c   Data           4  bsp.o(.data)
    .data                                    0x20005070   Section       16  ble_db_discovery.o(.data)
    m_initialized                            0x20005070   Data           1  ble_db_discovery.o(.data)
    m_evt_handler                            0x20005074   Data           4  ble_db_discovery.o(.data)
    m_pending_usr_evt_index                  0x20005078   Data           4  ble_db_discovery.o(.data)
    m_num_of_handlers_reg                    0x2000507c   Data           4  ble_db_discovery.o(.data)
    .data                                    0x20005080   Section        8  ble_lbs_c.o(.data)
    m_tx_insert_index                        0x20005080   Data           4  ble_lbs_c.o(.data)
    m_tx_index                               0x20005084   Data           4  ble_lbs_c.o(.data)
    .data                                    0x20005088   Section       20  app_button.o(.data)
    m_button_count                           0x20005088   Data           1  app_button.o(.data)
    mp_buttons                               0x2000508c   Data           4  app_button.o(.data)
    m_detection_delay                        0x20005090   Data           4  app_button.o(.data)
    m_pin_state                              0x20005094   Data           4  app_button.o(.data)
    m_pin_transition                         0x20005098   Data           4  app_button.o(.data)
    .data                                    0x2000509c   Section       32  app_timer.o(.data)
    m_ticks_elapsed_q_read_ind               0x2000509c   Data           1  app_timer.o(.data)
    m_ticks_elapsed_q_write_ind              0x2000509d   Data           1  app_timer.o(.data)
    m_rtc1_running                           0x2000509e   Data           1  app_timer.o(.data)
    m_rtc1_reset                             0x2000509f   Data           1  app_timer.o(.data)
    mp_timer_id_head                         0x200050a0   Data           4  app_timer.o(.data)
    m_ticks_latest                           0x200050a4   Data           4  app_timer.o(.data)
    m_evt_schedule_func                      0x200050a8   Data           4  app_timer.o(.data)
    m_op_queue                               0x200050ac   Data           8  app_timer.o(.data)
    m_ticks_elapsed                          0x200050b4   Data           8  app_timer.o(.data)
    .data                                    0x200050bc   Section       12  app_util_platform.o(.data)
    m_in_critical_region                     0x200050bc   Data           4  app_util_platform.o(.data)
    .data                                    0x200050c8   Section       12  nrf_log_backend_serial.o(.data)
    m_initialized                            0x200050c8   Data           1  nrf_log_backend_serial.o(.data)
    m_blocking_mode                          0x200050c9   Data           1  nrf_log_backend_serial.o(.data)
    m_rx_done                                0x200050ca   Data           1  nrf_log_backend_serial.o(.data)
    m_uart                                   0x200050cc   Data           8  nrf_log_backend_serial.o(.data)
    .data                                    0x200050d4   Section        4  nrf_log_frontend.o(.data)
    m_overflow_info                          0x200050d4   Data           4  nrf_log_frontend.o(.data)
    .data                                    0x200050d8   Section       20  softdevice_handler.o(.data)
    m_softdevice_enabled                     0x200050d8   Data           1  softdevice_handler.o(.data)
    m_suspended                              0x200050d9   Data           1  softdevice_handler.o(.data)
    m_ble_evt_buffer_size                    0x200050da   Data           2  softdevice_handler.o(.data)
    m_evt_schedule_func                      0x200050dc   Data           4  softdevice_handler.o(.data)
    mp_ble_evt_buffer                        0x200050e0   Data           4  softdevice_handler.o(.data)
    m_ble_evt_handler                        0x200050e4   Data           4  softdevice_handler.o(.data)
    m_sys_evt_handler                        0x200050e8   Data           4  softdevice_handler.o(.data)
    .data                                    0x200050ec   Section        4  system_nrf51.o(.data)
    __tagsym$$used                           0x200050ec   Number         0  system_nrf51.o(.data)
    .bss                                     0x200050f0   Section     5192  main.o(.bss)
    BLE_EVT_BUFFER                           0x200050f0   Data          72  main.o(.bss)
    APP_TIMER_BUF                            0x20005138   Data          72  main.o(.bss)
    m_ble_lbs_c                              0x20005180   Data         128  main.o(.bss)
    m_ble_db_discovery                       0x20005200   Data        4864  main.o(.bss)
    beacons                                  0x20006500   Data          56  main.o(.bss)
    .bss                                     0x20006538   Section       32  bsp.o(.bss)
    m_leds_timer_id_data                     0x20006538   Data          32  bsp.o(.bss)
    .bss                                     0x20006558   Section       32  bsp.o(.bss)
    m_alert_timer_id_data                    0x20006558   Data          32  bsp.o(.bss)
    .bss                                     0x20006578   Section       12  bsp.o(.bss)
    m_events_list                            0x20006578   Data          12  bsp.o(.bss)
    .bss                                     0x20006584   Section       32  bsp.o(.bss)
    m_button_timer_id_data                   0x20006584   Data          32  bsp.o(.bss)
    .bss                                     0x200065a4   Section       52  ble_conn_state.o(.bss)
    m_bcs                                    0x200065a4   Data          52  ble_conn_state.o(.bss)
    .bss                                     0x200065d8   Section      672  ble_db_discovery.o(.bss)
    m_registered_handlers                    0x200065d8   Data          24  ble_db_discovery.o(.bss)
    m_pending_user_evts                      0x200065f0   Data         648  ble_db_discovery.o(.bss)
    .bss                                     0x20006878   Section      160  ble_lbs_c.o(.bss)
    m_tx_buffer                              0x20006878   Data         160  ble_lbs_c.o(.bss)
    .bss                                     0x20006918   Section       20  nrf_drv_clock.o(.bss)
    m_clock_cb                               0x20006918   Data          20  nrf_drv_clock.o(.bss)
    .bss                                     0x2000692c   Section       72  nrf_drv_gpiote.o(.bss)
    m_cb                                     0x2000692c   Data          72  nrf_drv_gpiote.o(.bss)
    .bss                                     0x20006974   Section       28  nrf_drv_uart.o(.bss)
    m_cb                                     0x20006974   Data          28  nrf_drv_uart.o(.bss)
    .bss                                     0x20006990   Section       32  app_button.o(.bss)
    m_detection_delay_timer_id_data          0x20006990   Data          32  app_button.o(.bss)
    .bss                                     0x200069b0   Section      256  nrf_log_backend_serial.o(.bss)
    m_uart_buffer                            0x200069b0   Data         256  nrf_log_backend_serial.o(.bss)
    .bss                                     0x20006ab0   Section     1048  nrf_log_frontend.o(.bss)
    m_log_data                               0x20006ab0   Data        1048  nrf_log_frontend.o(.bss)
    .bss                                     0x20006ec8   Section      648  segger_rtt.o(.bss)
    _acUpBuffer                              0x20006ec8   Data         512  segger_rtt.o(.bss)
    _acDownBuffer                            0x200070c8   Data          16  segger_rtt.o(.bss)
    STACK                                    0x20007150   Section     2048  arm_startup_nrf51.o(STACK)

    Global Symbols

    Symbol Name                              Value     Ov Type        Size  Object(Section)

    BuildAttributes$$THM_ISAv3M$S$PE$A:L22$X:L11$S22$IEEE1$IW$USESV6$~STKCKD$USESV7$~SHL$OTIME$ROPI$EBA8$MICROLIB$REQ8$PRES8$EABIv2 0x00000000   Number         0  anon$$obj.o ABSOLUTE
    __ARM_use_no_argv                        0x00000000   Number         0  main.o ABSOLUTE
    _printf_a                                0x00000000   Number         0  stubs.o ABSOLUTE
    _printf_c                                0x00000000   Number         0  stubs.o ABSOLUTE
    _printf_charcount                        0x00000000   Number         0  stubs.o ABSOLUTE
    _printf_d                                0x00000000   Number         0  stubs.o ABSOLUTE
    _printf_e                                0x00000000   Number         0  stubs.o ABSOLUTE
    _printf_f                                0x00000000   Number         0  stubs.o ABSOLUTE
    _printf_flags                            0x00000000   Number         0  stubs.o ABSOLUTE
    _printf_fp_dec                           0x00000000   Number         0  stubs.o ABSOLUTE
    _printf_fp_hex                           0x00000000   Number         0  stubs.o ABSOLUTE
    _printf_g                                0x00000000   Number         0  stubs.o ABSOLUTE
    _printf_i                                0x00000000   Number         0  stubs.o ABSOLUTE
    _printf_int_dec                          0x00000000   Number         0  stubs.o ABSOLUTE
    _printf_l                                0x00000000   Number         0  stubs.o ABSOLUTE
    _printf_lc                               0x00000000   Number         0  stubs.o ABSOLUTE
    _printf_ll                               0x00000000   Number         0  stubs.o ABSOLUTE
    _printf_lld                              0x00000000   Number         0  stubs.o ABSOLUTE
    _printf_lli                              0x00000000   Number         0  stubs.o ABSOLUTE
    _printf_llo                              0x00000000   Number         0  stubs.o ABSOLUTE
    _printf_llu                              0x00000000   Number         0  stubs.o ABSOLUTE
    _printf_llx                              0x00000000   Number         0  stubs.o ABSOLUTE
    _printf_longlong_dec                     0x00000000   Number         0  stubs.o ABSOLUTE
    _printf_longlong_hex                     0x00000000   Number         0  stubs.o ABSOLUTE
    _printf_longlong_oct                     0x00000000   Number         0  stubs.o ABSOLUTE
    _printf_ls                               0x00000000   Number         0  stubs.o ABSOLUTE
    _printf_mbtowc                           0x00000000   Number         0  stubs.o ABSOLUTE
    _printf_n                                0x00000000   Number         0  stubs.o ABSOLUTE
    _printf_o                                0x00000000   Number         0  stubs.o ABSOLUTE
    _printf_p                                0x00000000   Number         0  stubs.o ABSOLUTE
    _printf_percent                          0x00000000   Number         0  stubs.o ABSOLUTE
    _printf_pre_padding                      0x00000000   Number         0  stubs.o ABSOLUTE
    _printf_return_value                     0x00000000   Number         0  stubs.o ABSOLUTE
    _printf_s                                0x00000000   Number         0  stubs.o ABSOLUTE
    _printf_sizespec                         0x00000000   Number         0  stubs.o ABSOLUTE
    _printf_str                              0x00000000   Number         0  stubs.o ABSOLUTE
    _printf_truncate_signed                  0x00000000   Number         0  stubs.o ABSOLUTE
    _printf_truncate_unsigned                0x00000000   Number         0  stubs.o ABSOLUTE
    _printf_u                                0x00000000   Number         0  stubs.o ABSOLUTE
    _printf_wc                               0x00000000   Number         0  stubs.o ABSOLUTE
    _printf_wctomb                           0x00000000   Number         0  stubs.o ABSOLUTE
    _printf_widthprec                        0x00000000   Number         0  stubs.o ABSOLUTE
    _printf_x                                0x00000000   Number         0  stubs.o ABSOLUTE
    __cpp_initialize__aeabi_                  - Undefined Weak Reference
    __cxa_finalize                            - Undefined Weak Reference
    __decompress                              - Undefined Weak Reference
    _clock_init                               - Undefined Weak Reference
    _microlib_exit                            - Undefined Weak Reference
    fs_data$$Base                             - Undefined Reference
    fs_data$$Limit                            - Undefined Reference
    __Vectors_Size                           0x000000c0   Number         0  arm_startup_nrf51.o ABSOLUTE
    __Vectors                                0x0001b000   Data           4  arm_startup_nrf51.o(RESET)
    __Vectors_End                            0x0001b0c0   Data           0  arm_startup_nrf51.o(RESET)
    __main                                   0x0001b0c1   Thumb Code     0  entry.o(.ARM.Collect$$$$00000000)
    _main_stk                                0x0001b0c1   Thumb Code     0  entry2.o(.ARM.Collect$$$$00000001)
    _main_scatterload                        0x0001b0c5   Thumb Code     0  entry5.o(.ARM.Collect$$$$00000004)
    __main_after_scatterload                 0x0001b0c9   Thumb Code     0  entry5.o(.ARM.Collect$$$$00000004)
    _main_clock                              0x0001b0c9   Thumb Code     0  entry7b.o(.ARM.Collect$$$$00000008)
    _main_cpp_init                           0x0001b0c9   Thumb Code     0  entry8b.o(.ARM.Collect$$$$0000000A)
    _main_init                               0x0001b0c9   Thumb Code     0  entry9a.o(.ARM.Collect$$$$0000000B)
    __rt_final_cpp                           0x0001b0d1   Thumb Code     0  entry10a.o(.ARM.Collect$$$$0000000D)
    __rt_final_exit                          0x0001b0d1   Thumb Code     0  entry11a.o(.ARM.Collect$$$$0000000F)
    Reset_Handler                            0x0001b0d5   Thumb Code    26  arm_startup_nrf51.o(.text)
    NMI_Handler                              0x0001b0ef   Thumb Code     2  arm_startup_nrf51.o(.text)
    HardFault_Handler                        0x0001b0f1   Thumb Code     2  arm_startup_nrf51.o(.text)
    SVC_Handler                              0x0001b0f3   Thumb Code     2  arm_startup_nrf51.o(.text)
    PendSV_Handler                           0x0001b0f5   Thumb Code     2  arm_startup_nrf51.o(.text)
    SysTick_Handler                          0x0001b0f7   Thumb Code     2  arm_startup_nrf51.o(.text)
    ADC_IRQHandler                           0x0001b0f9   Thumb Code     0  arm_startup_nrf51.o(.text)
    CCM_AAR_IRQHandler                       0x0001b0f9   Thumb Code     0  arm_startup_nrf51.o(.text)
    ECB_IRQHandler                           0x0001b0f9   Thumb Code     0  arm_startup_nrf51.o(.text)
    LPCOMP_IRQHandler                        0x0001b0f9   Thumb Code     0  arm_startup_nrf51.o(.text)
    QDEC_IRQHandler                          0x0001b0f9   Thumb Code     0  arm_startup_nrf51.o(.text)
    RADIO_IRQHandler                         0x0001b0f9   Thumb Code     0  arm_startup_nrf51.o(.text)
    RNG_IRQHandler                           0x0001b0f9   Thumb Code     0  arm_startup_nrf51.o(.text)
    RTC0_IRQHandler                          0x0001b0f9   Thumb Code     0  arm_startup_nrf51.o(.text)
    SPI0_TWI0_IRQHandler                     0x0001b0f9   Thumb Code     0  arm_startup_nrf51.o(.text)
    SPI1_TWI1_IRQHandler                     0x0001b0f9   Thumb Code     0  arm_startup_nrf51.o(.text)
    SWI1_IRQHandler                          0x0001b0f9   Thumb Code     0  arm_startup_nrf51.o(.text)
    SWI3_IRQHandler                          0x0001b0f9   Thumb Code     0  arm_startup_nrf51.o(.text)
    SWI4_IRQHandler                          0x0001b0f9   Thumb Code     0  arm_startup_nrf51.o(.text)
    SWI5_IRQHandler                          0x0001b0f9   Thumb Code     0  arm_startup_nrf51.o(.text)
    TEMP_IRQHandler                          0x0001b0f9   Thumb Code     0  arm_startup_nrf51.o(.text)
    TIMER0_IRQHandler                        0x0001b0f9   Thumb Code     0  arm_startup_nrf51.o(.text)
    TIMER1_IRQHandler                        0x0001b0f9   Thumb Code     0  arm_startup_nrf51.o(.text)
    TIMER2_IRQHandler                        0x0001b0f9   Thumb Code     0  arm_startup_nrf51.o(.text)
    WDT_IRQHandler                           0x0001b0f9   Thumb Code     0  arm_startup_nrf51.o(.text)
    __aeabi_uidiv                            0x0001b10d   Thumb Code     0  uidiv.o(.text)
    __aeabi_uidivmod                         0x0001b10d   Thumb Code    44  uidiv.o(.text)
    __rt_ctype_table                         0x0001b139   Thumb Code     4  ctype_o.o(.text)
    __aeabi_memcpy                           0x0001b141   Thumb Code    36  memcpya.o(.text)
    __aeabi_memcpy4                          0x0001b141   Thumb Code     0  memcpya.o(.text)
    __aeabi_memcpy8                          0x0001b141   Thumb Code     0  memcpya.o(.text)
    __aeabi_memset                           0x0001b165   Thumb Code    14  memseta.o(.text)
    __aeabi_memset4                          0x0001b165   Thumb Code     0  memseta.o(.text)
    __aeabi_memset8                          0x0001b165   Thumb Code     0  memseta.o(.text)
    __aeabi_memclr                           0x0001b173   Thumb Code     4  memseta.o(.text)
    __aeabi_memclr4                          0x0001b173   Thumb Code     0  memseta.o(.text)
    __aeabi_memclr8                          0x0001b173   Thumb Code     0  memseta.o(.text)
    _memset$wrapper                          0x0001b177   Thumb Code    18  memseta.o(.text)
    strlen                                   0x0001b189   Thumb Code    14  strlen.o(.text)
    memcmp                                   0x0001b197   Thumb Code    26  memcmp.o(.text)
    strcpy                                   0x0001b1b1   Thumb Code    18  strcpy.o(.text)
    __aeabi_fadd                             0x0001b1c3   Thumb Code   162  fadd.o(.text)
    __aeabi_fsub                             0x0001b265   Thumb Code     8  fadd.o(.text)
    __aeabi_frsub                            0x0001b26d   Thumb Code     8  fadd.o(.text)
    __aeabi_fdiv                             0x0001b275   Thumb Code   124  fdiv.o(.text)
    __aeabi_i2f                              0x0001b2f1   Thumb Code    22  fflti.o(.text)
    __aeabi_f2iz                             0x0001b307   Thumb Code    50  ffixi.o(.text)
    __aeabi_f2uiz                            0x0001b339   Thumb Code    40  ffixui.o(.text)
    __aeabi_uldivmod                         0x0001b361   Thumb Code    96  uldiv.o(.text)
    __I$use$fp                               0x0001b3c1   Thumb Code     0  iusefp.o(.text)
    _float_round                             0x0001b3c1   Thumb Code    16  fepilogue.o(.text)
    _float_epilogue                          0x0001b3d1   Thumb Code   114  fepilogue.o(.text)
    __scatterload                            0x0001b445   Thumb Code    28  init.o(.text)
    __scatterload_rt2                        0x0001b445   Thumb Code     0  init.o(.text)
    __aeabi_llsl                             0x0001b469   Thumb Code    32  llshl.o(.text)
    _ll_shift_l                              0x0001b469   Thumb Code     0  llshl.o(.text)
    __aeabi_llsr                             0x0001b489   Thumb Code    34  llushr.o(.text)
    _ll_ushift_r                             0x0001b489   Thumb Code     0  llushr.o(.text)
    GPIOTE_IRQHandler                        0x0001b4ad   Thumb Code   364  nrf_drv_gpiote.o(i.GPIOTE_IRQHandler)
    POWER_CLOCK_IRQHandler                   0x0001b669   Thumb Code    70  nrf_drv_clock.o(i.POWER_CLOCK_IRQHandler)
    RTC1_IRQHandler                          0x0001b6bd   Thumb Code    28  app_timer.o(i.RTC1_IRQHandler)
    SEGGER_RTT_Init                          0x0001b6dd   Thumb Code    16  segger_rtt.o(i.SEGGER_RTT_Init)
    SEGGER_RTT_WriteNoLock                   0x0001b6f1   Thumb Code    86  segger_rtt.o(i.SEGGER_RTT_WriteNoLock)
    SWI0_IRQHandler                          0x0001b74d   Thumb Code     8  app_timer.o(i.SWI0_IRQHandler)
    SWI2_IRQHandler                          0x0001b755   Thumb Code    28  softdevice_handler.o(i.SWI2_IRQHandler)
    SystemInit                               0x0001b775   Thumb Code   130  system_nrf51.o(i.SystemInit)
    UART0_IRQHandler                         0x0001b815   Thumb Code    12  nrf_drv_uart.o(i.UART0_IRQHandler)
    __0snprintf$8                            0x0001b949   Thumb Code    46  printf8.o(i.__0snprintf$8)
    __1snprintf$8                            0x0001b949   Thumb Code     0  printf8.o(i.__0snprintf$8)
    __2snprintf                              0x0001b949   Thumb Code     0  printf8.o(i.__0snprintf$8)
    __ARM_common_switch8                     0x0001b97d   Thumb Code    26  bsp.o(i.__ARM_common_switch8)
    __scatterload_copy                       0x0001b997   Thumb Code    14  handlers.o(i.__scatterload_copy)
    __scatterload_null                       0x0001b9a5   Thumb Code     2  handlers.o(i.__scatterload_null)
    __scatterload_zeroinit                   0x0001b9a7   Thumb Code    14  handlers.o(i.__scatterload_zeroinit)
    app_button_disable                       0x0001be89   Thumb Code    36  app_button.o(i.app_button_disable)
    app_button_enable                        0x0001beb5   Thumb Code    32  app_button.o(i.app_button_enable)
    app_button_init                          0x0001bed9   Thumb Code   100  app_button.o(i.app_button_init)
    app_error_fault_handler                  0x0001bf4d   Thumb Code    40  app_error_weak.o(i.app_error_fault_handler)
    app_error_handler_bare                   0x0001bf99   Thumb Code    20  app_error.o(i.app_error_handler_bare)
    app_timer_create                         0x0001bfb1   Thumb Code    40  app_timer.o(i.app_timer_create)
    app_timer_init                           0x0001bfdd   Thumb Code    98  app_timer.o(i.app_timer_init)
    app_timer_start                          0x0001c051   Thumb Code   128  app_timer.o(i.app_timer_start)
    app_timer_stop                           0x0001c0d9   Thumb Code    36  app_timer.o(i.app_timer_stop)
    app_util_critical_region_enter           0x0001c101   Thumb Code    48  app_util_platform.o(i.app_util_critical_region_enter)
    app_util_critical_region_exit            0x0001c13d   Thumb Code    36  app_util_platform.o(i.app_util_critical_region_exit)
    average_filter                           0x0001c1ed   Thumb Code    48  main.o(i.average_filter)
    ble_conn_state_n_centrals                0x0001c225   Thumb Code    16  ble_conn_state.o(i.ble_conn_state_n_centrals)
    ble_conn_state_on_ble_evt                0x0001c239   Thumb Code   238  ble_conn_state.o(i.ble_conn_state_on_ble_evt)
    ble_db_discovery_evt_register            0x0001c331   Thumb Code    66  ble_db_discovery.o(i.ble_db_discovery_evt_register)
    ble_db_discovery_init                    0x0001c37d   Thumb Code    26  ble_db_discovery.o(i.ble_db_discovery_init)
    ble_db_discovery_on_ble_evt              0x0001c39d   Thumb Code    80  ble_db_discovery.o(i.ble_db_discovery_on_ble_evt)
    ble_db_discovery_start                   0x0001c3f1   Thumb Code   102  ble_db_discovery.o(i.ble_db_discovery_start)
    ble_lbs_c_button_notif_enable            0x0001c49d   Thumb Code    78  ble_lbs_c.o(i.ble_lbs_c_button_notif_enable)
    ble_lbs_c_handles_assign                 0x0001c4f9   Thumb Code    32  ble_lbs_c.o(i.ble_lbs_c_handles_assign)
    ble_lbs_c_init                           0x0001c519   Thumb Code    80  ble_lbs_c.o(i.ble_lbs_c_init)
    ble_lbs_c_on_ble_evt                     0x0001c571   Thumb Code   106  ble_lbs_c.o(i.ble_lbs_c_on_ble_evt)
    ble_lbs_led_status_send                  0x0001c5dd   Thumb Code    78  ble_lbs_c.o(i.ble_lbs_led_status_send)
    ble_lbs_on_db_disc_evt                   0x0001c639   Thumb Code   134  ble_lbs_c.o(i.ble_lbs_on_db_disc_evt)
    bsp_board_led_invert                     0x0001c72d   Thumb Code    24  boards.o(i.bsp_board_led_invert)
    bsp_board_led_off                        0x0001c74d   Thumb Code    14  boards.o(i.bsp_board_led_off)
    bsp_board_led_on                         0x0001c761   Thumb Code    14  boards.o(i.bsp_board_led_on)
    bsp_board_led_state_get                  0x0001c775   Thumb Code    24  boards.o(i.bsp_board_led_state_get)
    bsp_board_leds_init                      0x0001c795   Thumb Code    36  boards.o(i.bsp_board_leds_init)
    bsp_board_leds_off                       0x0001c7bd   Thumb Code    18  boards.o(i.bsp_board_leds_off)
    bsp_board_leds_on                        0x0001c7cf   Thumb Code    18  boards.o(i.bsp_board_leds_on)
    bsp_board_pin_to_button_idx              0x0001c7e1   Thumb Code    30  boards.o(i.bsp_board_pin_to_button_idx)
    bsp_indication_set                       0x0001c899   Thumb Code    22  bsp.o(i.bsp_indication_set)
    buffer_is_empty                          0x0001cad5   Thumb Code    16  nrf_log_frontend.o(i.buffer_is_empty)
    intern_softdevice_events_execute         0x0001cf31   Thumb Code   122  softdevice_handler.o(i.intern_softdevice_events_execute)
    main                                     0x0001d241   Thumb Code   164  main.o(i.main)
    nrf_drv_clock_init                       0x0001d36d   Thumb Code    60  nrf_drv_clock.o(i.nrf_drv_clock_init)
    nrf_drv_clock_on_sd_enable               0x0001d3b5   Thumb Code    46  nrf_drv_clock.o(i.nrf_drv_clock_on_sd_enable)
    nrf_drv_clock_on_soc_event               0x0001d3e9   Thumb Code    12  nrf_drv_clock.o(i.nrf_drv_clock_on_soc_event)
    nrf_drv_common_irq_enable                0x0001d3f5   Thumb Code    78  nrf_drv_common.o(i.nrf_drv_common_irq_enable)
    nrf_drv_gpiote_in_event_disable          0x0001d455   Thumb Code    62  nrf_drv_gpiote.o(i.nrf_drv_gpiote_in_event_disable)
    nrf_drv_gpiote_in_event_enable           0x0001d49d   Thumb Code   136  nrf_drv_gpiote.o(i.nrf_drv_gpiote_in_event_enable)
    nrf_drv_gpiote_in_init                   0x0001d535   Thumb Code   154  nrf_drv_gpiote.o(i.nrf_drv_gpiote_in_init)
    nrf_drv_gpiote_in_is_set                 0x0001d5dd   Thumb Code    16  nrf_drv_gpiote.o(i.nrf_drv_gpiote_in_is_set)
    nrf_drv_gpiote_init                      0x0001d5f1   Thumb Code    84  nrf_drv_gpiote.o(i.nrf_drv_gpiote_init)
    nrf_drv_gpiote_is_init                   0x0001d64d   Thumb Code    12  nrf_drv_gpiote.o(i.nrf_drv_gpiote_is_init)
    nrf_drv_uart_init                        0x0001d65d   Thumb Code   118  nrf_drv_uart.o(i.nrf_drv_uart_init)
    nrf_drv_uart_tx                          0x0001d6dd   Thumb Code    46  nrf_drv_uart.o(i.nrf_drv_uart_tx)
    nrf_drv_uart_tx_in_progress              0x0001d79d   Thumb Code    20  nrf_drv_uart.o(i.nrf_drv_uart_tx_in_progress)
    nrf_drv_uart_uninit                      0x0001d7b5   Thumb Code   140  nrf_drv_uart.o(i.nrf_drv_uart_uninit)
    nrf_log_backend_hexdump_handler_get      0x0001d985   Thumb Code     4  nrf_log_backend_serial.o(i.nrf_log_backend_hexdump_handler_get)
    nrf_log_backend_init                     0x0001d98d   Thumb Code   106  nrf_log_backend_serial.o(i.nrf_log_backend_init)
    nrf_log_backend_std_handler_get          0x0001dc69   Thumb Code     4  nrf_log_backend_serial.o(i.nrf_log_backend_std_handler_get)
    nrf_log_blocking_backend_set             0x0001dc71   Thumb Code    10  nrf_log_frontend.o(i.nrf_log_blocking_backend_set)
    nrf_log_frontend_dequeue                 0x0001dc7d   Thumb Code   310  nrf_log_frontend.o(i.nrf_log_frontend_dequeue)
    nrf_log_frontend_init                    0x0001ddc1   Thumb Code    24  nrf_log_frontend.o(i.nrf_log_frontend_init)
    nrf_log_frontend_std_0                   0x0001dde1   Thumb Code    90  nrf_log_frontend.o(i.nrf_log_frontend_std_0)
    nrf_log_frontend_std_1                   0x0001de49   Thumb Code   108  nrf_log_frontend.o(i.nrf_log_frontend_std_1)
    nrf_log_frontend_std_2                   0x0001dec1   Thumb Code   122  nrf_log_frontend.o(i.nrf_log_frontend_std_2)
    nrf_log_frontend_std_6                   0x0001df49   Thumb Code   180  nrf_log_frontend.o(i.nrf_log_frontend_std_6)
    nrf_log_handlers_set                     0x0001e009   Thumb Code     8  nrf_log_frontend.o(i.nrf_log_handlers_set)
    nrf_log_init                             0x0001e015   Thumb Code    44  nrf_log_frontend.o(i.nrf_log_init)
    sdk_mapped_flags_bulk_update_by_key      0x0001e90d   Thumb Code    70  sdk_mapped_flags.o(i.sdk_mapped_flags_bulk_update_by_key)
    sdk_mapped_flags_first_key_index_get     0x0001e955   Thumb Code    34  sdk_mapped_flags.o(i.sdk_mapped_flags_first_key_index_get)
    sdk_mapped_flags_key_list_get            0x0001e98d   Thumb Code    70  sdk_mapped_flags.o(i.sdk_mapped_flags_key_list_get)
    sdk_mapped_flags_n_flags_set             0x0001e9d3   Thumb Code    32  sdk_mapped_flags.o(i.sdk_mapped_flags_n_flags_set)
    sdk_mapped_flags_update_by_key           0x0001e9f3   Thumb Code    14  sdk_mapped_flags.o(i.sdk_mapped_flags_update_by_key)
    softdevice_ble_evt_handler_set           0x0001ea61   Thumb Code    16  softdevice_handler.o(i.softdevice_ble_evt_handler_set)
    softdevice_enable                        0x0001ea75   Thumb Code    62  softdevice_handler.o(i.softdevice_enable)
    softdevice_enable_get_default_config     0x0001eb21   Thumb Code    40  softdevice_handler.o(i.softdevice_enable_get_default_config)
    softdevice_fault_handler                 0x0001eb49   Thumb Code     8  softdevice_handler.o(i.softdevice_fault_handler)
    softdevice_handler_init                  0x0001eb51   Thumb Code    74  softdevice_handler.o(i.softdevice_handler_init)
    softdevice_handler_is_enabled            0x0001eba9   Thumb Code     6  softdevice_handler.o(i.softdevice_handler_is_enabled)
    __ctype_table                            0x0001f03c   Data         129  ctype_o.o(.constdata)
    Region$$Table$$Base                      0x0001f304   Number         0  anon$$obj.o(Region$$Table)
    Region$$Table$$Limit                     0x0001f324   Number         0  anon$$obj.o(Region$$Table)
    Image$$RW_IRAM1$$Base                    0x20005040   Number         0  anon$$obj.o ABSOLUTE
    beacons_num                              0x2000504c   Data           4  main.o(.data)
    nrf_nvic_state                           0x200050c0   Data           8  app_util_platform.o(.data)
    SystemCoreClock                          0x200050ec   Data           4  system_nrf51.o(.data)
    _SEGGER_RTT                              0x200070d8   Data         120  segger_rtt.o(.bss)
    __initial_sp                             0x20007950   Data           0  arm_startup_nrf51.o(STACK)



==============================================================================

Memory Map of the image

  Image Entry point : 0x0001b0c1

  Load Region LR_IROM1 (Base: 0x0001b000, Size: 0x000043d4, Max: 0x00025000, ABSOLUTE)

    Execution Region ER_IROM1 (Exec base: 0x0001b000, Load base: 0x0001b000, Size: 0x00004324, Max: 0x00025000, ABSOLUTE)

    Exec Addr    Load Addr    Size         Type   Attr      Idx    E Section Name        Object

    0x0001b000   0x0001b000   0x000000c0   Data   RO         2819    RESET               arm_startup_nrf51.o
    0x0001b0c0   0x0001b0c0   0x00000000   Code   RO         2861  * .ARM.Collect$$$$00000000  mc_p.l(entry.o)
    0x0001b0c0   0x0001b0c0   0x00000004   Code   RO         3177    .ARM.Collect$$$$00000001  mc_p.l(entry2.o)
    0x0001b0c4   0x0001b0c4   0x00000004   Code   RO         3180    .ARM.Collect$$$$00000004  mc_p.l(entry5.o)
    0x0001b0c8   0x0001b0c8   0x00000000   Code   RO         3182    .ARM.Collect$$$$00000008  mc_p.l(entry7b.o)
    0x0001b0c8   0x0001b0c8   0x00000000   Code   RO         3184    .ARM.Collect$$$$0000000A  mc_p.l(entry8b.o)
    0x0001b0c8   0x0001b0c8   0x00000008   Code   RO         3185    .ARM.Collect$$$$0000000B  mc_p.l(entry9a.o)
    0x0001b0d0   0x0001b0d0   0x00000000   Code   RO         3187    .ARM.Collect$$$$0000000D  mc_p.l(entry10a.o)
    0x0001b0d0   0x0001b0d0   0x00000000   Code   RO         3189    .ARM.Collect$$$$0000000F  mc_p.l(entry11a.o)
    0x0001b0d0   0x0001b0d0   0x00000004   Code   RO         3178    .ARM.Collect$$$$00002712  mc_p.l(entry2.o)
    0x0001b0d4   0x0001b0d4   0x00000038   Code   RO         2820    .text               arm_startup_nrf51.o
    0x0001b10c   0x0001b10c   0x0000002c   Code   RO         2864    .text               mc_p.l(uidiv.o)
    0x0001b138   0x0001b138   0x00000008   Code   RO         2866    .text               mc_p.l(ctype_o.o)
    0x0001b140   0x0001b140   0x00000024   Code   RO         2894    .text               mc_p.l(memcpya.o)
    0x0001b164   0x0001b164   0x00000024   Code   RO         2896    .text               mc_p.l(memseta.o)
    0x0001b188   0x0001b188   0x0000000e   Code   RO         2898    .text               mc_p.l(strlen.o)
    0x0001b196   0x0001b196   0x0000001a   Code   RO         2900    .text               mc_p.l(memcmp.o)
    0x0001b1b0   0x0001b1b0   0x00000012   Code   RO         2902    .text               mc_p.l(strcpy.o)
    0x0001b1c2   0x0001b1c2   0x000000b2   Code   RO         3167    .text               mf_p.l(fadd.o)
    0x0001b274   0x0001b274   0x0000007c   Code   RO         3169    .text               mf_p.l(fdiv.o)
    0x0001b2f0   0x0001b2f0   0x00000016   Code   RO         3171    .text               mf_p.l(fflti.o)
    0x0001b306   0x0001b306   0x00000032   Code   RO         3173    .text               mf_p.l(ffixi.o)
    0x0001b338   0x0001b338   0x00000028   Code   RO         3175    .text               mf_p.l(ffixui.o)
    0x0001b360   0x0001b360   0x00000060   Code   RO         3194    .text               mc_p.l(uldiv.o)
    0x0001b3c0   0x0001b3c0   0x00000000   Code   RO         3196    .text               mc_p.l(iusefp.o)
    0x0001b3c0   0x0001b3c0   0x00000082   Code   RO         3197    .text               mf_p.l(fepilogue.o)
    0x0001b442   0x0001b442   0x00000002   PAD
    0x0001b444   0x0001b444   0x00000024   Code   RO         3209    .text               mc_p.l(init.o)
    0x0001b468   0x0001b468   0x00000020   Code   RO         3212    .text               mc_p.l(llshl.o)
    0x0001b488   0x0001b488   0x00000022   Code   RO         3214    .text               mc_p.l(llushr.o)
    0x0001b4aa   0x0001b4aa   0x00000002   PAD
    0x0001b4ac   0x0001b4ac   0x00000178   Code   RO         1384    i.GPIOTE_IRQHandler  nrf_drv_gpiote.o
    0x0001b624   0x0001b624   0x00000044   Code   RO         1896    i.NVIC_SetPriority  app_timer.o
    0x0001b668   0x0001b668   0x00000054   Code   RO         1178    i.POWER_CLOCK_IRQHandler  nrf_drv_clock.o
    0x0001b6bc   0x0001b6bc   0x00000020   Code   RO         1897    i.RTC1_IRQHandler   app_timer.o
    0x0001b6dc   0x0001b6dc   0x00000014   Code   RO         2535    i.SEGGER_RTT_Init   segger_rtt.o
    0x0001b6f0   0x0001b6f0   0x0000005c   Code   RO         2544    i.SEGGER_RTT_WriteNoLock  segger_rtt.o
    0x0001b74c   0x0001b74c   0x00000008   Code   RO         1898    i.SWI0_IRQHandler   app_timer.o
    0x0001b754   0x0001b754   0x00000020   Code   RO         2680    i.SWI2_IRQHandler   softdevice_handler.o
    0x0001b774   0x0001b774   0x000000a0   Code   RO         2827    i.SystemInit        system_nrf51.o
    0x0001b814   0x0001b814   0x00000014   Code   RO         1599    i.UART0_IRQHandler  nrf_drv_uart.o
    0x0001b828   0x0001b828   0x0000006c   Code   RO         2547    i._DoInit           segger_rtt.o
    0x0001b894   0x0001b894   0x00000016   Code   RO         2548    i._GetAvailWriteSpace  segger_rtt.o
    0x0001b8aa   0x0001b8aa   0x00000060   Code   RO         2550    i._WriteBlocking    segger_rtt.o
    0x0001b90a   0x0001b90a   0x0000003c   Code   RO         2551    i._WriteNoCheck     segger_rtt.o
    0x0001b946   0x0001b946   0x00000002   PAD
    0x0001b948   0x0001b948   0x00000034   Code   RO         3114    i.__0snprintf$8     mc_p.l(printf8.o)
    0x0001b97c   0x0001b97c   0x0000001a   Code   RO          503    i.__ARM_common_switch8  bsp.o
    0x0001b996   0x0001b996   0x0000000e   Code   RO         3225    i.__scatterload_copy  mc_p.l(handlers.o)
    0x0001b9a4   0x0001b9a4   0x00000002   Code   RO         3226    i.__scatterload_null  mc_p.l(handlers.o)
    0x0001b9a6   0x0001b9a6   0x0000000e   Code   RO         3227    i.__scatterload_zeroinit  mc_p.l(handlers.o)
    0x0001b9b4   0x0001b9b4   0x0000001c   Code   RO         2681    i.__sd_nvic_app_accessible_irq  softdevice_handler.o
    0x0001b9d0   0x0001b9d0   0x00000428   Code   RO         3120    i._printf_core      mc_p.l(printf8.o)
    0x0001bdf8   0x0001bdf8   0x00000020   Code   RO         3121    i._printf_post_padding  mc_p.l(printf8.o)
    0x0001be18   0x0001be18   0x0000002c   Code   RO         3122    i._printf_pre_padding  mc_p.l(printf8.o)
    0x0001be44   0x0001be44   0x00000016   Code   RO         3123    i._snputc           mc_p.l(printf8.o)
    0x0001be5a   0x0001be5a   0x0000002e   Code   RO            3    i.adv_report_parse  main.o
    0x0001be88   0x0001be88   0x0000002c   Code   RO         1776    i.app_button_disable  app_button.o
    0x0001beb4   0x0001beb4   0x00000024   Code   RO         1777    i.app_button_enable  app_button.o
    0x0001bed8   0x0001bed8   0x00000074   Code   RO         1778    i.app_button_init   app_button.o
    0x0001bf4c   0x0001bf4c   0x0000004c   Code   RO         1873    i.app_error_fault_handler  app_error_weak.o
    0x0001bf98   0x0001bf98   0x00000018   Code   RO         1838    i.app_error_handler_bare  app_error.o
    0x0001bfb0   0x0001bfb0   0x0000002c   Code   RO         1901    i.app_timer_create  app_timer.o
    0x0001bfdc   0x0001bfdc   0x00000074   Code   RO         1902    i.app_timer_init    app_timer.o
    0x0001c050   0x0001c050   0x00000088   Code   RO         1903    i.app_timer_start   app_timer.o
    0x0001c0d8   0x0001c0d8   0x00000028   Code   RO         1904    i.app_timer_stop    app_timer.o
    0x0001c100   0x0001c100   0x0000003c   Code   RO         2041    i.app_util_critical_region_enter  app_util_platform.o
    0x0001c13c   0x0001c13c   0x0000002c   Code   RO         2042    i.app_util_critical_region_exit  app_util_platform.o
    0x0001c168   0x0001c168   0x00000084   Code   RO         1600    i.apply_config      nrf_drv_uart.o
    0x0001c1ec   0x0001c1ec   0x00000038   Code   RO            5    i.average_filter    main.o
    0x0001c224   0x0001c224   0x00000014   Code   RO          836    i.ble_conn_state_n_centrals  ble_conn_state.o
    0x0001c238   0x0001c238   0x000000f8   Code   RO          839    i.ble_conn_state_on_ble_evt  ble_conn_state.o
    0x0001c330   0x0001c330   0x0000004c   Code   RO          964    i.ble_db_discovery_evt_register  ble_db_discovery.o
    0x0001c37c   0x0001c37c   0x00000020   Code   RO          965    i.ble_db_discovery_init  ble_db_discovery.o
    0x0001c39c   0x0001c39c   0x00000054   Code   RO          966    i.ble_db_discovery_on_ble_evt  ble_db_discovery.o
    0x0001c3f0   0x0001c3f0   0x00000074   Code   RO          967    i.ble_db_discovery_start  ble_db_discovery.o
    0x0001c464   0x0001c464   0x00000038   Code   RO            6    i.ble_evt_dispatch  main.o
    0x0001c49c   0x0001c49c   0x0000005c   Code   RO         1119    i.ble_lbs_c_button_notif_enable  ble_lbs_c.o
    0x0001c4f8   0x0001c4f8   0x00000020   Code   RO         1120    i.ble_lbs_c_handles_assign  ble_lbs_c.o
    0x0001c518   0x0001c518   0x00000058   Code   RO         1121    i.ble_lbs_c_init    ble_lbs_c.o
    0x0001c570   0x0001c570   0x0000006a   Code   RO         1122    i.ble_lbs_c_on_ble_evt  ble_lbs_c.o
    0x0001c5da   0x0001c5da   0x00000002   PAD
    0x0001c5dc   0x0001c5dc   0x0000005c   Code   RO         1123    i.ble_lbs_led_status_send  ble_lbs_c.o
    0x0001c638   0x0001c638   0x00000090   Code   RO         1124    i.ble_lbs_on_db_disc_evt  ble_lbs_c.o
    0x0001c6c8   0x0001c6c8   0x00000064   Code   RO            7    i.ble_stack_init    main.o
    0x0001c72c   0x0001c72c   0x00000020   Code   RO          308    i.bsp_board_led_invert  boards.o
    0x0001c74c   0x0001c74c   0x00000014   Code   RO          309    i.bsp_board_led_off  boards.o
    0x0001c760   0x0001c760   0x00000014   Code   RO          310    i.bsp_board_led_on  boards.o
    0x0001c774   0x0001c774   0x00000020   Code   RO          311    i.bsp_board_led_state_get  boards.o
    0x0001c794   0x0001c794   0x00000028   Code   RO          312    i.bsp_board_leds_init  boards.o
    0x0001c7bc   0x0001c7bc   0x00000012   Code   RO          313    i.bsp_board_leds_off  boards.o
    0x0001c7ce   0x0001c7ce   0x00000012   Code   RO          314    i.bsp_board_leds_on  boards.o
    0x0001c7e0   0x0001c7e0   0x00000024   Code   RO          315    i.bsp_board_pin_to_button_idx  boards.o
    0x0001c804   0x0001c804   0x00000094   Code   RO          410    i.bsp_button_event_handler  bsp.o
    0x0001c898   0x0001c898   0x0000001c   Code   RO          415    i.bsp_indication_set  bsp.o
    0x0001c8b4   0x0001c8b4   0x00000180   Code   RO          417    i.bsp_led_indication  bsp.o
    0x0001ca34   0x0001ca34   0x00000012   Code   RO         2301    i.buf_len_update    nrf_log_backend_serial.o
    0x0001ca46   0x0001ca46   0x00000002   PAD
    0x0001ca48   0x0001ca48   0x0000008c   Code   RO         2404    i.buf_prealloc      nrf_log_frontend.o
    0x0001cad4   0x0001cad4   0x00000014   Code   RO         2405    i.buffer_is_empty   nrf_log_frontend.o
    0x0001cae8   0x0001cae8   0x0000006c   Code   RO            8    i.button_event_handler  main.o
    0x0001cb54   0x0001cb54   0x0000001c   Code   RO         1385    i.channel_free      nrf_drv_gpiote.o
    0x0001cb70   0x0001cb70   0x00000048   Code   RO         1386    i.channel_port_alloc  nrf_drv_gpiote.o
    0x0001cbb8   0x0001cbb8   0x00000010   Code   RO         1387    i.channel_port_get  nrf_drv_gpiote.o
    0x0001cbc8   0x0001cbc8   0x0000003c   Code   RO          968    i.characteristics_discover  ble_db_discovery.o
    0x0001cc04   0x0001cc04   0x00000028   Code   RO         1179    i.clock_clk_started_notify  nrf_drv_clock.o
    0x0001cc2c   0x0001cc2c   0x000000a8   Code   RO         1906    i.compare_reg_update  app_timer.o
    0x0001ccd4   0x0001ccd4   0x00000028   Code   RO            9    i.db_disc_handler   main.o
    0x0001ccfc   0x0001ccfc   0x00000084   Code   RO          969    i.descriptors_discover  ble_db_discovery.o
    0x0001cd80   0x0001cd80   0x00000060   Code   RO         1780    i.detection_delay_timeout_handler  app_button.o
    0x0001cde0   0x0001cde0   0x00000090   Code   RO          970    i.discovery_complete_evt_trigger  ble_db_discovery.o
    0x0001ce70   0x0001ce70   0x0000002e   Code   RO          971    i.discovery_error_evt_trigger  ble_db_discovery.o
    0x0001ce9e   0x0001ce9e   0x00000002   PAD
    0x0001cea0   0x0001cea0   0x00000040   Code   RO         1907    i.elapsed_ticks_acquire  app_timer.o
    0x0001cee0   0x0001cee0   0x00000050   Code   RO         1781    i.gpiote_event_handler  app_button.o
    0x0001cf30   0x0001cf30   0x00000080   Code   RO         2682    i.intern_softdevice_events_execute  softdevice_handler.o
    0x0001cfb0   0x0001cfb0   0x00000044   Code   RO          972    i.is_desc_discovery_reqd  ble_db_discovery.o
    0x0001cff4   0x0001cff4   0x00000048   Code   RO         2828    i.is_manual_peripheral_setup_needed  system_nrf51.o
    0x0001d03c   0x0001d03c   0x0000009c   Code   RO           10    i.lbs_c_evt_handler  main.o
    0x0001d0d8   0x0001d0d8   0x000000ac   Code   RO         1908    i.list_deletions_handler  app_timer.o
    0x0001d184   0x0001d184   0x000000bc   Code   RO         1909    i.list_insertions_handler  app_timer.o
    0x0001d240   0x0001d240   0x000000dc   Code   RO           11    i.main              main.o
    0x0001d31c   0x0001d31c   0x00000010   Code   RO         1388    i.nrf_bitmask_bit_is_set  nrf_drv_gpiote.o
    0x0001d32c   0x0001d32c   0x00000010   Code   RO         1183    i.nrf_clock_event_check  nrf_drv_clock.o
    0x0001d33c   0x0001d33c   0x00000030   Code   RO         1910    i.nrf_delay_us      app_timer.o
    0x0001d36c   0x0001d36c   0x00000048   Code   RO         1190    i.nrf_drv_clock_init  nrf_drv_clock.o
    0x0001d3b4   0x0001d3b4   0x00000034   Code   RO         1197    i.nrf_drv_clock_on_sd_enable  nrf_drv_clock.o
    0x0001d3e8   0x0001d3e8   0x0000000c   Code   RO         1198    i.nrf_drv_clock_on_soc_event  nrf_drv_clock.o
    0x0001d3f4   0x0001d3f4   0x00000060   Code   RO         1343    i.nrf_drv_common_irq_enable  nrf_drv_common.o
    0x0001d454   0x0001d454   0x00000048   Code   RO         1390    i.nrf_drv_gpiote_in_event_disable  nrf_drv_gpiote.o
    0x0001d49c   0x0001d49c   0x00000098   Code   RO         1391    i.nrf_drv_gpiote_in_event_enable  nrf_drv_gpiote.o
    0x0001d534   0x0001d534   0x000000a8   Code   RO         1392    i.nrf_drv_gpiote_in_init  nrf_drv_gpiote.o
    0x0001d5dc   0x0001d5dc   0x00000014   Code   RO         1393    i.nrf_drv_gpiote_in_is_set  nrf_drv_gpiote.o
    0x0001d5f0   0x0001d5f0   0x0000005c   Code   RO         1395    i.nrf_drv_gpiote_init  nrf_drv_gpiote.o
    0x0001d64c   0x0001d64c   0x00000010   Code   RO         1396    i.nrf_drv_gpiote_is_init  nrf_drv_gpiote.o
    0x0001d65c   0x0001d65c   0x00000080   Code   RO         1602    i.nrf_drv_uart_init  nrf_drv_uart.o
    0x0001d6dc   0x0001d6dc   0x00000034   Code   RO         1608    i.nrf_drv_uart_tx   nrf_drv_uart.o
    0x0001d710   0x0001d710   0x0000008c   Code   RO         1610    i.nrf_drv_uart_tx_for_uart  nrf_drv_uart.o
    0x0001d79c   0x0001d79c   0x00000018   Code   RO         1611    i.nrf_drv_uart_tx_in_progress  nrf_drv_uart.o
    0x0001d7b4   0x0001d7b4   0x00000098   Code   RO         1612    i.nrf_drv_uart_uninit  nrf_drv_uart.o
    0x0001d84c   0x0001d84c   0x00000028   Code   RO          317    i.nrf_gpio_cfg      boards.o
    0x0001d874   0x0001d874   0x00000028   Code   RO         1408    i.nrf_gpio_cfg      nrf_drv_gpiote.o
    0x0001d89c   0x0001d89c   0x00000028   Code   RO         1613    i.nrf_gpio_cfg      nrf_drv_uart.o
    0x0001d8c4   0x0001d8c4   0x00000012   Code   RO         1614    i.nrf_gpio_cfg_default  nrf_drv_uart.o
    0x0001d8d6   0x0001d8d6   0x00000012   Code   RO         1615    i.nrf_gpio_cfg_input  nrf_drv_uart.o
    0x0001d8e8   0x0001d8e8   0x00000014   Code   RO         1616    i.nrf_gpio_cfg_output  nrf_drv_uart.o
    0x0001d8fc   0x0001d8fc   0x00000022   Code   RO         1410    i.nrf_gpio_cfg_sense_set  nrf_drv_gpiote.o
    0x0001d91e   0x0001d91e   0x00000002   PAD
    0x0001d920   0x0001d920   0x00000018   Code   RO          318    i.nrf_gpio_pin_write  boards.o
    0x0001d938   0x0001d938   0x00000028   Code   RO         1411    i.nrf_gpio_ports_read  nrf_drv_gpiote.o
    0x0001d960   0x0001d960   0x00000010   Code   RO         1412    i.nrf_gpiote_event_clear  nrf_drv_gpiote.o
    0x0001d970   0x0001d970   0x00000014   Code   RO         1413    i.nrf_gpiote_event_is_set  nrf_drv_gpiote.o
    0x0001d984   0x0001d984   0x00000008   Code   RO         2303    i.nrf_log_backend_hexdump_handler_get  nrf_log_backend_serial.o
    0x0001d98c   0x0001d98c   0x0000007c   Code   RO         2304    i.nrf_log_backend_init  nrf_log_backend_serial.o
    0x0001da08   0x0001da08   0x00000148   Code   RO         2305    i.nrf_log_backend_serial_hexdump_handler  nrf_log_backend_serial.o
    0x0001db50   0x0001db50   0x00000118   Code   RO         2306    i.nrf_log_backend_serial_std_handler  nrf_log_backend_serial.o
    0x0001dc68   0x0001dc68   0x00000008   Code   RO         2307    i.nrf_log_backend_std_handler_get  nrf_log_backend_serial.o
    0x0001dc70   0x0001dc70   0x0000000a   Code   RO         2407    i.nrf_log_blocking_backend_set  nrf_log_frontend.o
    0x0001dc7a   0x0001dc7a   0x00000002   PAD
    0x0001dc7c   0x0001dc7c   0x00000144   Code   RO         2408    i.nrf_log_frontend_dequeue  nrf_log_frontend.o
    0x0001ddc0   0x0001ddc0   0x00000020   Code   RO         2410    i.nrf_log_frontend_init  nrf_log_frontend.o
    0x0001dde0   0x0001dde0   0x00000068   Code   RO         2411    i.nrf_log_frontend_std_0  nrf_log_frontend.o
    0x0001de48   0x0001de48   0x00000078   Code   RO         2412    i.nrf_log_frontend_std_1  nrf_log_frontend.o
    0x0001dec0   0x0001dec0   0x00000088   Code   RO         2413    i.nrf_log_frontend_std_2  nrf_log_frontend.o
    0x0001df48   0x0001df48   0x000000c0   Code   RO         2417    i.nrf_log_frontend_std_6  nrf_log_frontend.o
    0x0001e008   0x0001e008   0x0000000c   Code   RO         2419    i.nrf_log_handlers_set  nrf_log_frontend.o
    0x0001e014   0x0001e014   0x0000002c   Code   RO         2420    i.nrf_log_init      nrf_log_frontend.o
    0x0001e040   0x0001e040   0x0000000a   Code   RO         1617    i.nrf_uart_event_check  nrf_drv_uart.o
    0x0001e04a   0x0001e04a   0x00000010   Code   RO         1618    i.nrf_uart_int_enable_check  nrf_drv_uart.o
    0x0001e05a   0x0001e05a   0x00000002   PAD
    0x0001e05c   0x0001e05c   0x00000174   Code   RO           12    i.on_adv_report     main.o
    0x0001e1d0   0x0001e1d0   0x000001f0   Code   RO           13    i.on_ble_evt        main.o
    0x0001e3c0   0x0001e3c0   0x00000108   Code   RO          973    i.on_characteristic_discovery_rsp  ble_db_discovery.o
    0x0001e4c8   0x0001e4c8   0x00000104   Code   RO          974    i.on_descriptor_discovery_rsp  ble_db_discovery.o
    0x0001e5cc   0x0001e5cc   0x000000e4   Code   RO          975    i.on_primary_srv_discovery_rsp  ble_db_discovery.o
    0x0001e6b0   0x0001e6b0   0x0000007c   Code   RO          976    i.on_srv_disc_completion  ble_db_discovery.o
    0x0001e72c   0x0001e72c   0x00000018   Code   RO         1414    i.pin_in_use_by_port  nrf_drv_gpiote.o
    0x0001e744   0x0001e744   0x00000018   Code   RO         1415    i.pin_in_use_by_te  nrf_drv_gpiote.o
    0x0001e75c   0x0001e75c   0x00000010   Code   RO         2683    i.ram_end_address_get  softdevice_handler.o
    0x0001e76c   0x0001e76c   0x00000038   Code   RO          977    i.registered_handler_get  ble_db_discovery.o
    0x0001e7a4   0x0001e7a4   0x00000044   Code   RO         1911    i.rtc1_stop         app_timer.o
    0x0001e7e8   0x0001e7e8   0x00000026   Code   RO         1619    i.rx_byte           nrf_drv_uart.o
    0x0001e80e   0x0001e80e   0x00000014   Code   RO         1620    i.rx_done_event     nrf_drv_uart.o
    0x0001e822   0x0001e822   0x00000002   PAD
    0x0001e824   0x0001e824   0x00000064   Code   RO           14    i.scan_start        main.o
    0x0001e888   0x0001e888   0x00000084   Code   RO         2685    i.sd_nvic_EnableIRQ  softdevice_handler.o
    0x0001e90c   0x0001e90c   0x00000046   Code   RO         2246    i.sdk_mapped_flags_bulk_update_by_key  sdk_mapped_flags.o
    0x0001e952   0x0001e952   0x00000002   PAD
    0x0001e954   0x0001e954   0x00000028   Code   RO         2247    i.sdk_mapped_flags_first_key_index_get  sdk_mapped_flags.o
    0x0001e97c   0x0001e97c   0x00000010   Code   RO         2248    i.sdk_mapped_flags_get_by_index  sdk_mapped_flags.o
    0x0001e98c   0x0001e98c   0x00000046   Code   RO         2250    i.sdk_mapped_flags_key_list_get  sdk_mapped_flags.o
    0x0001e9d2   0x0001e9d2   0x00000020   Code   RO         2251    i.sdk_mapped_flags_n_flags_set  sdk_mapped_flags.o
    0x0001e9f2   0x0001e9f2   0x0000000e   Code   RO         2252    i.sdk_mapped_flags_update_by_key  sdk_mapped_flags.o
    0x0001ea00   0x0001ea00   0x00000010   Code   RO         2308    i.serial_is_busy    nrf_log_backend_serial.o
    0x0001ea10   0x0001ea10   0x00000050   Code   RO         2309    i.serial_tx         nrf_log_backend_serial.o
    0x0001ea60   0x0001ea60   0x00000014   Code   RO         2686    i.softdevice_ble_evt_handler_set  softdevice_handler.o
    0x0001ea74   0x0001ea74   0x000000ac   Code   RO         2687    i.softdevice_enable  softdevice_handler.o
    0x0001eb20   0x0001eb20   0x00000028   Code   RO         2688    i.softdevice_enable_get_default_config  softdevice_handler.o
    0x0001eb48   0x0001eb48   0x00000008   Code   RO         2689    i.softdevice_fault_handler  softdevice_handler.o
    0x0001eb50   0x0001eb50   0x00000058   Code   RO         2690    i.softdevice_handler_init  softdevice_handler.o
    0x0001eba8   0x0001eba8   0x0000000c   Code   RO         2691    i.softdevice_handler_is_enabled  softdevice_handler.o
    0x0001ebb4   0x0001ebb4   0x00000084   Code   RO         1912    i.timer_list_handler  app_timer.o
    0x0001ec38   0x0001ec38   0x00000010   Code   RO         1913    i.timer_list_handler_sched  app_timer.o
    0x0001ec48   0x0001ec48   0x00000040   Code   RO         1914    i.timer_list_insert  app_timer.o
    0x0001ec88   0x0001ec88   0x00000048   Code   RO         1915    i.timer_stop_op_schedule  app_timer.o
    0x0001ecd0   0x0001ecd0   0x00000080   Code   RO         1916    i.timer_timeouts_check  app_timer.o
    0x0001ed50   0x0001ed50   0x00000048   Code   RO         2310    i.timestamp_process  nrf_log_backend_serial.o
    0x0001ed98   0x0001ed98   0x00000044   Code   RO         1125    i.tx_buffer_process  ble_lbs_c.o
    0x0001eddc   0x0001eddc   0x0000001e   Code   RO         1622    i.tx_byte           nrf_drv_uart.o
    0x0001edfa   0x0001edfa   0x00000018   Code   RO         1623    i.tx_done_event     nrf_drv_uart.o
    0x0001ee12   0x0001ee12   0x00000002   PAD
    0x0001ee14   0x0001ee14   0x00000010   Code   RO         2311    i.uart_event_handler  nrf_log_backend_serial.o
    0x0001ee24   0x0001ee24   0x00000128   Code   RO         1624    i.uart_irq_handler  nrf_drv_uart.o
    0x0001ef4c   0x0001ef4c   0x0000002c   Code   RO         1917    i.user_op_alloc     app_timer.o
    0x0001ef78   0x0001ef78   0x00000028   Data   RO           16    .constdata          main.o
    0x0001efa0   0x0001efa0   0x00000008   Data   RO          319    .constdata          boards.o
    0x0001efa8   0x0001efa8   0x0000002c   Data   RO          427    .constdata          bsp.o
    0x0001efd4   0x0001efd4   0x00000010   Data   RO         1127    .constdata          ble_lbs_c.o
    0x0001efe4   0x0001efe4   0x00000004   Data   RO         1417    .constdata          nrf_drv_gpiote.o
    0x0001efe8   0x0001efe8   0x00000008   Data   RO         1783    .constdata          app_button.o
    0x0001eff0   0x0001eff0   0x00000028   Data   RO         2313    .constdata          nrf_log_backend_serial.o
    0x0001f018   0x0001f018   0x00000024   Data   RO         2423    .constdata          nrf_log_frontend.o
    0x0001f03c   0x0001f03c   0x00000081   Data   RO         2867    .constdata          mc_p.l(ctype_o.o)
    0x0001f0bd   0x0001f0bd   0x00000003   PAD
    0x0001f0c0   0x0001f0c0   0x00000004   Data   RO         2868    .constdata          mc_p.l(ctype_o.o)
    0x0001f0c4   0x0001f0c4   0x00000119   Data   RO           17    .conststring        main.o
    0x0001f1dd   0x0001f1dd   0x00000003   PAD
    0x0001f1e0   0x0001f1e0   0x000000c9   Data   RO          979    .conststring        ble_db_discovery.o
    0x0001f2a9   0x0001f2a9   0x00000003   PAD
    0x0001f2ac   0x0001f2ac   0x0000000f   Data   RO         2424    .conststring        nrf_log_frontend.o
    0x0001f2bb   0x0001f2bb   0x00000001   PAD
    0x0001f2bc   0x0001f2bc   0x00000046   Data   RO         2697    .conststring        softdevice_handler.o
    0x0001f302   0x0001f302   0x00000002   PAD
    0x0001f304   0x0001f304   0x00000020   Data   RO         3223    Region$$Table       anon$$obj.o


    Execution Region RW_IRAM1 (Exec base: 0x20005040, Load base: 0x0001f324, Size: 0x00002910, Max: 0x00002fc0, ABSOLUTE)

    Exec Addr    Load Addr    Size         Type   Attr      Idx    E Section Name        Object

    0x20005040   0x0001f324   0x0000001c   Data   RW           18    .data               main.o
    0x2000505c   0x0001f340   0x00000014   Data   RW          428    .data               bsp.o
    0x20005070   0x0001f354   0x00000010   Data   RW          980    .data               ble_db_discovery.o
    0x20005080   0x0001f364   0x00000008   Data   RW         1128    .data               ble_lbs_c.o
    0x20005088   0x0001f36c   0x00000014   Data   RW         1784    .data               app_button.o
    0x2000509c   0x0001f380   0x00000020   Data   RW         1918    .data               app_timer.o
    0x200050bc   0x0001f3a0   0x0000000c   Data   RW         2045    .data               app_util_platform.o
    0x200050c8   0x0001f3ac   0x0000000c   Data   RW         2314    .data               nrf_log_backend_serial.o
    0x200050d4   0x0001f3b8   0x00000004   Data   RW         2425    .data               nrf_log_frontend.o
    0x200050d8   0x0001f3bc   0x00000014   Data   RW         2698    .data               softdevice_handler.o
    0x200050ec   0x0001f3d0   0x00000004   Data   RW         2829    .data               system_nrf51.o
    0x200050f0        -       0x00001448   Zero   RW           15    .bss                main.o
    0x20006538        -       0x00000020   Zero   RW          423    .bss                bsp.o
    0x20006558        -       0x00000020   Zero   RW          424    .bss                bsp.o
    0x20006578        -       0x0000000c   Zero   RW          425    .bss                bsp.o
    0x20006584        -       0x00000020   Zero   RW          426    .bss                bsp.o
    0x200065a4        -       0x00000034   Zero   RW          849    .bss                ble_conn_state.o
    0x200065d8        -       0x000002a0   Zero   RW          978    .bss                ble_db_discovery.o
    0x20006878        -       0x000000a0   Zero   RW         1126    .bss                ble_lbs_c.o
    0x20006918        -       0x00000014   Zero   RW         1200    .bss                nrf_drv_clock.o
    0x2000692c        -       0x00000048   Zero   RW         1416    .bss                nrf_drv_gpiote.o
    0x20006974        -       0x0000001c   Zero   RW         1625    .bss                nrf_drv_uart.o
    0x20006990        -       0x00000020   Zero   RW         1782    .bss                app_button.o
    0x200069b0        -       0x00000100   Zero   RW         2312    .bss                nrf_log_backend_serial.o
    0x20006ab0        -       0x00000418   Zero   RW         2422    .bss                nrf_log_frontend.o
    0x20006ec8        -       0x00000288   Zero   RW         2552    .bss                segger_rtt.o
    0x20007150        -       0x00000800   Zero   RW         2817    STACK               arm_startup_nrf51.o


==============================================================================

Image component sizes


      Code (inc. data)   RO Data    RW Data    ZI Data      Debug   Object Name

       372         42          8         20         32      10083   app_button.o
        24          4          0          0          0       2305   app_error.o
        76         36          0          0          0       7166   app_error_weak.o
      1608        158          0         32          0      44291   app_timer.o
       104         20          0         12          0       6646   app_util_platform.o
        56         18        192          0       2048        760   arm_startup_nrf51.o
       268         14          0          0         52       3963   ble_conn_state.o
      1690        188        201         16        672      16279   ble_db_discovery.o
       622         56         16          8        160       8482   ble_lbs_c.o
       280         44          8          0          0      11633   boards.o
       586         54         44         20        108       9213   bsp.o
      1750        506        321         28       5192     105173   main.o
       276         38          0          0         20      12444   nrf_drv_clock.o
        96         18          0          0          0       7364   nrf_drv_common.o
      1226        110          4          0         72      30122   nrf_drv_gpiote.o
      1178         50          0          0         28      36029   nrf_drv_uart.o
       950         76         40         12        256      17439   nrf_log_backend_serial.o
      1134        100         51          4       1048      13982   nrf_log_frontend.o
       242          6          0          0          0       6373   sdk_mapped_flags.o
       398         44          0          0        648       8825   segger_rtt.o
       676        170         70         20          0      22751   softdevice_handler.o
       232         36          0          4          0       2551   system_nrf51.o

    ----------------------------------------------------------------------
     13864       1788        996        176      10336     383874   Object Totals
         0          0         32          0          0          0   (incl. Generated)
        20          0          9          0          0          0   (incl. Padding)

    ----------------------------------------------------------------------

      Code (inc. data)   RO Data    RW Data    ZI Data      Debug   Library Member Name

         8          4        133          0          0         60   ctype_o.o
         0          0          0          0          0          0   entry.o
         0          0          0          0          0          0   entry10a.o
         0          0          0          0          0          0   entry11a.o
         8          4          0          0          0          0   entry2.o
         4          0          0          0          0          0   entry5.o
         0          0          0          0          0          0   entry7b.o
         0          0          0          0          0          0   entry8b.o
         8          4          0          0          0          0   entry9a.o
        30          0          0          0          0          0   handlers.o
        36          8          0          0          0         68   init.o
         0          0          0          0          0          0   iusefp.o
        32          0          0          0          0         68   llshl.o
        34          0          0          0          0         68   llushr.o
        26          0          0          0          0         72   memcmp.o
        36          0          0          0          0         60   memcpya.o
        36          0          0          0          0        100   memseta.o
      1214         50          0          0          0        384   printf8.o
        18          0          0          0          0         60   strcpy.o
        14          0          0          0          0         60   strlen.o
        44          0          0          0          0         72   uidiv.o
        96          0          0          0          0         84   uldiv.o
       178          0          0          0          0        108   fadd.o
       124          0          0          0          0         72   fdiv.o
       130          0          0          0          0        144   fepilogue.o
        50          0          0          0          0         60   ffixi.o
        40          0          0          0          0         60   ffixui.o
        22          0          0          0          0         68   fflti.o

    ----------------------------------------------------------------------
      2192         70        136          0          0       1668   Library Totals
         4          0          3          0          0          0   (incl. Padding)

    ----------------------------------------------------------------------

      Code (inc. data)   RO Data    RW Data    ZI Data      Debug   Library Name

      1644         70        133          0          0       1156   mc_p.l
       544          0          0          0          0        512   mf_p.l

    ----------------------------------------------------------------------
      2192         70        136          0          0       1668   Library Totals

    ----------------------------------------------------------------------

==============================================================================


      Code (inc. data)   RO Data    RW Data    ZI Data      Debug   

     16056       1858       1132        176      10336     377686   Grand Totals
     16056       1858       1132        176      10336     377686   ELF Image Totals
     16056       1858       1132        176          0          0   ROM Totals

==============================================================================

    Total RO  Size (Code + RO Data)                17188 (  16.79kB)
    Total RW  Size (RW Data + ZI Data)             10512 (  10.27kB)
    Total ROM Size (Code + RO Data + RW Data)      17364 (  16.96kB)

==============================================================================

